******************************************************************************
                  TI ARM Linker Unix v18.1.2                   
******************************************************************************
>> Linked Wed Nov 28 18:06:50 2018

OUTPUT FILE NAME:   <Final_.out>
ENTRY POINT SYMBOL: "_c_int00_noargs"  address: 000038a9


MEMORY CONFIGURATION

         name            origin    length      used     unused   attr    fill
----------------------  --------  ---------  --------  --------  ----  --------
  MAIN                  00000000   00040000  00003d85  0003c27b  R  X
  INFO                  00200000   00004000  00000000  00004000  R  X
  SRAM_CODE             01000000   00010000  00000a3f  0000f5c1  RW X
  SRAM_DATA             20000000   00010000  00000a3f  0000f5c1  RW  


SEGMENT ALLOCATION MAP

run origin  load origin   length   init length attrs members
----------  ----------- ---------- ----------- ----- -------
00000000    00000000    00003d88   00003d88    r-x
  00000000    00000000    000000e4   000000e4    r-- .intvecs
  000000e4    000000e4    00003af8   00003af8    r-x .text
  00003bdc    00003bdc    00000101   00000101    r-- .const
  00003ce0    00003ce0    000000a8   000000a8    r-- .cinit
20000000    20000000    00000840   00000000    rw-
  20000000    20000000    00000400   00000000    rw- .sysmem
  20000400    20000400    0000022f   00000000    rw- .bss
  20000630    20000630    00000210   00000000    rw- .data
2000fe00    2000fe00    00000200   00000000    rw-
  2000fe00    2000fe00    00000200   00000000    rw- .stack


SECTION ALLOCATION MAP

 output                                  attributes/
section   page    origin      length       input sections
--------  ----  ----------  ----------   ----------------
.intvecs   0    00000000    000000e4     
                  00000000    000000e4     startup_msp432p401r_ccs.obj (.intvecs:retain)

.text      0    000000e4    00003af8     
                  000000e4    00000e1c     Final_Project.obj (.text)
                  00000f00    00000a5e     rtsv7M4_T_le_v4SPD16_eabi.lib : _printfi.c.obj (.text:__TI_printfi)
                  0000195e    00000002                                   : _lock.c.obj (.text:_nop)
                  00001960    00000334     system_msp432p401r.obj (.text)
                  00001c94    00000270     rtsv7M4_T_le_v4SPD16_eabi.lib : _printfi.c.obj (.text:_pconv_a)
                  00001f04    000001d0                                   : _printfi.c.obj (.text:_pconv_g)
                  000020d4    000001b6                                   : fd_add_t2.asm.obj (.text)
                  0000228a    00000002                                   : div0.asm.obj (.text)
                  0000228c    0000013c                                   : _printfi.c.obj (.text:_pconv_e)
                  000023c8    00000136                                   : fd_div_t2.asm.obj (.text)
                  000024fe    00000002     --HOLE-- [fill = 0]
                  00002500    00000120                                   : _printfi.c.obj (.text:fcvt)
                  00002620    00000114                                   : fputs.c.obj (.text:fputs)
                  00002734    00000110                                   : s_scalbn.c.obj (.text:scalbn)
                  00002844    000000fc                                   : fd_mul_t2.asm.obj (.text)
                  00002940    000000dc                                   : setvbuf.c.obj (.text:setvbuf)
                  00002a1c    000000d8                                   : memory.c.obj (.text:free)
                  00002af4    000000b1                                   : _printfi.c.obj (.text:_ltostr)
                  00002ba5    00000001     --HOLE-- [fill = 0]
                  00002ba6    0000009c                                   : memcpy_t2.asm.obj (.text)
                  00002c42    00000096                                   : ull_div_t2.asm.obj (.text)
                  00002cd8    0000008c                                   : fputc.c.obj (.text:fputc)
                  00002d64    00000086                                   : fd_cmp_t2.asm.obj (.text:__aeabi_cdcmple)
                  00002dea    00000086                                   : fd_cmp_t2.asm.obj (.text:__aeabi_cdrcmple)
                  00002e70    0000007a                                   : memset_t2.asm.obj (.text)
                  00002eea    00000002     --HOLE-- [fill = 0]
                  00002eec    00000078                                   : memory.c.obj (.text:malloc)
                  00002f64    00000074                                   : fclose.c.obj (.text:__TI_closefile)
                  00002fd8    0000006e                                   : _printfi.c.obj (.text:_mcpy)
                  00003046    00000002     --HOLE-- [fill = 0]
                  00003048    00000068                                   : hostlseek.c.obj (.text:HOSTlseek)
                  000030b0    00000068                                   : hostrename.c.obj (.text:HOSTrename)
                  00003118    00000068                                   : copy_decompress_lzss.c.obj (.text:decompress:lzss:__TI_decompress_lzss)
                  00003180    00000068                                   : printf.c.obj (.text:printf)
                  000031e8    00000064                                   : s_frexp.c.obj (.text:frexp)
                  0000324c    00000064                                   : fseek.c.obj (.text:fseek)
                  000032b0    00000062                                   : _io_perm.c.obj (.text:__TI_wrt_ok)
                  00003312    00000002     --HOLE-- [fill = 0]
                  00003314    00000060                                   : hostopen.c.obj (.text:HOSTopen)
                  00003374    0000005c                                   : close.c.obj (.text:close)
                  000033d0    00000058                                   : hostread.c.obj (.text:HOSTread)
                  00003428    00000058                                   : hostwrite.c.obj (.text:HOSTwrite)
                  00003480    00000056                                   : _printfi.c.obj (.text:_pconv_f)
                  000034d6    00000054                                   : ltoa.c.obj (.text:ltoa)
                  0000352a    00000052                                   : _printfi.c.obj (.text:_ecpy)
                  0000357c    0000004c                                   : fflush.c.obj (.text:__TI_doflush)
                  000035c8    0000004c                                   : atoi.c.obj (.text:atoi)
                  00003614    00000048                                   : exit.c.obj (.text:exit)
                  0000365c    00000048                                   : fd_toi_t2.asm.obj (.text)
                  000036a4    00000044                                   : hostclose.c.obj (.text:HOSTclose)
                  000036e8    00000044                                   : hostunlink.c.obj (.text:HOSTunlink)
                  0000372c    00000044                                   : autoinit.c.obj (.text:__TI_auto_init_nobinit_nopinit:__TI_auto_init_nobinit_nopinit)
                  00003770    00000044                                   : getdevice.c.obj (.text:getdevice)
                  000037b4    00000040                                   : sprintf.c.obj (.text:sprintf)
                  000037f4    0000003e                                   : _printfi.c.obj (.text:_fcpy)
                  00003832    00000002     --HOLE-- [fill = 0]
                  00003834    0000003c                                   : memory.c.obj (.text:minsert)
                  00003870    00000038                                   : trgmsg.c.obj (.text:__TI_writemsg)
                  000038a8    00000038                                   : boot_cortex_m.c.obj (.text:_c_int00_noargs:_c_int00_noargs)
                  000038e0    00000038                                   : memory.c.obj (.text:minit)
                  00003918    00000036                                   : strncpy.c.obj (.text:strncpy)
                  0000394e    00000002     --HOLE-- [fill = 0]
                  00003950    00000034                                   : fopen.c.obj (.text:__TI_cleanup)
                  00003984    00000034                                   : trgmsg.c.obj (.text:__TI_readmsg)
                  000039b8    00000030                                   : getdevice.c.obj (.text:finddevice)
                  000039e8    0000002e                                   : i_tofd_t2.asm.obj (.text)
                  00003a16    00000002     --HOLE-- [fill = 0]
                  00003a18    0000002c                                   : unlink.c.obj (.text:unlink)
                  00003a44    00000028                                   : lseek.c.obj (.text:lseek)
                  00003a6c    00000028                                   : memory.c.obj (.text:mremove)
                  00003a94    00000028                                   : write.c.obj (.text:write)
                  00003abc    00000020                                   : memchr.c.obj (.text:memchr)
                  00003adc    0000001c                                   : memccpy.c.obj (.text:memccpy)
                  00003af8    00000018                                   : sprintf.c.obj (.text:_outs)
                  00003b10    00000018                                   : strcmp.c.obj (.text:strcmp)
                  00003b28    00000016                                   : strchr.c.obj (.text:strchr)
                  00003b3e    00000014                                   : s_copysign.c.obj (.text:copysign)
                  00003b52    00000014                                   : strcpy.c.obj (.text:strcpy)
                  00003b66    00000014                                   : strlen.c.obj (.text:strlen)
                  00003b7a    00000012                                   : copy_zero_init.c.obj (.text:decompress:ZI:__TI_zero_init_nomemset:__TI_zero_init_nomemset)
                  00003b8c    00000012                                   : wcslen.c.obj (.text:wcslen)
                  00003b9e    0000000e                                   : copy_decompress_none.c.obj (.text:decompress:none:__TI_decompress_none)
                  00003bac    0000000e     startup_msp432p401r_ccs.obj (.text)
                  00003bba    0000000a     rtsv7M4_T_le_v4SPD16_eabi.lib : sprintf.c.obj (.text:_outc)
                  00003bc4    00000008                                   : errno.c.obj (.text:__aeabi_errno_addr)
                  00003bcc    00000004                                   : printf.c.obj (.text:_outc)
                  00003bd0    00000004                                   : printf.c.obj (.text:_outs)
                  00003bd4    00000004                                   : pre_init.c.obj (.text:_system_pre_init)
                  00003bd8    00000004                                   : exit.c.obj (.text:abort:abort)

.const     0    00003bdc    00000101     
                  00003bdc    00000101     rtsv7M4_T_le_v4SPD16_eabi.lib : ctype.c.obj (.const:.string:_ctypes_)

.cinit     0    00003ce0    000000a8     
                  00003ce0    00000083     (.cinit..data.load) [load image, compression = lzss]
                  00003d63    00000001     --HOLE-- [fill = 0]
                  00003d64    0000000c     (__TI_handler_table)
                  00003d70    00000008     (.cinit..bss.load) [load image, compression = zero_init]
                  00003d78    00000010     (__TI_cinit_table)

.init_array 
*          0    00000000    00000000     UNINITIALIZED

.binit     0    00000000    00000000     

.sysmem    0    20000000    00000400     UNINITIALIZED
                  20000000    00000008     rtsv7M4_T_le_v4SPD16_eabi.lib : memory.c.obj (.sysmem)
                  20000008    000003f8     --HOLE--

.bss       0    20000400    0000022f     UNINITIALIZED
                  20000400    00000120     rtsv7M4_T_le_v4SPD16_eabi.lib : trgmsg.c.obj (.bss:_CIOBUF_)
                  20000520    000000a0     (.common:__TI_tmpnams)
                  200005c0    00000064     (.common:INPUT_BUFFER)
                  20000624    00000008     (.common:parmbuf)
                  2000062c    00000001     (.common:hours)
                  2000062d    00000001     (.common:mins)
                  2000062e    00000001     (.common:secs)

.data      0    20000630    00000210     UNINITIALIZED
                  20000630    000000f0     rtsv7M4_T_le_v4SPD16_eabi.lib : defs.c.obj (.data:_ftable)
                  20000720    00000078                                   : write.c.obj (.data:_device)
                  20000798    00000050                                   : write.c.obj (.data:_stream)
                  200007e8    00000020     Final_Project.obj (.data)
                  20000808    00000010     rtsv7M4_T_le_v4SPD16_eabi.lib : defs.c.obj (.data)
                  20000818    0000000c                                   : exit.c.obj (.data:$O1$$)
                  20000824    0000000c                                   : memory.c.obj (.data:$O1$$)
                  20000830    00000008                                   : _lock.c.obj (.data:$O1$$)
                  20000838    00000004                                   : errno.c.obj (.data)
                  2000083c    00000004     system_msp432p401r.obj (.data)

.stack     0    2000fe00    00000200     UNINITIALIZED
                  2000fe00    00000004     rtsv7M4_T_le_v4SPD16_eabi.lib : boot_cortex_m.c.obj (.stack)
                  2000fe04    000001fc     --HOLE--

MODULE SUMMARY

       Module                        code    ro data   rw data
       ------                        ----    -------   -------
    ./
       Final_Project.obj             3612    0         270    
       system_msp432p401r.obj        820     0         8      
       startup_msp432p401r_ccs.obj   14      228       0      
    +--+-----------------------------+-------+---------+---------+
       Total:                        4446    228       278    
                                                              
    /Applications/ti/ccsv8/tools/compiler/ti-cgt-arm_18.1.2.LTS/lib/rtsv7M4_T_le_v4SPD16_eabi.lib
       _printfi.c.obj                4863    0         0      
       defs.c.obj                    0       0         832    
       trgmsg.c.obj                  108     0         576    
       memory.c.obj                  492     0         24     
       write.c.obj                   40      0         400    
       fd_add_t2.asm.obj             438     0         0      
       fd_div_t2.asm.obj             310     0         0      
       fputs.c.obj                   276     0         0      
       s_scalbn.c.obj                272     0         0      
       fd_cmp_t2.asm.obj             268     0         0      
       ctype.c.obj                   0       257       0      
       fd_mul_t2.asm.obj             252     0         0      
       setvbuf.c.obj                 220     0         0      
       memcpy_t2.asm.obj             156     0         0      
       ull_div_t2.asm.obj            150     0         0      
       fputc.c.obj                   140     0         0      
       memset_t2.asm.obj             122     0         0      
       fclose.c.obj                  116     0         0      
       getdevice.c.obj               116     0         0      
       hostopen.c.obj                96      0         16     
       printf.c.obj                  112     0         0      
       copy_decompress_lzss.c.obj    104     0         0      
       hostlseek.c.obj               104     0         0      
       hostrename.c.obj              104     0         0      
       exit.c.obj                    76      0         24     
       fseek.c.obj                   100     0         0      
       s_frexp.c.obj                 100     0         0      
       _io_perm.c.obj                98      0         0      
       sprintf.c.obj                 98      0         0      
       close.c.obj                   92      0         0      
       hostread.c.obj                88      0         0      
       hostwrite.c.obj               88      0         0      
       ltoa.c.obj                    84      0         0      
       atoi.c.obj                    76      0         0      
       fflush.c.obj                  76      0         0      
       fd_toi_t2.asm.obj             72      0         0      
       autoinit.c.obj                68      0         0      
       hostclose.c.obj               68      0         0      
       hostunlink.c.obj              68      0         0      
       boot_cortex_m.c.obj           56      0         0      
       strncpy.c.obj                 54      0         0      
       fopen.c.obj                   52      0         0      
       i_tofd_t2.asm.obj             46      0         0      
       unlink.c.obj                  44      0         0      
       lseek.c.obj                   40      0         0      
       memchr.c.obj                  32      0         0      
       memccpy.c.obj                 28      0         0      
       strcmp.c.obj                  24      0         0      
       strchr.c.obj                  22      0         0      
       s_copysign.c.obj              20      0         0      
       strcpy.c.obj                  20      0         0      
       strlen.c.obj                  20      0         0      
       _lock.c.obj                   2       0         16     
       copy_zero_init.c.obj          18      0         0      
       wcslen.c.obj                  18      0         0      
       errno.c.obj                   8       0         8      
       copy_decompress_none.c.obj    14      0         0      
       pre_init.c.obj                4       0         0      
       div0.asm.obj                  2       0         0      
    +--+-----------------------------+-------+---------+---------+
       Total:                        10635   257       1896   
                                                              
       Heap:                         0       0         2048   
       Stack:                        0       0         1024   
       Linker Generated:             0       167       0      
    +--+-----------------------------+-------+---------+---------+
       Grand Total:                  15081   652       5246   


LINKER GENERATED COPY TABLES

__TI_cinit_table @ 00003d78 records: 2, size/record: 8, table size: 16
	.data: load addr=00003ce0, load size=00000083 bytes, run addr=20000630, run size=00000210 bytes, compression=lzss
	.bss: load addr=00003d70, load size=00000008 bytes, run addr=20000400, run size=0000022f bytes, compression=zero_init


LINKER GENERATED HANDLER TABLE

__TI_handler_table @ 00003d64 records: 3, size/record: 4, table size: 12
	index: 0, handler: __TI_decompress_lzss
	index: 1, handler: __TI_decompress_none
	index: 2, handler: __TI_zero_init


GLOBAL SYMBOLS: SORTED ALPHABETICALLY BY Name 

address   name                           
-------   ----                           
00003bb9  ADC14_IRQHandler               
00003bb9  AES256_IRQHandler              
200007fc  Ahours                         
200007fd  Amins                          
00003bb9  BusFault_Handler               
00000bcf  Byte                           
00003bd9  C$$EXIT                        
0000389f  C$$IO$$                        
00003bb9  COMP_E0_IRQHandler             
00003bb9  COMP_E1_IRQHandler             
00003bb9  CS_IRQHandler                  
00003bb9  DMA_ERR_IRQHandler             
00003bb9  DMA_INT0_IRQHandler            
00003bb9  DMA_INT1_IRQHandler            
00003bb9  DMA_INT2_IRQHandler            
00003bb9  DMA_INT3_IRQHandler            
00003bb9  DebugMon_Handler               
00003bb9  Default_Handler                
00000d49  EUSCIA0_IRQHandler             
00000d49  EUSCIA0_IRQHandler             
00003bb9  EUSCIA1_IRQHandler             
00003bb9  EUSCIA2_IRQHandler             
00003bb9  EUSCIA3_IRQHandler             
00003bb9  EUSCIB0_IRQHandler             
00003bb9  EUSCIB1_IRQHandler             
00003bb9  EUSCIB2_IRQHandler             
00003bb9  EUSCIB3_IRQHandler             
00003bb9  FLCTL_IRQHandler               
00003bb9  FPU_IRQHandler                 
000036a5  HOSTclose                      
00003049  HOSTlseek                      
00003315  HOSTopen                       
000033d1  HOSTread                       
000030b1  HOSTrename                     
000036e9  HOSTunlink                     
00003429  HOSTwrite                      
00003bb9  HardFault_Handler              
200005c0  INPUT_BUFFER                   
00000aa1  LCD_init                       
00000c3f  LCD_pin_init                   
00003bb9  MemManage_Handler              
00003bb9  NMI_Handler                    
00000c09  Nibble                         
00003bb9  PCM_IRQHandler                 
00003bb9  PORT1_IRQHandler               
00003bb9  PORT2_IRQHandler               
00003bb9  PORT3_IRQHandler               
00003bb9  PORT4_IRQHandler               
00003bb9  PORT5_IRQHandler               
00003bb9  PORT6_IRQHandler               
00003bb9  PSS_IRQHandler                 
00003bb9  PendSV_Handler                 
00000b77  PulseEnablePin                 
000009f5  RTC_C_IRQHandler               
000009f5  RTC_C_IRQHandler               
00000951  RTC_Init                       
00003bad  Reset_Handler                  
00003bb9  SVC_Handler                    
200007fe  Shours                         
200007ff  Smins                          
20000800  Ssecs                          
00003bb9  SysTick_Handler                
00000cdd  SysTick_Init                   
2000083c  SystemCoreClock                
00001961  SystemCoreClockUpdate          
00001bd9  SystemInit                     
00000d15  Systick_ms_delay               
00000caf  Systick_us_delay               
00003bb9  T32_INT1_IRQHandler            
00003bb9  T32_INT2_IRQHandler            
00003bb9  T32_INTC_IRQHandler            
00003bb9  TA0_0_IRQHandler               
00003bb9  TA0_N_IRQHandler               
00003bb9  TA1_0_IRQHandler               
00003bb9  TA1_N_IRQHandler               
00003bb9  TA2_0_IRQHandler               
00003bb9  TA2_N_IRQHandler               
00003bb9  TA3_0_IRQHandler               
00003bb9  TA3_N_IRQHandler               
00003bb9  UsageFault_Handler             
4000480c  WDTCTL_SYM                     
00003bb9  WDT_A_IRQHandler               
20000400  __CIOBUF_                      
20010000  __STACK_END                    
00000200  __STACK_SIZE                   
00000400  __SYSMEM_SIZE                  
00003d78  __TI_CINIT_Base                
00003d88  __TI_CINIT_Limit               
00003d64  __TI_Handler_Table_Base        
00003d70  __TI_Handler_Table_Limit       
0000372d  __TI_auto_init_nobinit_nopinit 
00003951  __TI_cleanup                   
20000818  __TI_cleanup_ptr               
00002f65  __TI_closefile                 
00003119  __TI_decompress_lzss           
00003b9f  __TI_decompress_none           
0000357d  __TI_doflush                   
2000081c  __TI_dtors_ptr                 
20000820  __TI_enable_exit_profile_output
20000808  __TI_ft_end                    
ffffffff  __TI_pprof_out_hndl            
00000f01  __TI_printfi                   
ffffffff  __TI_prof_data_size            
ffffffff  __TI_prof_data_start           
00003985  __TI_readmsg                   
00000000  __TI_static_base__             
20000520  __TI_tmpnams                   
00003871  __TI_writemsg                  
000032b1  __TI_wrt_ok                    
00003b7b  __TI_zero_init_nomemset        
00002d65  __aeabi_cdcmpeq                
00002d65  __aeabi_cdcmple                
00002deb  __aeabi_cdrcmple               
0000365d  __aeabi_d2iz                   
000020df  __aeabi_dadd                   
000023c9  __aeabi_ddiv                   
00002845  __aeabi_dmul                   
000020d5  __aeabi_dsub                   
00003bc5  __aeabi_errno_addr             
000039e9  __aeabi_i2d                    
0000228b  __aeabi_idiv0                  
0000228b  __aeabi_ldiv0                  
00002e71  __aeabi_memclr                 
00002e71  __aeabi_memclr4                
00002e71  __aeabi_memclr8                
00002ba7  __aeabi_memcpy                 
00002ba7  __aeabi_memcpy4                
00002ba7  __aeabi_memcpy8                
00002e73  __aeabi_memset                 
00002e73  __aeabi_memset4                
00002e73  __aeabi_memset8                
20000814  __aeabi_stderr                 
2000080c  __aeabi_stdin                  
20000810  __aeabi_stdout                 
00002c43  __aeabi_uldivmod               
ffffffff  __binit__                      
ffffffff  __c_args__                     
UNDEFED   __mpu_init                     
2000fe00  __stack                        
000038a9  _c_int00_noargs                
00003bdc  _ctypes_                       
20000720  _device                        
20000630  _ftable                        
20000830  _lock                          
0000195f  _nop                           
20000798  _stream                        
20000000  _sys_memory                    
UNDEFED   _system_post_cinit             
00003bd5  _system_pre_init               
20000834  _unlock                        
00003bd9  abort                          
200007f8  alarm_update                   
000035c9  atoi                           
200007f0  b                              
ffffffff  binit                          
00003375  close                          
00003b3f  copysign                       
00003b3f  copysignl                      
00000b45  dataWrite                      
20000838  errno                          
00003615  exit                           
000039b9  finddevice                     
00002cd9  fputc                          
00002621  fputs                          
00002a1d  free                           
000031e9  frexp                          
000031e9  frexpl                         
0000324d  fseek                          
00003771  getdevice                      
2000062c  hours                          
00000000  interruptVectors               
00002735  ldexp                          
00002735  ldexpl                         
00003a45  lseek                          
000034d7  ltoa                           
00000115  main                           
00002eed  malloc                         
00003add  memccpy                        
00003abd  memchr                         
00002ba7  memcpy                         
00002e79  memset                         
000038e1  minit                          
2000062d  mins                           
200007ec  newcom                         
20000624  parmbuf                        
00003181  printf                         
00002cd9  putc                           
00000dcd  readInput                      
200007e9  read_location                  
00003a19  remove                         
00002735  scalbn                         
00002735  scalbnl                        
2000062e  secs                           
00000e41  setupSerial                    
00002941  setvbuf                        
000037b5  sprintf                        
200007e8  storage_location               
00003b29  strchr                         
00003b11  strcmp                         
00003b53  strcpy                         
00003b67  strlen                         
00003919  strncpy                        
200007f4  time_update                    
00003a19  unlink                         
00003b8d  wcslen                         
00003a95  write                          
00000d91  writeOutput                    
00000b21  write_command                  


GLOBAL SYMBOLS: SORTED BY Symbol Address 

address   name                           
-------   ----                           
00000000  __TI_static_base__             
00000000  interruptVectors               
00000115  main                           
00000200  __STACK_SIZE                   
00000400  __SYSMEM_SIZE                  
00000951  RTC_Init                       
000009f5  RTC_C_IRQHandler               
000009f5  RTC_C_IRQHandler               
00000aa1  LCD_init                       
00000b21  write_command                  
00000b45  dataWrite                      
00000b77  PulseEnablePin                 
00000bcf  Byte                           
00000c09  Nibble                         
00000c3f  LCD_pin_init                   
00000caf  Systick_us_delay               
00000cdd  SysTick_Init                   
00000d15  Systick_ms_delay               
00000d49  EUSCIA0_IRQHandler             
00000d49  EUSCIA0_IRQHandler             
00000d91  writeOutput                    
00000dcd  readInput                      
00000e41  setupSerial                    
00000f01  __TI_printfi                   
0000195f  _nop                           
00001961  SystemCoreClockUpdate          
00001bd9  SystemInit                     
000020d5  __aeabi_dsub                   
000020df  __aeabi_dadd                   
0000228b  __aeabi_idiv0                  
0000228b  __aeabi_ldiv0                  
000023c9  __aeabi_ddiv                   
00002621  fputs                          
00002735  ldexp                          
00002735  ldexpl                         
00002735  scalbn                         
00002735  scalbnl                        
00002845  __aeabi_dmul                   
00002941  setvbuf                        
00002a1d  free                           
00002ba7  __aeabi_memcpy                 
00002ba7  __aeabi_memcpy4                
00002ba7  __aeabi_memcpy8                
00002ba7  memcpy                         
00002c43  __aeabi_uldivmod               
00002cd9  fputc                          
00002cd9  putc                           
00002d65  __aeabi_cdcmpeq                
00002d65  __aeabi_cdcmple                
00002deb  __aeabi_cdrcmple               
00002e71  __aeabi_memclr                 
00002e71  __aeabi_memclr4                
00002e71  __aeabi_memclr8                
00002e73  __aeabi_memset                 
00002e73  __aeabi_memset4                
00002e73  __aeabi_memset8                
00002e79  memset                         
00002eed  malloc                         
00002f65  __TI_closefile                 
00003049  HOSTlseek                      
000030b1  HOSTrename                     
00003119  __TI_decompress_lzss           
00003181  printf                         
000031e9  frexp                          
000031e9  frexpl                         
0000324d  fseek                          
000032b1  __TI_wrt_ok                    
00003315  HOSTopen                       
00003375  close                          
000033d1  HOSTread                       
00003429  HOSTwrite                      
000034d7  ltoa                           
0000357d  __TI_doflush                   
000035c9  atoi                           
00003615  exit                           
0000365d  __aeabi_d2iz                   
000036a5  HOSTclose                      
000036e9  HOSTunlink                     
0000372d  __TI_auto_init_nobinit_nopinit 
00003771  getdevice                      
000037b5  sprintf                        
00003871  __TI_writemsg                  
0000389f  C$$IO$$                        
000038a9  _c_int00_noargs                
000038e1  minit                          
00003919  strncpy                        
00003951  __TI_cleanup                   
00003985  __TI_readmsg                   
000039b9  finddevice                     
000039e9  __aeabi_i2d                    
00003a19  remove                         
00003a19  unlink                         
00003a45  lseek                          
00003a95  write                          
00003abd  memchr                         
00003add  memccpy                        
00003b11  strcmp                         
00003b29  strchr                         
00003b3f  copysign                       
00003b3f  copysignl                      
00003b53  strcpy                         
00003b67  strlen                         
00003b7b  __TI_zero_init_nomemset        
00003b8d  wcslen                         
00003b9f  __TI_decompress_none           
00003bad  Reset_Handler                  
00003bb9  ADC14_IRQHandler               
00003bb9  AES256_IRQHandler              
00003bb9  BusFault_Handler               
00003bb9  COMP_E0_IRQHandler             
00003bb9  COMP_E1_IRQHandler             
00003bb9  CS_IRQHandler                  
00003bb9  DMA_ERR_IRQHandler             
00003bb9  DMA_INT0_IRQHandler            
00003bb9  DMA_INT1_IRQHandler            
00003bb9  DMA_INT2_IRQHandler            
00003bb9  DMA_INT3_IRQHandler            
00003bb9  DebugMon_Handler               
00003bb9  Default_Handler                
00003bb9  EUSCIA1_IRQHandler             
00003bb9  EUSCIA2_IRQHandler             
00003bb9  EUSCIA3_IRQHandler             
00003bb9  EUSCIB0_IRQHandler             
00003bb9  EUSCIB1_IRQHandler             
00003bb9  EUSCIB2_IRQHandler             
00003bb9  EUSCIB3_IRQHandler             
00003bb9  FLCTL_IRQHandler               
00003bb9  FPU_IRQHandler                 
00003bb9  HardFault_Handler              
00003bb9  MemManage_Handler              
00003bb9  NMI_Handler                    
00003bb9  PCM_IRQHandler                 
00003bb9  PORT1_IRQHandler               
00003bb9  PORT2_IRQHandler               
00003bb9  PORT3_IRQHandler               
00003bb9  PORT4_IRQHandler               
00003bb9  PORT5_IRQHandler               
00003bb9  PORT6_IRQHandler               
00003bb9  PSS_IRQHandler                 
00003bb9  PendSV_Handler                 
00003bb9  SVC_Handler                    
00003bb9  SysTick_Handler                
00003bb9  T32_INT1_IRQHandler            
00003bb9  T32_INT2_IRQHandler            
00003bb9  T32_INTC_IRQHandler            
00003bb9  TA0_0_IRQHandler               
00003bb9  TA0_N_IRQHandler               
00003bb9  TA1_0_IRQHandler               
00003bb9  TA1_N_IRQHandler               
00003bb9  TA2_0_IRQHandler               
00003bb9  TA2_N_IRQHandler               
00003bb9  TA3_0_IRQHandler               
00003bb9  TA3_N_IRQHandler               
00003bb9  UsageFault_Handler             
00003bb9  WDT_A_IRQHandler               
00003bc5  __aeabi_errno_addr             
00003bd5  _system_pre_init               
00003bd9  C$$EXIT                        
00003bd9  abort                          
00003bdc  _ctypes_                       
00003d64  __TI_Handler_Table_Base        
00003d70  __TI_Handler_Table_Limit       
00003d78  __TI_CINIT_Base                
00003d88  __TI_CINIT_Limit               
20000000  _sys_memory                    
20000400  __CIOBUF_                      
20000520  __TI_tmpnams                   
200005c0  INPUT_BUFFER                   
20000624  parmbuf                        
2000062c  hours                          
2000062d  mins                           
2000062e  secs                           
20000630  _ftable                        
20000720  _device                        
20000798  _stream                        
200007e8  storage_location               
200007e9  read_location                  
200007ec  newcom                         
200007f0  b                              
200007f4  time_update                    
200007f8  alarm_update                   
200007fc  Ahours                         
200007fd  Amins                          
200007fe  Shours                         
200007ff  Smins                          
20000800  Ssecs                          
20000808  __TI_ft_end                    
2000080c  __aeabi_stdin                  
20000810  __aeabi_stdout                 
20000814  __aeabi_stderr                 
20000818  __TI_cleanup_ptr               
2000081c  __TI_dtors_ptr                 
20000820  __TI_enable_exit_profile_output
20000830  _lock                          
20000834  _unlock                        
20000838  errno                          
2000083c  SystemCoreClock                
2000fe00  __stack                        
20010000  __STACK_END                    
4000480c  WDTCTL_SYM                     
ffffffff  __TI_pprof_out_hndl            
ffffffff  __TI_prof_data_size            
ffffffff  __TI_prof_data_start           
ffffffff  __binit__                      
ffffffff  __c_args__                     
ffffffff  binit                          
UNDEFED   __mpu_init                     
UNDEFED   _system_post_cinit             

[208 symbols]
