******************************************************************************
                  TI ARM Linker PC v18.1.3                     
******************************************************************************
>> Linked Mon Dec  3 21:39:17 2018

OUTPUT FILE NAME:   <Final_.out>
ENTRY POINT SYMBOL: "_c_int00_noargs"  address: 00005105


MEMORY CONFIGURATION

         name            origin    length      used     unused   attr    fill
----------------------  --------  ---------  --------  --------  ----  --------
  MAIN                  00000000   00040000  000055e1  0003aa1f  R  X
  INFO                  00200000   00004000  00000000  00004000  R  X
  SRAM_CODE             01000000   00010000  00000a64  0000f59c  RW X
  SRAM_DATA             20000000   00010000  00000a64  0000f59c  RW  


SEGMENT ALLOCATION MAP

run origin  load origin   length   init length attrs members
----------  ----------- ---------- ----------- ----- -------
00000000    00000000    000055e8   000055e8    r-x
  00000000    00000000    000000e4   000000e4    r-- .intvecs
  000000e4    000000e4    00005354   00005354    r-x .text
  00005438    00005438    00000101   00000101    r-- .const
  00005540    00005540    000000a8   000000a8    r-- .cinit
20000000    20000000    00000864   00000000    rw-
  20000000    20000000    00000400   00000000    rw- .sysmem
  20000400    20000400    00000238   00000000    rw- .data
  20000638    20000638    0000022c   00000000    rw- .bss
2000fe00    2000fe00    00000200   00000000    rw-
  2000fe00    2000fe00    00000200   00000000    rw- .stack


SECTION ALLOCATION MAP

 output                                  attributes/
section   page    origin      length       input sections
--------  ----  ----------  ----------   ----------------
.intvecs   0    00000000    000000e4     
                  00000000    000000e4     startup_msp432p401r_ccs.obj (.intvecs:retain)

.text      0    000000e4    00005354     
                  000000e4    00002678     Final_Project.obj (.text)
                  0000275c    00000a5e     rtsv7M4_T_le_v4SPD16_eabi.lib : _printfi.c.obj (.text:__TI_printfi)
                  000031ba    00000002                                   : _lock.c.obj (.text:_nop)
                  000031bc    00000334     system_msp432p401r.obj (.text)
                  000034f0    00000270     rtsv7M4_T_le_v4SPD16_eabi.lib : _printfi.c.obj (.text:_pconv_a)
                  00003760    000001d0                                   : _printfi.c.obj (.text:_pconv_g)
                  00003930    000001b6                                   : fd_add_t2.asm.obj (.text)
                  00003ae6    00000002                                   : div0.asm.obj (.text)
                  00003ae8    0000013c                                   : _printfi.c.obj (.text:_pconv_e)
                  00003c24    00000136                                   : fd_div_t2.asm.obj (.text)
                  00003d5a    00000002     --HOLE-- [fill = 0]
                  00003d5c    00000120                                   : _printfi.c.obj (.text:fcvt)
                  00003e7c    00000114                                   : fputs.c.obj (.text:fputs)
                  00003f90    00000110                                   : s_scalbn.c.obj (.text:scalbn)
                  000040a0    000000fc                                   : fd_mul_t2.asm.obj (.text)
                  0000419c    000000dc                                   : setvbuf.c.obj (.text:setvbuf)
                  00004278    000000d8                                   : memory.c.obj (.text:free)
                  00004350    000000b1                                   : _printfi.c.obj (.text:_ltostr)
                  00004401    00000001     --HOLE-- [fill = 0]
                  00004402    0000009c                                   : memcpy_t2.asm.obj (.text)
                  0000449e    00000096                                   : ull_div_t2.asm.obj (.text)
                  00004534    0000008c                                   : fputc.c.obj (.text:fputc)
                  000045c0    00000086                                   : fd_cmp_t2.asm.obj (.text:__aeabi_cdcmple)
                  00004646    00000086                                   : fd_cmp_t2.asm.obj (.text:__aeabi_cdrcmple)
                  000046cc    0000007a                                   : memset_t2.asm.obj (.text)
                  00004746    00000002     --HOLE-- [fill = 0]
                  00004748    00000078                                   : memory.c.obj (.text:malloc)
                  000047c0    00000074                                   : fclose.c.obj (.text:__TI_closefile)
                  00004834    0000006e                                   : _printfi.c.obj (.text:_mcpy)
                  000048a2    00000002     --HOLE-- [fill = 0]
                  000048a4    00000068                                   : hostlseek.c.obj (.text:HOSTlseek)
                  0000490c    00000068                                   : hostrename.c.obj (.text:HOSTrename)
                  00004974    00000068                                   : copy_decompress_lzss.c.obj (.text:decompress:lzss:__TI_decompress_lzss)
                  000049dc    00000068                                   : printf.c.obj (.text:printf)
                  00004a44    00000064                                   : s_frexp.c.obj (.text:frexp)
                  00004aa8    00000064                                   : fseek.c.obj (.text:fseek)
                  00004b0c    00000062                                   : _io_perm.c.obj (.text:__TI_wrt_ok)
                  00004b6e    00000002     --HOLE-- [fill = 0]
                  00004b70    00000060                                   : hostopen.c.obj (.text:HOSTopen)
                  00004bd0    0000005c                                   : close.c.obj (.text:close)
                  00004c2c    00000058                                   : hostread.c.obj (.text:HOSTread)
                  00004c84    00000058                                   : hostwrite.c.obj (.text:HOSTwrite)
                  00004cdc    00000056                                   : _printfi.c.obj (.text:_pconv_f)
                  00004d32    00000054                                   : ltoa.c.obj (.text:ltoa)
                  00004d86    00000052                                   : _printfi.c.obj (.text:_ecpy)
                  00004dd8    0000004c                                   : fflush.c.obj (.text:__TI_doflush)
                  00004e24    0000004c                                   : atoi.c.obj (.text:atoi)
                  00004e70    00000048                                   : exit.c.obj (.text:exit)
                  00004eb8    00000048                                   : fd_toi_t2.asm.obj (.text)
                  00004f00    00000044                                   : hostclose.c.obj (.text:HOSTclose)
                  00004f44    00000044                                   : hostunlink.c.obj (.text:HOSTunlink)
                  00004f88    00000044                                   : autoinit.c.obj (.text:__TI_auto_init_nobinit_nopinit:__TI_auto_init_nobinit_nopinit)
                  00004fcc    00000044                                   : getdevice.c.obj (.text:getdevice)
                  00005010    00000040                                   : sprintf.c.obj (.text:sprintf)
                  00005050    0000003e                                   : _printfi.c.obj (.text:_fcpy)
                  0000508e    00000002     --HOLE-- [fill = 0]
                  00005090    0000003c                                   : memory.c.obj (.text:minsert)
                  000050cc    00000038                                   : trgmsg.c.obj (.text:__TI_writemsg)
                  00005104    00000038                                   : boot_cortex_m.c.obj (.text:_c_int00_noargs:_c_int00_noargs)
                  0000513c    00000038                                   : memory.c.obj (.text:minit)
                  00005174    00000036                                   : strncpy.c.obj (.text:strncpy)
                  000051aa    00000002     --HOLE-- [fill = 0]
                  000051ac    00000034                                   : fopen.c.obj (.text:__TI_cleanup)
                  000051e0    00000034                                   : trgmsg.c.obj (.text:__TI_readmsg)
                  00005214    00000030                                   : getdevice.c.obj (.text:finddevice)
                  00005244    0000002e                                   : i_tofd_t2.asm.obj (.text)
                  00005272    00000002     --HOLE-- [fill = 0]
                  00005274    0000002c                                   : unlink.c.obj (.text:unlink)
                  000052a0    00000028                                   : lseek.c.obj (.text:lseek)
                  000052c8    00000028                                   : memory.c.obj (.text:mremove)
                  000052f0    00000028                                   : write.c.obj (.text:write)
                  00005318    00000020                                   : memchr.c.obj (.text:memchr)
                  00005338    0000001c                                   : memccpy.c.obj (.text:memccpy)
                  00005354    00000018                                   : sprintf.c.obj (.text:_outs)
                  0000536c    00000018                                   : strcmp.c.obj (.text:strcmp)
                  00005384    00000016                                   : strchr.c.obj (.text:strchr)
                  0000539a    00000014                                   : s_copysign.c.obj (.text:copysign)
                  000053ae    00000014                                   : strcpy.c.obj (.text:strcpy)
                  000053c2    00000014                                   : strlen.c.obj (.text:strlen)
                  000053d6    00000012                                   : copy_zero_init.c.obj (.text:decompress:ZI:__TI_zero_init_nomemset:__TI_zero_init_nomemset)
                  000053e8    00000012                                   : wcslen.c.obj (.text:wcslen)
                  000053fa    0000000e                                   : copy_decompress_none.c.obj (.text:decompress:none:__TI_decompress_none)
                  00005408    0000000e     startup_msp432p401r_ccs.obj (.text)
                  00005416    0000000a     rtsv7M4_T_le_v4SPD16_eabi.lib : sprintf.c.obj (.text:_outc)
                  00005420    00000008                                   : errno.c.obj (.text:__aeabi_errno_addr)
                  00005428    00000004                                   : printf.c.obj (.text:_outc)
                  0000542c    00000004                                   : printf.c.obj (.text:_outs)
                  00005430    00000004                                   : pre_init.c.obj (.text:_system_pre_init)
                  00005434    00000004                                   : exit.c.obj (.text:abort:abort)

.const     0    00005438    00000101     
                  00005438    00000101     rtsv7M4_T_le_v4SPD16_eabi.lib : ctype.c.obj (.const:.string:_ctypes_)

.cinit     0    00005540    000000a8     
                  00005540    0000007d     (.cinit..data.load) [load image, compression = lzss]
                  000055bd    00000003     --HOLE-- [fill = 0]
                  000055c0    0000000c     (__TI_handler_table)
                  000055cc    00000004     --HOLE-- [fill = 0]
                  000055d0    00000008     (.cinit..bss.load) [load image, compression = zero_init]
                  000055d8    00000010     (__TI_cinit_table)

.init_array 
*          0    00000000    00000000     UNINITIALIZED

.binit     0    00000000    00000000     

.sysmem    0    20000000    00000400     UNINITIALIZED
                  20000000    00000008     rtsv7M4_T_le_v4SPD16_eabi.lib : memory.c.obj (.sysmem)
                  20000008    000003f8     --HOLE--

.data      0    20000400    00000238     UNINITIALIZED
                  20000400    000000f0     rtsv7M4_T_le_v4SPD16_eabi.lib : defs.c.obj (.data:_ftable)
                  200004f0    00000078                                   : write.c.obj (.data:_device)
                  20000568    00000050                                   : write.c.obj (.data:_stream)
                  200005b8    00000048     Final_Project.obj (.data)
                  20000600    00000010     rtsv7M4_T_le_v4SPD16_eabi.lib : defs.c.obj (.data)
                  20000610    0000000c                                   : exit.c.obj (.data:$O1$$)
                  2000061c    0000000c                                   : memory.c.obj (.data:$O1$$)
                  20000628    00000008                                   : _lock.c.obj (.data:$O1$$)
                  20000630    00000004                                   : errno.c.obj (.data)
                  20000634    00000004     system_msp432p401r.obj (.data)

.bss       0    20000638    0000022c     UNINITIALIZED
                  20000638    00000120     rtsv7M4_T_le_v4SPD16_eabi.lib : trgmsg.c.obj (.bss:_CIOBUF_)
                  20000758    000000a0     (.common:__TI_tmpnams)
                  200007f8    00000064     (.common:INPUT_BUFFER)
                  2000085c    00000008     (.common:parmbuf)

.stack     0    2000fe00    00000200     UNINITIALIZED
                  2000fe00    00000004     rtsv7M4_T_le_v4SPD16_eabi.lib : boot_cortex_m.c.obj (.stack)
                  2000fe04    000001fc     --HOLE--

MODULE SUMMARY

       Module                        code    ro data   rw data
       ------                        ----    -------   -------
    .\
       Final_Project.obj             9848    0         344    
       system_msp432p401r.obj        820     0         8      
       startup_msp432p401r_ccs.obj   14      228       0      
    +--+-----------------------------+-------+---------+---------+
       Total:                        10682   228       352    
                                                              
    C:\ti\ccs820\ccsv8\tools\compiler\ti-cgt-arm_18.1.3.LTS\lib\rtsv7M4_T_le_v4SPD16_eabi.lib
       _printfi.c.obj                4863    0         0      
       defs.c.obj                    0       0         832    
       trgmsg.c.obj                  108     0         576    
       memory.c.obj                  492     0         24     
       write.c.obj                   40      0         400    
       fd_add_t2.asm.obj             438     0         0      
       fd_div_t2.asm.obj             310     0         0      
       fputs.c.obj                   276     0         0      
       s_scalbn.c.obj                272     0         0      
       fd_cmp_t2.asm.obj             268     0         0      
       ctype.c.obj                   0       257       0      
       fd_mul_t2.asm.obj             252     0         0      
       setvbuf.c.obj                 220     0         0      
       memcpy_t2.asm.obj             156     0         0      
       ull_div_t2.asm.obj            150     0         0      
       fputc.c.obj                   140     0         0      
       memset_t2.asm.obj             122     0         0      
       fclose.c.obj                  116     0         0      
       getdevice.c.obj               116     0         0      
       hostopen.c.obj                96      0         16     
       printf.c.obj                  112     0         0      
       copy_decompress_lzss.c.obj    104     0         0      
       hostlseek.c.obj               104     0         0      
       hostrename.c.obj              104     0         0      
       exit.c.obj                    76      0         24     
       fseek.c.obj                   100     0         0      
       s_frexp.c.obj                 100     0         0      
       _io_perm.c.obj                98      0         0      
       sprintf.c.obj                 98      0         0      
       close.c.obj                   92      0         0      
       hostread.c.obj                88      0         0      
       hostwrite.c.obj               88      0         0      
       ltoa.c.obj                    84      0         0      
       atoi.c.obj                    76      0         0      
       fflush.c.obj                  76      0         0      
       fd_toi_t2.asm.obj             72      0         0      
       autoinit.c.obj                68      0         0      
       hostclose.c.obj               68      0         0      
       hostunlink.c.obj              68      0         0      
       boot_cortex_m.c.obj           56      0         0      
       strncpy.c.obj                 54      0         0      
       fopen.c.obj                   52      0         0      
       i_tofd_t2.asm.obj             46      0         0      
       unlink.c.obj                  44      0         0      
       lseek.c.obj                   40      0         0      
       memchr.c.obj                  32      0         0      
       memccpy.c.obj                 28      0         0      
       strcmp.c.obj                  24      0         0      
       strchr.c.obj                  22      0         0      
       s_copysign.c.obj              20      0         0      
       strcpy.c.obj                  20      0         0      
       strlen.c.obj                  20      0         0      
       _lock.c.obj                   2       0         16     
       copy_zero_init.c.obj          18      0         0      
       wcslen.c.obj                  18      0         0      
       errno.c.obj                   8       0         8      
       copy_decompress_none.c.obj    14      0         0      
       pre_init.c.obj                4       0         0      
       div0.asm.obj                  2       0         0      
    +--+-----------------------------+-------+---------+---------+
       Total:                        10635   257       1896   
                                                              
       Heap:                         0       0         2048   
       Stack:                        0       0         1024   
       Linker Generated:             0       161       0      
    +--+-----------------------------+-------+---------+---------+
       Grand Total:                  21317   646       5320   


LINKER GENERATED COPY TABLES

__TI_cinit_table @ 000055d8 records: 2, size/record: 8, table size: 16
	.data: load addr=00005540, load size=0000007d bytes, run addr=20000400, run size=00000238 bytes, compression=lzss
	.bss: load addr=000055d0, load size=00000008 bytes, run addr=20000638, run size=0000022c bytes, compression=zero_init


LINKER GENERATED HANDLER TABLE

__TI_handler_table @ 000055c0 records: 3, size/record: 4, table size: 12
	index: 0, handler: __TI_decompress_lzss
	index: 1, handler: __TI_decompress_none
	index: 2, handler: __TI_zero_init


GLOBAL SYMBOLS: SORTED ALPHABETICALLY BY Name 

address   name                           
-------   ----                           
00005415  ADC14_IRQHandler               
00005415  AES256_IRQHandler              
000025b9  ALARMbutton_pressed            
200005cf  Ahours                         
200005d0  Amins                          
00005415  BusFault_Handler               
00001f99  ButAlarmRTC_Init               
00001fe1  ButTimeRTC_Init                
00002193  Byte                           
00005435  C$$EXIT                        
000050fb  C$$IO$$                        
00005415  COMP_E0_IRQHandler             
00005415  COMP_E1_IRQHandler             
00005415  CS_IRQHandler                  
00005415  DMA_ERR_IRQHandler             
00005415  DMA_INT0_IRQHandler            
00005415  DMA_INT1_IRQHandler            
00005415  DMA_INT2_IRQHandler            
00005415  DMA_INT3_IRQHandler            
00005415  DebugMon_Handler               
00005415  Default_Handler                
00002315  EUSCIA0_IRQHandler             
00002315  EUSCIA0_IRQHandler             
00005415  EUSCIA1_IRQHandler             
00005415  EUSCIA2_IRQHandler             
00005415  EUSCIA3_IRQHandler             
00005415  EUSCIB0_IRQHandler             
00005415  EUSCIB1_IRQHandler             
00005415  EUSCIB2_IRQHandler             
00005415  EUSCIB3_IRQHandler             
00005415  FLCTL_IRQHandler               
00005415  FPU_IRQHandler                 
00001f49  GeneralRTC_Init                
00004f01  HOSTclose                      
000048a5  HOSTlseek                      
00004b71  HOSTopen                       
00004c2d  HOSTread                       
0000490d  HOSTrename                     
00004f45  HOSTunlink                     
00004c85  HOSTwrite                      
00005415  HardFault_Handler              
200007f8  INPUT_BUFFER                   
000020a5  LCD_init                       
00002205  LCD_pin_init                   
00005415  MemManage_Handler              
00005415  NMI_Handler                    
000021d1  Nibble                         
00002625  ONOFFbutton_pressed            
00005415  PCM_IRQHandler                 
00005415  PORT1_IRQHandler               
00005415  PORT2_IRQHandler               
00005415  PORT3_IRQHandler               
00005415  PORT4_IRQHandler               
000026af  PORT5_IRQHandler               
000026af  PORT5_IRQHandler               
00002699  PORT6_IRQHandler               
00002699  PORT6_IRQHandler               
00005415  PSS_IRQHandler                 
00005415  PendSV_Handler                 
00002159  PulseEnablePin                 
00002031  RTC_C_IRQHandler               
00002031  RTC_C_IRQHandler               
00005409  Reset_Handler                  
00002669  SNOOZEbutton_pressed           
00005415  SVC_Handler                    
00001ed1  SerialRTC_Init                 
200005d1  Shours                         
200005d2  Smins                          
200005d3  Ssecs                          
00005415  SysTick_Handler                
000022c5  SysTick_Init                   
20000634  SystemCoreClock                
000031bd  SystemCoreClockUpdate          
00003435  SystemInit                     
000022e1  Systick_ms_delay               
00002299  Systick_us_delay               
00005415  T32_INT1_IRQHandler            
00005415  T32_INT2_IRQHandler            
00005415  T32_INTC_IRQHandler            
00005415  TA0_0_IRQHandler               
00005415  TA0_N_IRQHandler               
00005415  TA1_0_IRQHandler               
00005415  TA1_N_IRQHandler               
00005415  TA2_0_IRQHandler               
00005415  TA2_N_IRQHandler               
00005415  TA3_0_IRQHandler               
00005415  TA3_N_IRQHandler               
000025f5  TIMEbutton_pressed             
00005415  UsageFault_Handler             
4000480c  WDTCTL_SYM                     
00005415  WDT_A_IRQHandler               
20000638  __CIOBUF_                      
20010000  __STACK_END                    
00000200  __STACK_SIZE                   
00000400  __SYSMEM_SIZE                  
000055d8  __TI_CINIT_Base                
000055e8  __TI_CINIT_Limit               
000055c0  __TI_Handler_Table_Base        
000055cc  __TI_Handler_Table_Limit       
00004f89  __TI_auto_init_nobinit_nopinit 
000051ad  __TI_cleanup                   
20000610  __TI_cleanup_ptr               
000047c1  __TI_closefile                 
00004975  __TI_decompress_lzss           
000053fb  __TI_decompress_none           
00004dd9  __TI_doflush                   
20000614  __TI_dtors_ptr                 
20000618  __TI_enable_exit_profile_output
20000600  __TI_ft_end                    
ffffffff  __TI_pprof_out_hndl            
0000275d  __TI_printfi                   
ffffffff  __TI_prof_data_size            
ffffffff  __TI_prof_data_start           
000051e1  __TI_readmsg                   
00000000  __TI_static_base__             
20000758  __TI_tmpnams                   
000050cd  __TI_writemsg                  
00004b0d  __TI_wrt_ok                    
000053d7  __TI_zero_init_nomemset        
000045c1  __aeabi_cdcmpeq                
000045c1  __aeabi_cdcmple                
00004647  __aeabi_cdrcmple               
00004eb9  __aeabi_d2iz                   
0000393b  __aeabi_dadd                   
00003c25  __aeabi_ddiv                   
000040a1  __aeabi_dmul                   
00003931  __aeabi_dsub                   
00005421  __aeabi_errno_addr             
00005245  __aeabi_i2d                    
00003ae7  __aeabi_idiv0                  
00003ae7  __aeabi_ldiv0                  
000046cd  __aeabi_memclr                 
000046cd  __aeabi_memclr4                
000046cd  __aeabi_memclr8                
00004403  __aeabi_memcpy                 
00004403  __aeabi_memcpy4                
00004403  __aeabi_memcpy8                
000046cf  __aeabi_memset                 
000046cf  __aeabi_memset4                
000046cf  __aeabi_memset8                
2000060c  __aeabi_stderr                 
20000604  __aeabi_stdin                  
20000608  __aeabi_stdout                 
0000449f  __aeabi_uldivmod               
ffffffff  __binit__                      
ffffffff  __c_args__                     
UNDEFED   __mpu_init                     
2000fe00  __stack                        
00005105  _c_int00_noargs                
00005438  _ctypes_                       
200004f0  _device                        
20000400  _ftable                        
20000628  _lock                          
000031bb  _nop                           
20000568  _stream                        
20000000  _sys_memory                    
UNDEFED   _system_post_cinit             
00005431  _system_pre_init               
2000062c  _unlock                        
00005435  abort                          
200005c8  alarm_update                   
200005f0  alarmbutton                    
00004e25  atoi                           
200005c0  b                              
ffffffff  binit                          
000024db  brighter                       
200005e8  brightness                     
00002511  butt_init                      
00004bd1  close                          
0000539b  copysign                       
0000539b  copysignl                      
0000213b  dataWrite                      
20000630  errno                          
00004e71  exit                           
00005215  finddevice                     
00004535  fputc                          
00003e7d  fputs                          
00004279  free                           
00004a45  frexp                          
00004a45  frexpl                         
00004aa9  fseek                          
00004fcd  getdevice                      
200005cc  hours                          
00002489  initializePWMports             
00000000  interruptVectors               
00003f91  ldexp                          
00003f91  ldexpl                         
000052a1  lseek                          
00004d33  ltoa                           
00000115  main                           
00004749  malloc                         
00005339  memccpy                        
00005319  memchr                         
00004403  memcpy                         
000046d5  memset                         
0000513d  minit                          
200005cd  mins                           
200005bc  newcom                         
2000085c  parmbuf                        
000049dd  printf                         
00004535  putc                           
000023b5  readInput                      
200005b9  read_location                  
00005275  remove                         
00003f91  scalbn                         
00003f91  scalbnl                        
200005ce  secs                           
200005f8  setA                           
200005e0  setAhours                      
200005e4  setAmins                       
200005f4  setT                           
200005d4  setThours                      
200005d8  setTmins                       
200005dc  setTsecs                       
00000be1  setalarm                       
000014dd  settime                        
00002425  setupSerial                    
0000419d  setvbuf                        
00005011  sprintf                        
200005b8  storage_location               
00005385  strchr                         
0000536d  strcmp                         
000053af  strcpy                         
000053c3  strlen                         
00005175  strncpy                        
200005c4  time_update                    
200005ec  timebutton                     
00005275  unlink                         
000053e9  wcslen                         
000052f1  write                          
00002365  writeOutput                    
00002121  write_command                  


GLOBAL SYMBOLS: SORTED BY Symbol Address 

address   name                           
-------   ----                           
00000000  __TI_static_base__             
00000000  interruptVectors               
00000115  main                           
00000200  __STACK_SIZE                   
00000400  __SYSMEM_SIZE                  
00000be1  setalarm                       
000014dd  settime                        
00001ed1  SerialRTC_Init                 
00001f49  GeneralRTC_Init                
00001f99  ButAlarmRTC_Init               
00001fe1  ButTimeRTC_Init                
00002031  RTC_C_IRQHandler               
00002031  RTC_C_IRQHandler               
000020a5  LCD_init                       
00002121  write_command                  
0000213b  dataWrite                      
00002159  PulseEnablePin                 
00002193  Byte                           
000021d1  Nibble                         
00002205  LCD_pin_init                   
00002299  Systick_us_delay               
000022c5  SysTick_Init                   
000022e1  Systick_ms_delay               
00002315  EUSCIA0_IRQHandler             
00002315  EUSCIA0_IRQHandler             
00002365  writeOutput                    
000023b5  readInput                      
00002425  setupSerial                    
00002489  initializePWMports             
000024db  brighter                       
00002511  butt_init                      
000025b9  ALARMbutton_pressed            
000025f5  TIMEbutton_pressed             
00002625  ONOFFbutton_pressed            
00002669  SNOOZEbutton_pressed           
00002699  PORT6_IRQHandler               
00002699  PORT6_IRQHandler               
000026af  PORT5_IRQHandler               
000026af  PORT5_IRQHandler               
0000275d  __TI_printfi                   
000031bb  _nop                           
000031bd  SystemCoreClockUpdate          
00003435  SystemInit                     
00003931  __aeabi_dsub                   
0000393b  __aeabi_dadd                   
00003ae7  __aeabi_idiv0                  
00003ae7  __aeabi_ldiv0                  
00003c25  __aeabi_ddiv                   
00003e7d  fputs                          
00003f91  ldexp                          
00003f91  ldexpl                         
00003f91  scalbn                         
00003f91  scalbnl                        
000040a1  __aeabi_dmul                   
0000419d  setvbuf                        
00004279  free                           
00004403  __aeabi_memcpy                 
00004403  __aeabi_memcpy4                
00004403  __aeabi_memcpy8                
00004403  memcpy                         
0000449f  __aeabi_uldivmod               
00004535  fputc                          
00004535  putc                           
000045c1  __aeabi_cdcmpeq                
000045c1  __aeabi_cdcmple                
00004647  __aeabi_cdrcmple               
000046cd  __aeabi_memclr                 
000046cd  __aeabi_memclr4                
000046cd  __aeabi_memclr8                
000046cf  __aeabi_memset                 
000046cf  __aeabi_memset4                
000046cf  __aeabi_memset8                
000046d5  memset                         
00004749  malloc                         
000047c1  __TI_closefile                 
000048a5  HOSTlseek                      
0000490d  HOSTrename                     
00004975  __TI_decompress_lzss           
000049dd  printf                         
00004a45  frexp                          
00004a45  frexpl                         
00004aa9  fseek                          
00004b0d  __TI_wrt_ok                    
00004b71  HOSTopen                       
00004bd1  close                          
00004c2d  HOSTread                       
00004c85  HOSTwrite                      
00004d33  ltoa                           
00004dd9  __TI_doflush                   
00004e25  atoi                           
00004e71  exit                           
00004eb9  __aeabi_d2iz                   
00004f01  HOSTclose                      
00004f45  HOSTunlink                     
00004f89  __TI_auto_init_nobinit_nopinit 
00004fcd  getdevice                      
00005011  sprintf                        
000050cd  __TI_writemsg                  
000050fb  C$$IO$$                        
00005105  _c_int00_noargs                
0000513d  minit                          
00005175  strncpy                        
000051ad  __TI_cleanup                   
000051e1  __TI_readmsg                   
00005215  finddevice                     
00005245  __aeabi_i2d                    
00005275  remove                         
00005275  unlink                         
000052a1  lseek                          
000052f1  write                          
00005319  memchr                         
00005339  memccpy                        
0000536d  strcmp                         
00005385  strchr                         
0000539b  copysign                       
0000539b  copysignl                      
000053af  strcpy                         
000053c3  strlen                         
000053d7  __TI_zero_init_nomemset        
000053e9  wcslen                         
000053fb  __TI_decompress_none           
00005409  Reset_Handler                  
00005415  ADC14_IRQHandler               
00005415  AES256_IRQHandler              
00005415  BusFault_Handler               
00005415  COMP_E0_IRQHandler             
00005415  COMP_E1_IRQHandler             
00005415  CS_IRQHandler                  
00005415  DMA_ERR_IRQHandler             
00005415  DMA_INT0_IRQHandler            
00005415  DMA_INT1_IRQHandler            
00005415  DMA_INT2_IRQHandler            
00005415  DMA_INT3_IRQHandler            
00005415  DebugMon_Handler               
00005415  Default_Handler                
00005415  EUSCIA1_IRQHandler             
00005415  EUSCIA2_IRQHandler             
00005415  EUSCIA3_IRQHandler             
00005415  EUSCIB0_IRQHandler             
00005415  EUSCIB1_IRQHandler             
00005415  EUSCIB2_IRQHandler             
00005415  EUSCIB3_IRQHandler             
00005415  FLCTL_IRQHandler               
00005415  FPU_IRQHandler                 
00005415  HardFault_Handler              
00005415  MemManage_Handler              
00005415  NMI_Handler                    
00005415  PCM_IRQHandler                 
00005415  PORT1_IRQHandler               
00005415  PORT2_IRQHandler               
00005415  PORT3_IRQHandler               
00005415  PORT4_IRQHandler               
00005415  PSS_IRQHandler                 
00005415  PendSV_Handler                 
00005415  SVC_Handler                    
00005415  SysTick_Handler                
00005415  T32_INT1_IRQHandler            
00005415  T32_INT2_IRQHandler            
00005415  T32_INTC_IRQHandler            
00005415  TA0_0_IRQHandler               
00005415  TA0_N_IRQHandler               
00005415  TA1_0_IRQHandler               
00005415  TA1_N_IRQHandler               
00005415  TA2_0_IRQHandler               
00005415  TA2_N_IRQHandler               
00005415  TA3_0_IRQHandler               
00005415  TA3_N_IRQHandler               
00005415  UsageFault_Handler             
00005415  WDT_A_IRQHandler               
00005421  __aeabi_errno_addr             
00005431  _system_pre_init               
00005435  C$$EXIT                        
00005435  abort                          
00005438  _ctypes_                       
000055c0  __TI_Handler_Table_Base        
000055cc  __TI_Handler_Table_Limit       
000055d8  __TI_CINIT_Base                
000055e8  __TI_CINIT_Limit               
20000000  _sys_memory                    
20000400  _ftable                        
200004f0  _device                        
20000568  _stream                        
200005b8  storage_location               
200005b9  read_location                  
200005bc  newcom                         
200005c0  b                              
200005c4  time_update                    
200005c8  alarm_update                   
200005cc  hours                          
200005cd  mins                           
200005ce  secs                           
200005cf  Ahours                         
200005d0  Amins                          
200005d1  Shours                         
200005d2  Smins                          
200005d3  Ssecs                          
200005d4  setThours                      
200005d8  setTmins                       
200005dc  setTsecs                       
200005e0  setAhours                      
200005e4  setAmins                       
200005e8  brightness                     
200005ec  timebutton                     
200005f0  alarmbutton                    
200005f4  setT                           
200005f8  setA                           
20000600  __TI_ft_end                    
20000604  __aeabi_stdin                  
20000608  __aeabi_stdout                 
2000060c  __aeabi_stderr                 
20000610  __TI_cleanup_ptr               
20000614  __TI_dtors_ptr                 
20000618  __TI_enable_exit_profile_output
20000628  _lock                          
2000062c  _unlock                        
20000630  errno                          
20000634  SystemCoreClock                
20000638  __CIOBUF_                      
20000758  __TI_tmpnams                   
200007f8  INPUT_BUFFER                   
2000085c  parmbuf                        
2000fe00  __stack                        
20010000  __STACK_END                    
4000480c  WDTCTL_SYM                     
ffffffff  __TI_pprof_out_hndl            
ffffffff  __TI_prof_data_size            
ffffffff  __TI_prof_data_start           
ffffffff  __binit__                      
ffffffff  __c_args__                     
ffffffff  binit                          
UNDEFED   __mpu_init                     
UNDEFED   _system_post_cinit             

[232 symbols]
