<?xml version="1.0" encoding="ISO-8859-1" ?>
<link_info>
   <banner>TI ARM Linker PC v18.1.3.LTS</banner>
   <copyright>Copyright (c) 1996-2017 Texas Instruments Incorporated</copyright>
   <link_time>0x5c05e8d5</link_time>
   <link_errors>0x0</link_errors>
   <output_file>Final_.out</output_file>
   <entry_point>
      <name>_c_int00_noargs</name>
      <address>0x5105</address>
   </entry_point>
   <input_file_list>
      <input_file id="fl-2">
         <path>.\</path>
         <kind>object</kind>
         <file>Final_Project.obj</file>
         <name>Final_Project.obj</name>
      </input_file>
      <input_file id="fl-3">
         <path>.\</path>
         <kind>object</kind>
         <file>startup_msp432p401r_ccs.obj</file>
         <name>startup_msp432p401r_ccs.obj</name>
      </input_file>
      <input_file id="fl-4">
         <path>.\</path>
         <kind>object</kind>
         <file>system_msp432p401r.obj</file>
         <name>system_msp432p401r.obj</name>
      </input_file>
      <input_file id="fl-8">
         <kind>object</kind>
         <file>&lt;internal&gt;</file>
         <name>&lt;internal&gt;</name>
      </input_file>
      <input_file id="fl-be">
         <path>C:\ti\ccs820\ccsv8\tools\compiler\ti-cgt-arm_18.1.3.LTS\lib\</path>
         <kind>archive</kind>
         <file>rtsv7M4_T_le_v4SPD16_eabi.lib</file>
         <name>copy_zero_init.c.obj</name>
      </input_file>
      <input_file id="fl-bf">
         <path>C:\ti\ccs820\ccsv8\tools\compiler\ti-cgt-arm_18.1.3.LTS\lib\</path>
         <kind>archive</kind>
         <file>rtsv7M4_T_le_v4SPD16_eabi.lib</file>
         <name>copy_decompress_none.c.obj</name>
      </input_file>
      <input_file id="fl-c0">
         <path>C:\ti\ccs820\ccsv8\tools\compiler\ti-cgt-arm_18.1.3.LTS\lib\</path>
         <kind>archive</kind>
         <file>rtsv7M4_T_le_v4SPD16_eabi.lib</file>
         <name>copy_decompress_lzss.c.obj</name>
      </input_file>
      <input_file id="fl-c1">
         <path>C:\ti\ccs820\ccsv8\tools\compiler\ti-cgt-arm_18.1.3.LTS\lib\</path>
         <kind>archive</kind>
         <file>rtsv7M4_T_le_v4SPD16_eabi.lib</file>
         <name>printf.c.obj</name>
      </input_file>
      <input_file id="fl-c2">
         <path>C:\ti\ccs820\ccsv8\tools\compiler\ti-cgt-arm_18.1.3.LTS\lib\</path>
         <kind>archive</kind>
         <file>rtsv7M4_T_le_v4SPD16_eabi.lib</file>
         <name>sprintf.c.obj</name>
      </input_file>
      <input_file id="fl-c3">
         <path>C:\ti\ccs820\ccsv8\tools\compiler\ti-cgt-arm_18.1.3.LTS\lib\</path>
         <kind>archive</kind>
         <file>rtsv7M4_T_le_v4SPD16_eabi.lib</file>
         <name>boot_cortex_m.c.obj</name>
      </input_file>
      <input_file id="fl-c4">
         <path>C:\ti\ccs820\ccsv8\tools\compiler\ti-cgt-arm_18.1.3.LTS\lib\</path>
         <kind>archive</kind>
         <file>rtsv7M4_T_le_v4SPD16_eabi.lib</file>
         <name>memset_t2.asm.obj</name>
      </input_file>
      <input_file id="fl-c5">
         <path>C:\ti\ccs820\ccsv8\tools\compiler\ti-cgt-arm_18.1.3.LTS\lib\</path>
         <kind>archive</kind>
         <file>rtsv7M4_T_le_v4SPD16_eabi.lib</file>
         <name>memcpy_t2.asm.obj</name>
      </input_file>
      <input_file id="fl-c6">
         <path>C:\ti\ccs820\ccsv8\tools\compiler\ti-cgt-arm_18.1.3.LTS\lib\</path>
         <kind>archive</kind>
         <file>rtsv7M4_T_le_v4SPD16_eabi.lib</file>
         <name>autoinit.c.obj</name>
      </input_file>
      <input_file id="fl-c7">
         <path>C:\ti\ccs820\ccsv8\tools\compiler\ti-cgt-arm_18.1.3.LTS\lib\</path>
         <kind>archive</kind>
         <file>rtsv7M4_T_le_v4SPD16_eabi.lib</file>
         <name>pre_init.c.obj</name>
      </input_file>
      <input_file id="fl-c8">
         <path>C:\ti\ccs820\ccsv8\tools\compiler\ti-cgt-arm_18.1.3.LTS\lib\</path>
         <kind>archive</kind>
         <file>rtsv7M4_T_le_v4SPD16_eabi.lib</file>
         <name>cpy_tbl.c.obj</name>
      </input_file>
      <input_file id="fl-c9">
         <path>C:\ti\ccs820\ccsv8\tools\compiler\ti-cgt-arm_18.1.3.LTS\lib\</path>
         <kind>archive</kind>
         <file>rtsv7M4_T_le_v4SPD16_eabi.lib</file>
         <name>exit.c.obj</name>
      </input_file>
      <input_file id="fl-ca">
         <path>C:\ti\ccs820\ccsv8\tools\compiler\ti-cgt-arm_18.1.3.LTS\lib\</path>
         <kind>archive</kind>
         <file>rtsv7M4_T_le_v4SPD16_eabi.lib</file>
         <name>_lock.c.obj</name>
      </input_file>
      <input_file id="fl-cb">
         <path>C:\ti\ccs820\ccsv8\tools\compiler\ti-cgt-arm_18.1.3.LTS\lib\</path>
         <kind>archive</kind>
         <file>rtsv7M4_T_le_v4SPD16_eabi.lib</file>
         <name>_printfi.c.obj</name>
      </input_file>
      <input_file id="fl-cc">
         <path>C:\ti\ccs820\ccsv8\tools\compiler\ti-cgt-arm_18.1.3.LTS\lib\</path>
         <kind>archive</kind>
         <file>rtsv7M4_T_le_v4SPD16_eabi.lib</file>
         <name>args_main.c.obj</name>
      </input_file>
      <input_file id="fl-cd">
         <path>C:\ti\ccs820\ccsv8\tools\compiler\ti-cgt-arm_18.1.3.LTS\lib\</path>
         <kind>archive</kind>
         <file>rtsv7M4_T_le_v4SPD16_eabi.lib</file>
         <name>atoi.c.obj</name>
      </input_file>
      <input_file id="fl-ce">
         <path>C:\ti\ccs820\ccsv8\tools\compiler\ti-cgt-arm_18.1.3.LTS\lib\</path>
         <kind>archive</kind>
         <file>rtsv7M4_T_le_v4SPD16_eabi.lib</file>
         <name>ctype.c.obj</name>
      </input_file>
      <input_file id="fl-cf">
         <path>C:\ti\ccs820\ccsv8\tools\compiler\ti-cgt-arm_18.1.3.LTS\lib\</path>
         <kind>archive</kind>
         <file>rtsv7M4_T_le_v4SPD16_eabi.lib</file>
         <name>defs.c.obj</name>
      </input_file>
      <input_file id="fl-d0">
         <path>C:\ti\ccs820\ccsv8\tools\compiler\ti-cgt-arm_18.1.3.LTS\lib\</path>
         <kind>archive</kind>
         <file>rtsv7M4_T_le_v4SPD16_eabi.lib</file>
         <name>fputc.c.obj</name>
      </input_file>
      <input_file id="fl-d1">
         <path>C:\ti\ccs820\ccsv8\tools\compiler\ti-cgt-arm_18.1.3.LTS\lib\</path>
         <kind>archive</kind>
         <file>rtsv7M4_T_le_v4SPD16_eabi.lib</file>
         <name>fputs.c.obj</name>
      </input_file>
      <input_file id="fl-d2">
         <path>C:\ti\ccs820\ccsv8\tools\compiler\ti-cgt-arm_18.1.3.LTS\lib\</path>
         <kind>archive</kind>
         <file>rtsv7M4_T_le_v4SPD16_eabi.lib</file>
         <name>ltoa.c.obj</name>
      </input_file>
      <input_file id="fl-d3">
         <path>C:\ti\ccs820\ccsv8\tools\compiler\ti-cgt-arm_18.1.3.LTS\lib\</path>
         <kind>archive</kind>
         <file>rtsv7M4_T_le_v4SPD16_eabi.lib</file>
         <name>memccpy.c.obj</name>
      </input_file>
      <input_file id="fl-d4">
         <path>C:\ti\ccs820\ccsv8\tools\compiler\ti-cgt-arm_18.1.3.LTS\lib\</path>
         <kind>archive</kind>
         <file>rtsv7M4_T_le_v4SPD16_eabi.lib</file>
         <name>memchr.c.obj</name>
      </input_file>
      <input_file id="fl-d5">
         <path>C:\ti\ccs820\ccsv8\tools\compiler\ti-cgt-arm_18.1.3.LTS\lib\</path>
         <kind>archive</kind>
         <file>rtsv7M4_T_le_v4SPD16_eabi.lib</file>
         <name>strchr.c.obj</name>
      </input_file>
      <input_file id="fl-d6">
         <path>C:\ti\ccs820\ccsv8\tools\compiler\ti-cgt-arm_18.1.3.LTS\lib\</path>
         <kind>archive</kind>
         <file>rtsv7M4_T_le_v4SPD16_eabi.lib</file>
         <name>strlen.c.obj</name>
      </input_file>
      <input_file id="fl-d7">
         <path>C:\ti\ccs820\ccsv8\tools\compiler\ti-cgt-arm_18.1.3.LTS\lib\</path>
         <kind>archive</kind>
         <file>rtsv7M4_T_le_v4SPD16_eabi.lib</file>
         <name>write.c.obj</name>
      </input_file>
      <input_file id="fl-d8">
         <path>C:\ti\ccs820\ccsv8\tools\compiler\ti-cgt-arm_18.1.3.LTS\lib\</path>
         <kind>archive</kind>
         <file>rtsv7M4_T_le_v4SPD16_eabi.lib</file>
         <name>errno.c.obj</name>
      </input_file>
      <input_file id="fl-d9">
         <path>C:\ti\ccs820\ccsv8\tools\compiler\ti-cgt-arm_18.1.3.LTS\lib\</path>
         <kind>archive</kind>
         <file>rtsv7M4_T_le_v4SPD16_eabi.lib</file>
         <name>s_frexp.c.obj</name>
      </input_file>
      <input_file id="fl-da">
         <path>C:\ti\ccs820\ccsv8\tools\compiler\ti-cgt-arm_18.1.3.LTS\lib\</path>
         <kind>archive</kind>
         <file>rtsv7M4_T_le_v4SPD16_eabi.lib</file>
         <name>s_scalbn.c.obj</name>
      </input_file>
      <input_file id="fl-db">
         <path>C:\ti\ccs820\ccsv8\tools\compiler\ti-cgt-arm_18.1.3.LTS\lib\</path>
         <kind>archive</kind>
         <file>rtsv7M4_T_le_v4SPD16_eabi.lib</file>
         <name>wcslen.c.obj</name>
      </input_file>
      <input_file id="fl-dc">
         <path>C:\ti\ccs820\ccsv8\tools\compiler\ti-cgt-arm_18.1.3.LTS\lib\</path>
         <kind>archive</kind>
         <file>rtsv7M4_T_le_v4SPD16_eabi.lib</file>
         <name>s_copysign.c.obj</name>
      </input_file>
      <input_file id="fl-dd">
         <path>C:\ti\ccs820\ccsv8\tools\compiler\ti-cgt-arm_18.1.3.LTS\lib\</path>
         <kind>archive</kind>
         <file>rtsv7M4_T_le_v4SPD16_eabi.lib</file>
         <name>ull_div_t2.asm.obj</name>
      </input_file>
      <input_file id="fl-de">
         <path>C:\ti\ccs820\ccsv8\tools\compiler\ti-cgt-arm_18.1.3.LTS\lib\</path>
         <kind>archive</kind>
         <file>rtsv7M4_T_le_v4SPD16_eabi.lib</file>
         <name>fd_add_t2.asm.obj</name>
      </input_file>
      <input_file id="fl-df">
         <path>C:\ti\ccs820\ccsv8\tools\compiler\ti-cgt-arm_18.1.3.LTS\lib\</path>
         <kind>archive</kind>
         <file>rtsv7M4_T_le_v4SPD16_eabi.lib</file>
         <name>fd_cmp_t2.asm.obj</name>
      </input_file>
      <input_file id="fl-e0">
         <path>C:\ti\ccs820\ccsv8\tools\compiler\ti-cgt-arm_18.1.3.LTS\lib\</path>
         <kind>archive</kind>
         <file>rtsv7M4_T_le_v4SPD16_eabi.lib</file>
         <name>fd_div_t2.asm.obj</name>
      </input_file>
      <input_file id="fl-e1">
         <path>C:\ti\ccs820\ccsv8\tools\compiler\ti-cgt-arm_18.1.3.LTS\lib\</path>
         <kind>archive</kind>
         <file>rtsv7M4_T_le_v4SPD16_eabi.lib</file>
         <name>fd_mul_t2.asm.obj</name>
      </input_file>
      <input_file id="fl-e2">
         <path>C:\ti\ccs820\ccsv8\tools\compiler\ti-cgt-arm_18.1.3.LTS\lib\</path>
         <kind>archive</kind>
         <file>rtsv7M4_T_le_v4SPD16_eabi.lib</file>
         <name>fd_toi_t2.asm.obj</name>
      </input_file>
      <input_file id="fl-e3">
         <path>C:\ti\ccs820\ccsv8\tools\compiler\ti-cgt-arm_18.1.3.LTS\lib\</path>
         <kind>archive</kind>
         <file>rtsv7M4_T_le_v4SPD16_eabi.lib</file>
         <name>i_tofd_t2.asm.obj</name>
      </input_file>
      <input_file id="fl-e4">
         <path>C:\ti\ccs820\ccsv8\tools\compiler\ti-cgt-arm_18.1.3.LTS\lib\</path>
         <kind>archive</kind>
         <file>rtsv7M4_T_le_v4SPD16_eabi.lib</file>
         <name>_io_perm.c.obj</name>
      </input_file>
      <input_file id="fl-e5">
         <path>C:\ti\ccs820\ccsv8\tools\compiler\ti-cgt-arm_18.1.3.LTS\lib\</path>
         <kind>archive</kind>
         <file>rtsv7M4_T_le_v4SPD16_eabi.lib</file>
         <name>fflush.c.obj</name>
      </input_file>
      <input_file id="fl-e6">
         <path>C:\ti\ccs820\ccsv8\tools\compiler\ti-cgt-arm_18.1.3.LTS\lib\</path>
         <kind>archive</kind>
         <file>rtsv7M4_T_le_v4SPD16_eabi.lib</file>
         <name>fseek.c.obj</name>
      </input_file>
      <input_file id="fl-e7">
         <path>C:\ti\ccs820\ccsv8\tools\compiler\ti-cgt-arm_18.1.3.LTS\lib\</path>
         <kind>archive</kind>
         <file>rtsv7M4_T_le_v4SPD16_eabi.lib</file>
         <name>lseek.c.obj</name>
      </input_file>
      <input_file id="fl-e8">
         <path>C:\ti\ccs820\ccsv8\tools\compiler\ti-cgt-arm_18.1.3.LTS\lib\</path>
         <kind>archive</kind>
         <file>rtsv7M4_T_le_v4SPD16_eabi.lib</file>
         <name>setvbuf.c.obj</name>
      </input_file>
      <input_file id="fl-e9">
         <path>C:\ti\ccs820\ccsv8\tools\compiler\ti-cgt-arm_18.1.3.LTS\lib\</path>
         <kind>archive</kind>
         <file>rtsv7M4_T_le_v4SPD16_eabi.lib</file>
         <name>hostclose.c.obj</name>
      </input_file>
      <input_file id="fl-ea">
         <path>C:\ti\ccs820\ccsv8\tools\compiler\ti-cgt-arm_18.1.3.LTS\lib\</path>
         <kind>archive</kind>
         <file>rtsv7M4_T_le_v4SPD16_eabi.lib</file>
         <name>hostlseek.c.obj</name>
      </input_file>
      <input_file id="fl-eb">
         <path>C:\ti\ccs820\ccsv8\tools\compiler\ti-cgt-arm_18.1.3.LTS\lib\</path>
         <kind>archive</kind>
         <file>rtsv7M4_T_le_v4SPD16_eabi.lib</file>
         <name>hostopen.c.obj</name>
      </input_file>
      <input_file id="fl-ec">
         <path>C:\ti\ccs820\ccsv8\tools\compiler\ti-cgt-arm_18.1.3.LTS\lib\</path>
         <kind>archive</kind>
         <file>rtsv7M4_T_le_v4SPD16_eabi.lib</file>
         <name>hostread.c.obj</name>
      </input_file>
      <input_file id="fl-ed">
         <path>C:\ti\ccs820\ccsv8\tools\compiler\ti-cgt-arm_18.1.3.LTS\lib\</path>
         <kind>archive</kind>
         <file>rtsv7M4_T_le_v4SPD16_eabi.lib</file>
         <name>hostrename.c.obj</name>
      </input_file>
      <input_file id="fl-ee">
         <path>C:\ti\ccs820\ccsv8\tools\compiler\ti-cgt-arm_18.1.3.LTS\lib\</path>
         <kind>archive</kind>
         <file>rtsv7M4_T_le_v4SPD16_eabi.lib</file>
         <name>hostunlink.c.obj</name>
      </input_file>
      <input_file id="fl-ef">
         <path>C:\ti\ccs820\ccsv8\tools\compiler\ti-cgt-arm_18.1.3.LTS\lib\</path>
         <kind>archive</kind>
         <file>rtsv7M4_T_le_v4SPD16_eabi.lib</file>
         <name>hostwrite.c.obj</name>
      </input_file>
      <input_file id="fl-f0">
         <path>C:\ti\ccs820\ccsv8\tools\compiler\ti-cgt-arm_18.1.3.LTS\lib\</path>
         <kind>archive</kind>
         <file>rtsv7M4_T_le_v4SPD16_eabi.lib</file>
         <name>trgmsg.c.obj</name>
      </input_file>
      <input_file id="fl-f1">
         <path>C:\ti\ccs820\ccsv8\tools\compiler\ti-cgt-arm_18.1.3.LTS\lib\</path>
         <kind>archive</kind>
         <file>rtsv7M4_T_le_v4SPD16_eabi.lib</file>
         <name>div0.asm.obj</name>
      </input_file>
      <input_file id="fl-f2">
         <path>C:\ti\ccs820\ccsv8\tools\compiler\ti-cgt-arm_18.1.3.LTS\lib\</path>
         <kind>archive</kind>
         <file>rtsv7M4_T_le_v4SPD16_eabi.lib</file>
         <name>memory.c.obj</name>
      </input_file>
      <input_file id="fl-f3">
         <path>C:\ti\ccs820\ccsv8\tools\compiler\ti-cgt-arm_18.1.3.LTS\lib\</path>
         <kind>archive</kind>
         <file>rtsv7M4_T_le_v4SPD16_eabi.lib</file>
         <name>fopen.c.obj</name>
      </input_file>
      <input_file id="fl-f4">
         <path>C:\ti\ccs820\ccsv8\tools\compiler\ti-cgt-arm_18.1.3.LTS\lib\</path>
         <kind>archive</kind>
         <file>rtsv7M4_T_le_v4SPD16_eabi.lib</file>
         <name>open.c.obj</name>
      </input_file>
      <input_file id="fl-f5">
         <path>C:\ti\ccs820\ccsv8\tools\compiler\ti-cgt-arm_18.1.3.LTS\lib\</path>
         <kind>archive</kind>
         <file>rtsv7M4_T_le_v4SPD16_eabi.lib</file>
         <name>strcpy.c.obj</name>
      </input_file>
      <input_file id="fl-f6">
         <path>C:\ti\ccs820\ccsv8\tools\compiler\ti-cgt-arm_18.1.3.LTS\lib\</path>
         <kind>archive</kind>
         <file>rtsv7M4_T_le_v4SPD16_eabi.lib</file>
         <name>fclose.c.obj</name>
      </input_file>
      <input_file id="fl-f7">
         <path>C:\ti\ccs820\ccsv8\tools\compiler\ti-cgt-arm_18.1.3.LTS\lib\</path>
         <kind>archive</kind>
         <file>rtsv7M4_T_le_v4SPD16_eabi.lib</file>
         <name>getdevice.c.obj</name>
      </input_file>
      <input_file id="fl-f8">
         <path>C:\ti\ccs820\ccsv8\tools\compiler\ti-cgt-arm_18.1.3.LTS\lib\</path>
         <kind>archive</kind>
         <file>rtsv7M4_T_le_v4SPD16_eabi.lib</file>
         <name>remove.c.obj</name>
      </input_file>
      <input_file id="fl-f9">
         <path>C:\ti\ccs820\ccsv8\tools\compiler\ti-cgt-arm_18.1.3.LTS\lib\</path>
         <kind>archive</kind>
         <file>rtsv7M4_T_le_v4SPD16_eabi.lib</file>
         <name>strcmp.c.obj</name>
      </input_file>
      <input_file id="fl-fa">
         <path>C:\ti\ccs820\ccsv8\tools\compiler\ti-cgt-arm_18.1.3.LTS\lib\</path>
         <kind>archive</kind>
         <file>rtsv7M4_T_le_v4SPD16_eabi.lib</file>
         <name>strncpy.c.obj</name>
      </input_file>
      <input_file id="fl-fb">
         <path>C:\ti\ccs820\ccsv8\tools\compiler\ti-cgt-arm_18.1.3.LTS\lib\</path>
         <kind>archive</kind>
         <file>rtsv7M4_T_le_v4SPD16_eabi.lib</file>
         <name>unlink.c.obj</name>
      </input_file>
      <input_file id="fl-fc">
         <path>C:\ti\ccs820\ccsv8\tools\compiler\ti-cgt-arm_18.1.3.LTS\lib\</path>
         <kind>archive</kind>
         <file>rtsv7M4_T_le_v4SPD16_eabi.lib</file>
         <name>close.c.obj</name>
      </input_file>
   </input_file_list>
   <object_component_list>
      <object_component id="oc-23">
         <name>.intvecs:retain</name>
         <load_address>0x0</load_address>
         <run_address>0x0</run_address>
         <size>0xe4</size>
         <input_file_ref idref="fl-3"/>
      </object_component>
      <object_component id="oc-6d">
         <name>.text</name>
         <load_address>0xe4</load_address>
         <run_address>0xe4</run_address>
         <size>0x2678</size>
         <input_file_ref idref="fl-2"/>
      </object_component>
      <object_component id="oc-140">
         <name>.text:__TI_printfi</name>
         <load_address>0x275c</load_address>
         <run_address>0x275c</run_address>
         <size>0xa5e</size>
         <input_file_ref idref="fl-cb"/>
      </object_component>
      <object_component id="oc-1e2">
         <name>.text:_nop</name>
         <load_address>0x31ba</load_address>
         <run_address>0x31ba</run_address>
         <size>0x2</size>
         <input_file_ref idref="fl-ca"/>
      </object_component>
      <object_component id="oc-a9">
         <name>.text</name>
         <load_address>0x31bc</load_address>
         <run_address>0x31bc</run_address>
         <size>0x334</size>
         <input_file_ref idref="fl-4"/>
      </object_component>
      <object_component id="oc-1ba">
         <name>.text:_pconv_a</name>
         <load_address>0x34f0</load_address>
         <run_address>0x34f0</run_address>
         <size>0x270</size>
         <input_file_ref idref="fl-cb"/>
      </object_component>
      <object_component id="oc-1a8">
         <name>.text:_pconv_g</name>
         <load_address>0x3760</load_address>
         <run_address>0x3760</run_address>
         <size>0x1d0</size>
         <input_file_ref idref="fl-cb"/>
      </object_component>
      <object_component id="oc-249">
         <name>.text</name>
         <load_address>0x3930</load_address>
         <run_address>0x3930</run_address>
         <size>0x1b6</size>
         <input_file_ref idref="fl-de"/>
      </object_component>
      <object_component id="oc-2cf">
         <name>.text</name>
         <load_address>0x3ae6</load_address>
         <run_address>0x3ae6</run_address>
         <size>0x2</size>
         <input_file_ref idref="fl-f1"/>
      </object_component>
      <object_component id="oc-1b4">
         <name>.text:_pconv_e</name>
         <load_address>0x3ae8</load_address>
         <run_address>0x3ae8</run_address>
         <size>0x13c</size>
         <input_file_ref idref="fl-cb"/>
      </object_component>
      <object_component id="oc-22f">
         <name>.text</name>
         <load_address>0x3c24</load_address>
         <run_address>0x3c24</run_address>
         <size>0x136</size>
         <input_file_ref idref="fl-e0"/>
      </object_component>
      <object_component id="oc-25b">
         <name>.text:fcvt</name>
         <load_address>0x3d5c</load_address>
         <run_address>0x3d5c</run_address>
         <size>0x120</size>
         <input_file_ref idref="fl-cb"/>
      </object_component>
      <object_component id="oc-1f0">
         <name>.text:fputs</name>
         <load_address>0x3e7c</load_address>
         <run_address>0x3e7c</run_address>
         <size>0x114</size>
         <input_file_ref idref="fl-d1"/>
      </object_component>
      <object_component id="oc-26f">
         <name>.text:scalbn</name>
         <load_address>0x3f90</load_address>
         <run_address>0x3f90</run_address>
         <size>0x110</size>
         <input_file_ref idref="fl-da"/>
      </object_component>
      <object_component id="oc-22a">
         <name>.text</name>
         <load_address>0x40a0</load_address>
         <run_address>0x40a0</run_address>
         <size>0xfc</size>
         <input_file_ref idref="fl-e1"/>
      </object_component>
      <object_component id="oc-30a">
         <name>.text:setvbuf</name>
         <load_address>0x419c</load_address>
         <run_address>0x419c</run_address>
         <size>0xdc</size>
         <input_file_ref idref="fl-e8"/>
      </object_component>
      <object_component id="oc-338">
         <name>.text:free</name>
         <load_address>0x4278</load_address>
         <run_address>0x4278</run_address>
         <size>0xd8</size>
         <input_file_ref idref="fl-f2"/>
      </object_component>
      <object_component id="oc-19d">
         <name>.text:_ltostr</name>
         <load_address>0x4350</load_address>
         <run_address>0x4350</run_address>
         <size>0xb1</size>
         <input_file_ref idref="fl-cb"/>
      </object_component>
      <object_component id="oc-37">
         <name>.text</name>
         <load_address>0x4402</load_address>
         <run_address>0x4402</run_address>
         <size>0x9c</size>
         <input_file_ref idref="fl-c5"/>
      </object_component>
      <object_component id="oc-223">
         <name>.text</name>
         <load_address>0x449e</load_address>
         <run_address>0x449e</run_address>
         <size>0x96</size>
         <input_file_ref idref="fl-dd"/>
      </object_component>
      <object_component id="oc-1f7">
         <name>.text:fputc</name>
         <load_address>0x4534</load_address>
         <run_address>0x4534</run_address>
         <size>0x8c</size>
         <input_file_ref idref="fl-d0"/>
      </object_component>
      <object_component id="oc-1a3">
         <name>.text:__aeabi_cdcmple</name>
         <load_address>0x45c0</load_address>
         <run_address>0x45c0</run_address>
         <size>0x86</size>
         <input_file_ref idref="fl-df"/>
      </object_component>
      <object_component id="oc-234">
         <name>.text:__aeabi_cdrcmple</name>
         <load_address>0x4646</load_address>
         <run_address>0x4646</run_address>
         <size>0x86</size>
         <input_file_ref idref="fl-df"/>
      </object_component>
      <object_component id="oc-91">
         <name>.text</name>
         <load_address>0x46cc</load_address>
         <run_address>0x46cc</run_address>
         <size>0x7a</size>
         <input_file_ref idref="fl-c4"/>
      </object_component>
      <object_component id="oc-33e">
         <name>.text:malloc</name>
         <load_address>0x4748</load_address>
         <run_address>0x4748</run_address>
         <size>0x78</size>
         <input_file_ref idref="fl-f2"/>
      </object_component>
      <object_component id="oc-383">
         <name>.text:__TI_closefile</name>
         <load_address>0x47c0</load_address>
         <run_address>0x47c0</run_address>
         <size>0x74</size>
         <input_file_ref idref="fl-f6"/>
      </object_component>
      <object_component id="oc-254">
         <name>.text:_mcpy</name>
         <load_address>0x4834</load_address>
         <run_address>0x4834</run_address>
         <size>0x6e</size>
         <input_file_ref idref="fl-cb"/>
      </object_component>
      <object_component id="oc-3a7">
         <name>.text:HOSTlseek</name>
         <load_address>0x48a4</load_address>
         <run_address>0x48a4</run_address>
         <size>0x68</size>
         <input_file_ref idref="fl-ea"/>
      </object_component>
      <object_component id="oc-3b3">
         <name>.text:HOSTrename</name>
         <load_address>0x490c</load_address>
         <run_address>0x490c</run_address>
         <size>0x68</size>
         <input_file_ref idref="fl-ed"/>
      </object_component>
      <object_component id="oc-14">
         <name>.text:decompress:lzss:__TI_decompress_lzss</name>
         <load_address>0x4974</load_address>
         <run_address>0x4974</run_address>
         <size>0x68</size>
         <input_file_ref idref="fl-c0"/>
      </object_component>
      <object_component id="oc-bc">
         <name>.text:printf</name>
         <load_address>0x49dc</load_address>
         <run_address>0x49dc</run_address>
         <size>0x68</size>
         <input_file_ref idref="fl-c1"/>
      </object_component>
      <object_component id="oc-269">
         <name>.text:frexp</name>
         <load_address>0x4a44</load_address>
         <run_address>0x4a44</run_address>
         <size>0x64</size>
         <input_file_ref idref="fl-d9"/>
      </object_component>
      <object_component id="oc-304">
         <name>.text:fseek</name>
         <load_address>0x4aa8</load_address>
         <run_address>0x4aa8</run_address>
         <size>0x64</size>
         <input_file_ref idref="fl-e6"/>
      </object_component>
      <object_component id="oc-2a0">
         <name>.text:__TI_wrt_ok</name>
         <load_address>0x4b0c</load_address>
         <run_address>0x4b0c</run_address>
         <size>0x62</size>
         <input_file_ref idref="fl-e4"/>
      </object_component>
      <object_component id="oc-38f">
         <name>.text:HOSTopen</name>
         <load_address>0x4b70</load_address>
         <run_address>0x4b70</run_address>
         <size>0x60</size>
         <input_file_ref idref="fl-eb"/>
      </object_component>
      <object_component id="oc-3c2">
         <name>.text:close</name>
         <load_address>0x4bd0</load_address>
         <run_address>0x4bd0</run_address>
         <size>0x5c</size>
         <input_file_ref idref="fl-fc"/>
      </object_component>
      <object_component id="oc-39b">
         <name>.text:HOSTread</name>
         <load_address>0x4c2c</load_address>
         <run_address>0x4c2c</run_address>
         <size>0x58</size>
         <input_file_ref idref="fl-ec"/>
      </object_component>
      <object_component id="oc-3a1">
         <name>.text:HOSTwrite</name>
         <load_address>0x4c84</load_address>
         <run_address>0x4c84</run_address>
         <size>0x58</size>
         <input_file_ref idref="fl-ef"/>
      </object_component>
      <object_component id="oc-1ae">
         <name>.text:_pconv_f</name>
         <load_address>0x4cdc</load_address>
         <run_address>0x4cdc</run_address>
         <size>0x56</size>
         <input_file_ref idref="fl-cb"/>
      </object_component>
      <object_component id="oc-23e">
         <name>.text:ltoa</name>
         <load_address>0x4d32</load_address>
         <run_address>0x4d32</run_address>
         <size>0x54</size>
         <input_file_ref idref="fl-d2"/>
      </object_component>
      <object_component id="oc-24e">
         <name>.text:_ecpy</name>
         <load_address>0x4d86</load_address>
         <run_address>0x4d86</run_address>
         <size>0x52</size>
         <input_file_ref idref="fl-cb"/>
      </object_component>
      <object_component id="oc-2ac">
         <name>.text:__TI_doflush</name>
         <load_address>0x4dd8</load_address>
         <run_address>0x4dd8</run_address>
         <size>0x4c</size>
         <input_file_ref idref="fl-e5"/>
      </object_component>
      <object_component id="oc-197">
         <name>.text:atoi</name>
         <load_address>0x4e24</load_address>
         <run_address>0x4e24</run_address>
         <size>0x4c</size>
         <input_file_ref idref="fl-cd"/>
      </object_component>
      <object_component id="oc-fb">
         <name>.text:exit</name>
         <load_address>0x4e70</load_address>
         <run_address>0x4e70</run_address>
         <size>0x48</size>
         <input_file_ref idref="fl-c9"/>
      </object_component>
      <object_component id="oc-239">
         <name>.text</name>
         <load_address>0x4eb8</load_address>
         <run_address>0x4eb8</run_address>
         <size>0x48</size>
         <input_file_ref idref="fl-e2"/>
      </object_component>
      <object_component id="oc-395">
         <name>.text:HOSTclose</name>
         <load_address>0x4f00</load_address>
         <run_address>0x4f00</run_address>
         <size>0x44</size>
         <input_file_ref idref="fl-e9"/>
      </object_component>
      <object_component id="oc-3ad">
         <name>.text:HOSTunlink</name>
         <load_address>0x4f44</load_address>
         <run_address>0x4f44</run_address>
         <size>0x44</size>
         <input_file_ref idref="fl-ee"/>
      </object_component>
      <object_component id="oc-101">
         <name>.text:__TI_auto_init_nobinit_nopinit:__TI_auto_init_nobinit_nopinit</name>
         <load_address>0x4f88</load_address>
         <run_address>0x4f88</run_address>
         <size>0x44</size>
         <input_file_ref idref="fl-c6"/>
      </object_component>
      <object_component id="oc-3f7">
         <name>.text:getdevice</name>
         <load_address>0x4fcc</load_address>
         <run_address>0x4fcc</run_address>
         <size>0x44</size>
         <input_file_ref idref="fl-f7"/>
      </object_component>
      <object_component id="oc-b6">
         <name>.text:sprintf</name>
         <load_address>0x5010</load_address>
         <run_address>0x5010</run_address>
         <size>0x40</size>
         <input_file_ref idref="fl-c2"/>
      </object_component>
      <object_component id="oc-261">
         <name>.text:_fcpy</name>
         <load_address>0x5050</load_address>
         <run_address>0x5050</run_address>
         <size>0x3e</size>
         <input_file_ref idref="fl-cb"/>
      </object_component>
      <object_component id="oc-378">
         <name>.text:minsert</name>
         <load_address>0x5090</load_address>
         <run_address>0x5090</run_address>
         <size>0x3c</size>
         <input_file_ref idref="fl-f2"/>
      </object_component>
      <object_component id="oc-3d3">
         <name>.text:__TI_writemsg</name>
         <load_address>0x50cc</load_address>
         <run_address>0x50cc</run_address>
         <size>0x38</size>
         <input_file_ref idref="fl-f0"/>
      </object_component>
      <object_component id="oc-55">
         <name>.text:_c_int00_noargs:_c_int00_noargs</name>
         <load_address>0x5104</load_address>
         <run_address>0x5104</run_address>
         <size>0x38</size>
         <input_file_ref idref="fl-c3"/>
      </object_component>
      <object_component id="oc-36c">
         <name>.text:minit</name>
         <load_address>0x513c</load_address>
         <run_address>0x513c</run_address>
         <size>0x38</size>
         <input_file_ref idref="fl-f2"/>
      </object_component>
      <object_component id="oc-419">
         <name>.text:strncpy</name>
         <load_address>0x5174</load_address>
         <run_address>0x5174</run_address>
         <size>0x36</size>
         <input_file_ref idref="fl-fa"/>
      </object_component>
      <object_component id="oc-344">
         <name>.text:__TI_cleanup</name>
         <load_address>0x51ac</load_address>
         <run_address>0x51ac</run_address>
         <size>0x34</size>
         <input_file_ref idref="fl-f3"/>
      </object_component>
      <object_component id="oc-3d9">
         <name>.text:__TI_readmsg</name>
         <load_address>0x51e0</load_address>
         <run_address>0x51e0</run_address>
         <size>0x34</size>
         <input_file_ref idref="fl-f0"/>
      </object_component>
      <object_component id="oc-41f">
         <name>.text:finddevice</name>
         <load_address>0x5214</load_address>
         <run_address>0x5214</run_address>
         <size>0x30</size>
         <input_file_ref idref="fl-f7"/>
      </object_component>
      <object_component id="oc-244">
         <name>.text</name>
         <load_address>0x5244</load_address>
         <run_address>0x5244</run_address>
         <size>0x2e</size>
         <input_file_ref idref="fl-e3"/>
      </object_component>
      <object_component id="oc-3c8">
         <name>.text:unlink</name>
         <load_address>0x5274</load_address>
         <run_address>0x5274</run_address>
         <size>0x2c</size>
         <input_file_ref idref="fl-fb"/>
      </object_component>
      <object_component id="oc-330">
         <name>.text:lseek</name>
         <load_address>0x52a0</load_address>
         <run_address>0x52a0</run_address>
         <size>0x28</size>
         <input_file_ref idref="fl-e7"/>
      </object_component>
      <object_component id="oc-372">
         <name>.text:mremove</name>
         <load_address>0x52c8</load_address>
         <run_address>0x52c8</run_address>
         <size>0x28</size>
         <input_file_ref idref="fl-f2"/>
      </object_component>
      <object_component id="oc-2b2">
         <name>.text:write</name>
         <load_address>0x52f0</load_address>
         <run_address>0x52f0</run_address>
         <size>0x28</size>
         <input_file_ref idref="fl-d7"/>
      </object_component>
      <object_component id="oc-2a6">
         <name>.text:memchr</name>
         <load_address>0x5318</load_address>
         <run_address>0x5318</run_address>
         <size>0x20</size>
         <input_file_ref idref="fl-d4"/>
      </object_component>
      <object_component id="oc-1c0">
         <name>.text:memccpy</name>
         <load_address>0x5338</load_address>
         <run_address>0x5338</run_address>
         <size>0x1c</size>
         <input_file_ref idref="fl-d3"/>
      </object_component>
      <object_component id="oc-146">
         <name>.text:_outs</name>
         <load_address>0x5354</load_address>
         <run_address>0x5354</run_address>
         <size>0x18</size>
         <input_file_ref idref="fl-c2"/>
      </object_component>
      <object_component id="oc-436">
         <name>.text:strcmp</name>
         <load_address>0x536c</load_address>
         <run_address>0x536c</run_address>
         <size>0x18</size>
         <input_file_ref idref="fl-f9"/>
      </object_component>
      <object_component id="oc-275">
         <name>.text:strchr</name>
         <load_address>0x5384</load_address>
         <run_address>0x5384</run_address>
         <size>0x16</size>
         <input_file_ref idref="fl-d5"/>
      </object_component>
      <object_component id="oc-2e8">
         <name>.text:copysign</name>
         <load_address>0x539a</load_address>
         <run_address>0x539a</run_address>
         <size>0x14</size>
         <input_file_ref idref="fl-dc"/>
      </object_component>
      <object_component id="oc-3ed">
         <name>.text:strcpy</name>
         <load_address>0x53ae</load_address>
         <run_address>0x53ae</run_address>
         <size>0x14</size>
         <input_file_ref idref="fl-f5"/>
      </object_component>
      <object_component id="oc-191">
         <name>.text:strlen</name>
         <load_address>0x53c2</load_address>
         <run_address>0x53c2</run_address>
         <size>0x14</size>
         <input_file_ref idref="fl-d6"/>
      </object_component>
      <object_component id="oc-43">
         <name>.text:decompress:ZI:__TI_zero_init_nomemset:__TI_zero_init_nomemset</name>
         <load_address>0x53d6</load_address>
         <run_address>0x53d6</run_address>
         <size>0x12</size>
         <input_file_ref idref="fl-be"/>
      </object_component>
      <object_component id="oc-1c6">
         <name>.text:wcslen</name>
         <load_address>0x53e8</load_address>
         <run_address>0x53e8</run_address>
         <size>0x12</size>
         <input_file_ref idref="fl-db"/>
      </object_component>
      <object_component id="oc-1a">
         <name>.text:decompress:none:__TI_decompress_none</name>
         <load_address>0x53fa</load_address>
         <run_address>0x53fa</run_address>
         <size>0xe</size>
         <input_file_ref idref="fl-bf"/>
      </object_component>
      <object_component id="oc-67">
         <name>.text</name>
         <load_address>0x5408</load_address>
         <run_address>0x5408</run_address>
         <size>0xe</size>
         <input_file_ref idref="fl-3"/>
      </object_component>
      <object_component id="oc-14c">
         <name>.text:_outc</name>
         <load_address>0x5416</load_address>
         <run_address>0x5416</run_address>
         <size>0xa</size>
         <input_file_ref idref="fl-c2"/>
      </object_component>
      <object_component id="oc-1cc">
         <name>.text:__aeabi_errno_addr</name>
         <load_address>0x5420</load_address>
         <run_address>0x5420</run_address>
         <size>0x8</size>
         <input_file_ref idref="fl-d8"/>
      </object_component>
      <object_component id="oc-165">
         <name>.text:_outc</name>
         <load_address>0x5428</load_address>
         <run_address>0x5428</run_address>
         <size>0x4</size>
         <input_file_ref idref="fl-c1"/>
      </object_component>
      <object_component id="oc-15f">
         <name>.text:_outs</name>
         <load_address>0x542c</load_address>
         <run_address>0x542c</run_address>
         <size>0x4</size>
         <input_file_ref idref="fl-c1"/>
      </object_component>
      <object_component id="oc-97">
         <name>.text:_system_pre_init</name>
         <load_address>0x5430</load_address>
         <run_address>0x5430</run_address>
         <size>0x4</size>
         <input_file_ref idref="fl-c7"/>
      </object_component>
      <object_component id="oc-f5">
         <name>.text:abort:abort</name>
         <load_address>0x5434</load_address>
         <run_address>0x5434</run_address>
         <size>0x4</size>
         <input_file_ref idref="fl-c9"/>
      </object_component>
      <object_component id="oc-21e">
         <name>.const:.string:_ctypes_</name>
         <load_address>0x5438</load_address>
         <run_address>0x5438</run_address>
         <size>0x101</size>
         <input_file_ref idref="fl-ce"/>
      </object_component>
      <object_component id="oc-474">
         <name>.cinit..data.load</name>
         <load_address>0x5540</load_address>
         <run_address>0x5540</run_address>
         <size>0x7d</size>
      </object_component>
      <object_component id="oc-472">
         <name>__TI_handler_table</name>
         <load_address>0x55c0</load_address>
         <run_address>0x55c0</run_address>
         <size>0xc</size>
      </object_component>
      <object_component id="oc-475">
         <name>.cinit..bss.load</name>
         <load_address>0x55d0</load_address>
         <run_address>0x55d0</run_address>
         <size>0x8</size>
      </object_component>
      <object_component id="oc-473">
         <name>__TI_cinit_table</name>
         <load_address>0x55d8</load_address>
         <run_address>0x55d8</run_address>
         <size>0x10</size>
      </object_component>
      <object_component id="oc-447">
         <name>.binit</name>
         <load_address>0x0</load_address>
         <run_address>0x0</run_address>
         <size>0x0</size>
      </object_component>
      <object_component id="oc-b3">
         <name>.data</name>
         <load_address>0x200005b8</load_address>
         <run_address>0x200005b8</run_address>
         <size>0x48</size>
         <input_file_ref idref="fl-2"/>
      </object_component>
      <object_component id="oc-133">
         <name>.data</name>
         <load_address>0x20000634</load_address>
         <run_address>0x20000634</run_address>
         <size>0x4</size>
         <input_file_ref idref="fl-4"/>
      </object_component>
      <object_component id="oc-173">
         <name>.data:$O1$$</name>
         <load_address>0x20000610</load_address>
         <run_address>0x20000610</run_address>
         <size>0xc</size>
         <input_file_ref idref="fl-c9"/>
      </object_component>
      <object_component id="oc-159">
         <name>.data:$O1$$</name>
         <load_address>0x20000628</load_address>
         <run_address>0x20000628</run_address>
         <size>0x8</size>
         <input_file_ref idref="fl-ca"/>
      </object_component>
      <object_component id="oc-15c">
         <name>.data:_ftable</name>
         <load_address>0x20000400</load_address>
         <run_address>0x20000400</run_address>
         <size>0xf0</size>
         <input_file_ref idref="fl-cf"/>
      </object_component>
      <object_component id="oc-389">
         <name>.data</name>
         <load_address>0x20000600</load_address>
         <run_address>0x20000600</run_address>
         <size>0x10</size>
         <input_file_ref idref="fl-cf"/>
      </object_component>
      <object_component id="oc-357">
         <name>.data:_device</name>
         <load_address>0x200004f0</load_address>
         <run_address>0x200004f0</run_address>
         <size>0x78</size>
         <input_file_ref idref="fl-d7"/>
      </object_component>
      <object_component id="oc-316">
         <name>.data:_stream</name>
         <load_address>0x20000568</load_address>
         <run_address>0x20000568</run_address>
         <size>0x50</size>
         <input_file_ref idref="fl-d7"/>
      </object_component>
      <object_component id="oc-285">
         <name>.data</name>
         <load_address>0x20000630</load_address>
         <run_address>0x20000630</run_address>
         <size>0x4</size>
         <input_file_ref idref="fl-d8"/>
      </object_component>
      <object_component id="oc-37e">
         <name>.data:$O1$$</name>
         <load_address>0x2000061c</load_address>
         <run_address>0x2000061c</run_address>
         <size>0xc</size>
         <input_file_ref idref="fl-f2"/>
      </object_component>
      <object_component id="oc-401">
         <name>.bss:_CIOBUF_</name>
         <uninitialized>true</uninitialized>
         <run_address>0x20000638</run_address>
         <size>0x120</size>
         <input_file_ref idref="fl-f0"/>
      </object_component>
      <object_component id="oc-b0">
         <name>.common:INPUT_BUFFER</name>
         <uninitialized>true</uninitialized>
         <run_address>0x200007f8</run_address>
         <size>0x64</size>
      </object_component>
      <object_component id="oc-3ce">
         <name>.common:__TI_tmpnams</name>
         <uninitialized>true</uninitialized>
         <run_address>0x20000758</run_address>
         <size>0xa0</size>
      </object_component>
      <object_component id="oc-3df">
         <name>.common:parmbuf</name>
         <uninitialized>true</uninitialized>
         <run_address>0x2000085c</run_address>
         <size>0x8</size>
      </object_component>
      <object_component id="oc-29">
         <name>.sysmem</name>
         <uninitialized>true</uninitialized>
         <run_address>0x20000000</run_address>
         <size>0x8</size>
         <input_file_ref idref="fl-f2"/>
      </object_component>
      <object_component id="oc-477">
         <name>.sysmem</name>
         <uninitialized>true</uninitialized>
         <run_address>0x20000000</run_address>
         <size>0x0</size>
      </object_component>
      <object_component id="oc-26">
         <name>.stack</name>
         <uninitialized>true</uninitialized>
         <run_address>0x2000fe00</run_address>
         <size>0x4</size>
         <input_file_ref idref="fl-c3"/>
      </object_component>
      <object_component id="oc-476">
         <name>.stack</name>
         <uninitialized>true</uninitialized>
         <run_address>0x2000fe00</run_address>
         <size>0x0</size>
      </object_component>
      <object_component id="oc-b1">
         <name>.debug_info</name>
         <load_address>0x0</load_address>
         <run_address>0x0</run_address>
         <size>0x684</size>
         <input_file_ref idref="fl-2"/>
      </object_component>
      <object_component id="oc-b4">
         <name>.debug_info</name>
         <load_address>0x684</load_address>
         <run_address>0x684</run_address>
         <size>0x3d9</size>
         <input_file_ref idref="fl-2"/>
      </object_component>
      <object_component id="oc-6e">
         <name>.debug_info</name>
         <load_address>0xa5d</load_address>
         <run_address>0xa5d</run_address>
         <size>0x212f</size>
         <input_file_ref idref="fl-2"/>
      </object_component>
      <object_component id="oc-139">
         <name>.debug_info</name>
         <load_address>0x2b8c</load_address>
         <run_address>0x2b8c</run_address>
         <size>0x1055</size>
         <input_file_ref idref="fl-2"/>
      </object_component>
      <object_component id="oc-cd">
         <name>.debug_info</name>
         <load_address>0x3be1</load_address>
         <run_address>0x3be1</run_address>
         <size>0x37e2</size>
         <input_file_ref idref="fl-2"/>
      </object_component>
      <object_component id="oc-d4">
         <name>.debug_info</name>
         <load_address>0x73c3</load_address>
         <run_address>0x73c3</run_address>
         <size>0x26b</size>
         <input_file_ref idref="fl-2"/>
      </object_component>
      <object_component id="oc-32">
         <name>.debug_info</name>
         <load_address>0x762e</load_address>
         <run_address>0x762e</run_address>
         <size>0x84</size>
         <input_file_ref idref="fl-2"/>
      </object_component>
      <object_component id="oc-16d">
         <name>.debug_info</name>
         <load_address>0x76b2</load_address>
         <run_address>0x76b2</run_address>
         <size>0x297</size>
         <input_file_ref idref="fl-2"/>
      </object_component>
      <object_component id="oc-c8">
         <name>.debug_info</name>
         <load_address>0x7949</load_address>
         <run_address>0x7949</run_address>
         <size>0xbb</size>
         <input_file_ref idref="fl-2"/>
      </object_component>
      <object_component id="oc-154">
         <name>.debug_info</name>
         <load_address>0x7a04</load_address>
         <run_address>0x7a04</run_address>
         <size>0x2c</size>
         <input_file_ref idref="fl-2"/>
      </object_component>
      <object_component id="oc-c3">
         <name>.debug_info</name>
         <load_address>0x7a30</load_address>
         <run_address>0x7a30</run_address>
         <size>0x63</size>
         <input_file_ref idref="fl-2"/>
      </object_component>
      <object_component id="oc-75">
         <name>.debug_info</name>
         <load_address>0x7a93</load_address>
         <run_address>0x7a93</run_address>
         <size>0x2e8</size>
         <input_file_ref idref="fl-3"/>
      </object_component>
      <object_component id="oc-24">
         <name>.debug_info</name>
         <load_address>0x7d7b</load_address>
         <run_address>0x7d7b</run_address>
         <size>0x114</size>
         <input_file_ref idref="fl-3"/>
      </object_component>
      <object_component id="oc-6b">
         <name>.debug_info</name>
         <load_address>0x7e8f</load_address>
         <run_address>0x7e8f</run_address>
         <size>0x1db</size>
         <input_file_ref idref="fl-3"/>
      </object_component>
      <object_component id="oc-134">
         <name>.debug_info</name>
         <load_address>0x806a</load_address>
         <run_address>0x806a</run_address>
         <size>0x10d</size>
         <input_file_ref idref="fl-4"/>
      </object_component>
      <object_component id="oc-aa">
         <name>.debug_info</name>
         <load_address>0x8177</load_address>
         <run_address>0x8177</run_address>
         <size>0x27f</size>
         <input_file_ref idref="fl-4"/>
      </object_component>
      <object_component id="oc-90">
         <name>.debug_info</name>
         <load_address>0x83f6</load_address>
         <run_address>0x83f6</run_address>
         <size>0x313</size>
         <input_file_ref idref="fl-be"/>
      </object_component>
      <object_component id="oc-46">
         <name>.debug_info</name>
         <load_address>0x8709</load_address>
         <run_address>0x8709</run_address>
         <size>0x1b4</size>
         <input_file_ref idref="fl-be"/>
      </object_component>
      <object_component id="oc-8b">
         <name>.debug_info</name>
         <load_address>0x88bd</load_address>
         <run_address>0x88bd</run_address>
         <size>0x46</size>
         <input_file_ref idref="fl-be"/>
      </object_component>
      <object_component id="oc-ec">
         <name>.debug_info</name>
         <load_address>0x8903</load_address>
         <run_address>0x8903</run_address>
         <size>0x2c</size>
         <input_file_ref idref="fl-be"/>
      </object_component>
      <object_component id="oc-42">
         <name>.debug_info</name>
         <load_address>0x892f</load_address>
         <run_address>0x892f</run_address>
         <size>0x29d</size>
         <input_file_ref idref="fl-bf"/>
      </object_component>
      <object_component id="oc-1b">
         <name>.debug_info</name>
         <load_address>0x8bcc</load_address>
         <run_address>0x8bcc</run_address>
         <size>0x1df</size>
         <input_file_ref idref="fl-bf"/>
      </object_component>
      <object_component id="oc-3d">
         <name>.debug_info</name>
         <load_address>0x8dab</load_address>
         <run_address>0x8dab</run_address>
         <size>0x46</size>
         <input_file_ref idref="fl-bf"/>
      </object_component>
      <object_component id="oc-83">
         <name>.debug_info</name>
         <load_address>0x8df1</load_address>
         <run_address>0x8df1</run_address>
         <size>0x2c</size>
         <input_file_ref idref="fl-bf"/>
      </object_component>
      <object_component id="oc-81">
         <name>.debug_info</name>
         <load_address>0x8e1d</load_address>
         <run_address>0x8e1d</run_address>
         <size>0x293</size>
         <input_file_ref idref="fl-c0"/>
      </object_component>
      <object_component id="oc-15">
         <name>.debug_info</name>
         <load_address>0x90b0</load_address>
         <run_address>0x90b0</run_address>
         <size>0x245</size>
         <input_file_ref idref="fl-c0"/>
      </object_component>
      <object_component id="oc-2d">
         <name>.debug_info</name>
         <load_address>0x92f5</load_address>
         <run_address>0x92f5</run_address>
         <size>0x60</size>
         <input_file_ref idref="fl-c0"/>
      </object_component>
      <object_component id="oc-e5">
         <name>.debug_info</name>
         <load_address>0x9355</load_address>
         <run_address>0x9355</run_address>
         <size>0x46</size>
         <input_file_ref idref="fl-c0"/>
      </object_component>
      <object_component id="oc-7c">
         <name>.debug_info</name>
         <load_address>0x939b</load_address>
         <run_address>0x939b</run_address>
         <size>0x39</size>
         <input_file_ref idref="fl-c0"/>
      </object_component>
      <object_component id="oc-16c">
         <name>.debug_info</name>
         <load_address>0x93d4</load_address>
         <run_address>0x93d4</run_address>
         <size>0x3da</size>
         <input_file_ref idref="fl-c1"/>
      </object_component>
      <object_component id="oc-167">
         <name>.debug_info</name>
         <load_address>0x97ae</load_address>
         <run_address>0x97ae</run_address>
         <size>0x14c</size>
         <input_file_ref idref="fl-c1"/>
      </object_component>
      <object_component id="oc-162">
         <name>.debug_info</name>
         <load_address>0x98fa</load_address>
         <run_address>0x98fa</run_address>
         <size>0x15b</size>
         <input_file_ref idref="fl-c1"/>
      </object_component>
      <object_component id="oc-be">
         <name>.debug_info</name>
         <load_address>0x9a55</load_address>
         <run_address>0x9a55</run_address>
         <size>0x1a1</size>
         <input_file_ref idref="fl-c1"/>
      </object_component>
      <object_component id="oc-200">
         <name>.debug_info</name>
         <load_address>0x9bf6</load_address>
         <run_address>0x9bf6</run_address>
         <size>0xb2</size>
         <input_file_ref idref="fl-c1"/>
      </object_component>
      <object_component id="oc-153">
         <name>.debug_info</name>
         <load_address>0x9ca8</load_address>
         <run_address>0x9ca8</run_address>
         <size>0x328</size>
         <input_file_ref idref="fl-c2"/>
      </object_component>
      <object_component id="oc-b7">
         <name>.debug_info</name>
         <load_address>0x9fd0</load_address>
         <run_address>0x9fd0</run_address>
         <size>0x1c6</size>
         <input_file_ref idref="fl-c2"/>
      </object_component>
      <object_component id="oc-147">
         <name>.debug_info</name>
         <load_address>0xa196</load_address>
         <run_address>0xa196</run_address>
         <size>0x182</size>
         <input_file_ref idref="fl-c2"/>
      </object_component>
      <object_component id="oc-14d">
         <name>.debug_info</name>
         <load_address>0xa318</load_address>
         <run_address>0xa318</run_address>
         <size>0x162</size>
         <input_file_ref idref="fl-c2"/>
      </object_component>
      <object_component id="oc-28c">
         <name>.debug_info</name>
         <load_address>0xa47a</load_address>
         <run_address>0xa47a</run_address>
         <size>0x2c</size>
         <input_file_ref idref="fl-c2"/>
      </object_component>
      <object_component id="oc-27">
         <name>.debug_info</name>
         <load_address>0xa4a6</load_address>
         <run_address>0xa4a6</run_address>
         <size>0x100</size>
         <input_file_ref idref="fl-c3"/>
      </object_component>
      <object_component id="oc-56">
         <name>.debug_info</name>
         <load_address>0xa5a6</load_address>
         <run_address>0xa5a6</run_address>
         <size>0x1a4</size>
         <input_file_ref idref="fl-c3"/>
      </object_component>
      <object_component id="oc-94">
         <name>.debug_info</name>
         <load_address>0xa74a</load_address>
         <run_address>0xa74a</run_address>
         <size>0x13f</size>
         <input_file_ref idref="fl-c4"/>
      </object_component>
      <object_component id="oc-38">
         <name>.debug_info</name>
         <load_address>0xa889</load_address>
         <run_address>0xa889</run_address>
         <size>0x111</size>
         <input_file_ref idref="fl-c5"/>
      </object_component>
      <object_component id="oc-17a">
         <name>.debug_info</name>
         <load_address>0xa99a</load_address>
         <run_address>0xa99a</run_address>
         <size>0x547</size>
         <input_file_ref idref="fl-c6"/>
      </object_component>
      <object_component id="oc-102">
         <name>.debug_info</name>
         <load_address>0xaee1</load_address>
         <run_address>0xaee1</run_address>
         <size>0x19b</size>
         <input_file_ref idref="fl-c6"/>
      </object_component>
      <object_component id="oc-20b">
         <name>.debug_info</name>
         <load_address>0xb07c</load_address>
         <run_address>0xb07c</run_address>
         <size>0x39</size>
         <input_file_ref idref="fl-c6"/>
      </object_component>
      <object_component id="oc-2bc">
         <name>.debug_info</name>
         <load_address>0xb0b5</load_address>
         <run_address>0xb0b5</run_address>
         <size>0x39</size>
         <input_file_ref idref="fl-c6"/>
      </object_component>
      <object_component id="oc-210">
         <name>.debug_info</name>
         <load_address>0xb0ee</load_address>
         <run_address>0xb0ee</run_address>
         <size>0x39</size>
         <input_file_ref idref="fl-c6"/>
      </object_component>
      <object_component id="oc-215">
         <name>.debug_info</name>
         <load_address>0xb127</load_address>
         <run_address>0xb127</run_address>
         <size>0xcd</size>
         <input_file_ref idref="fl-c6"/>
      </object_component>
      <object_component id="oc-98">
         <name>.debug_info</name>
         <load_address>0xb1f4</load_address>
         <run_address>0xb1f4</run_address>
         <size>0x148</size>
         <input_file_ref idref="fl-c7"/>
      </object_component>
      <object_component id="oc-177">
         <name>.debug_info</name>
         <load_address>0xb33c</load_address>
         <run_address>0xb33c</run_address>
         <size>0x3a2</size>
         <input_file_ref idref="fl-c9"/>
      </object_component>
      <object_component id="oc-174">
         <name>.debug_info</name>
         <load_address>0xb6de</load_address>
         <run_address>0xb6de</run_address>
         <size>0x185</size>
         <input_file_ref idref="fl-c9"/>
      </object_component>
      <object_component id="oc-f7">
         <name>.debug_info</name>
         <load_address>0xb863</load_address>
         <run_address>0xb863</run_address>
         <size>0x117</size>
         <input_file_ref idref="fl-c9"/>
      </object_component>
      <object_component id="oc-fe">
         <name>.debug_info</name>
         <load_address>0xb97a</load_address>
         <run_address>0xb97a</run_address>
         <size>0x179</size>
         <input_file_ref idref="fl-c9"/>
      </object_component>
      <object_component id="oc-1ea">
         <name>.debug_info</name>
         <load_address>0xbaf3</load_address>
         <run_address>0xbaf3</run_address>
         <size>0x2be</size>
         <input_file_ref idref="fl-ca"/>
      </object_component>
      <object_component id="oc-15a">
         <name>.debug_info</name>
         <load_address>0xbdb1</load_address>
         <run_address>0xbdb1</run_address>
         <size>0x113</size>
         <input_file_ref idref="fl-ca"/>
      </object_component>
      <object_component id="oc-1e4">
         <name>.debug_info</name>
         <load_address>0xbec4</load_address>
         <run_address>0xbec4</run_address>
         <size>0x123</size>
         <input_file_ref idref="fl-ca"/>
      </object_component>
      <object_component id="oc-1d3">
         <name>.debug_info</name>
         <load_address>0xbfe7</load_address>
         <run_address>0xbfe7</run_address>
         <size>0x8a6</size>
         <input_file_ref idref="fl-cb"/>
      </object_component>
      <object_component id="oc-19f">
         <name>.debug_info</name>
         <load_address>0xc88d</load_address>
         <run_address>0xc88d</run_address>
         <size>0x213</size>
         <input_file_ref idref="fl-cb"/>
      </object_component>
      <object_component id="oc-250">
         <name>.debug_info</name>
         <load_address>0xcaa0</load_address>
         <run_address>0xcaa0</run_address>
         <size>0x1a8</size>
         <input_file_ref idref="fl-cb"/>
      </object_component>
      <object_component id="oc-256">
         <name>.debug_info</name>
         <load_address>0xcc48</load_address>
         <run_address>0xcc48</run_address>
         <size>0x210</size>
         <input_file_ref idref="fl-cb"/>
      </object_component>
      <object_component id="oc-1aa">
         <name>.debug_info</name>
         <load_address>0xce58</load_address>
         <run_address>0xce58</run_address>
         <size>0x3b0</size>
         <input_file_ref idref="fl-cb"/>
      </object_component>
      <object_component id="oc-25d">
         <name>.debug_info</name>
         <load_address>0xd208</load_address>
         <run_address>0xd208</run_address>
         <size>0x2fa</size>
         <input_file_ref idref="fl-cb"/>
      </object_component>
      <object_component id="oc-263">
         <name>.debug_info</name>
         <load_address>0xd502</load_address>
         <run_address>0xd502</run_address>
         <size>0x20a</size>
         <input_file_ref idref="fl-cb"/>
      </object_component>
      <object_component id="oc-1b0">
         <name>.debug_info</name>
         <load_address>0xd70c</load_address>
         <run_address>0xd70c</run_address>
         <size>0x20a</size>
         <input_file_ref idref="fl-cb"/>
      </object_component>
      <object_component id="oc-1b6">
         <name>.debug_info</name>
         <load_address>0xd916</load_address>
         <run_address>0xd916</run_address>
         <size>0x2f9</size>
         <input_file_ref idref="fl-cb"/>
      </object_component>
      <object_component id="oc-1bc">
         <name>.debug_info</name>
         <load_address>0xdc0f</load_address>
         <run_address>0xdc0f</run_address>
         <size>0x4a5</size>
         <input_file_ref idref="fl-cb"/>
      </object_component>
      <object_component id="oc-142">
         <name>.debug_info</name>
         <load_address>0xe0b4</load_address>
         <run_address>0xe0b4</run_address>
         <size>0x5cd</size>
         <input_file_ref idref="fl-cb"/>
      </object_component>
      <object_component id="oc-1d4">
         <name>.debug_info</name>
         <load_address>0xe681</load_address>
         <run_address>0xe681</run_address>
         <size>0x86</size>
         <input_file_ref idref="fl-cb"/>
      </object_component>
      <object_component id="oc-291">
         <name>.debug_info</name>
         <load_address>0xe707</load_address>
         <run_address>0xe707</run_address>
         <size>0x39</size>
         <input_file_ref idref="fl-cb"/>
      </object_component>
      <object_component id="oc-2ff">
         <name>.debug_info</name>
         <load_address>0xe740</load_address>
         <run_address>0xe740</run_address>
         <size>0xb6</size>
         <input_file_ref idref="fl-cb"/>
      </object_component>
      <object_component id="oc-296">
         <name>.debug_info</name>
         <load_address>0xe7f6</load_address>
         <run_address>0xe7f6</run_address>
         <size>0x46</size>
         <input_file_ref idref="fl-cb"/>
      </object_component>
      <object_component id="oc-1d9">
         <name>.debug_info</name>
         <load_address>0xe83c</load_address>
         <run_address>0xe83c</run_address>
         <size>0x46</size>
         <input_file_ref idref="fl-cb"/>
      </object_component>
      <object_component id="oc-222">
         <name>.debug_info</name>
         <load_address>0xe882</load_address>
         <run_address>0xe882</run_address>
         <size>0x2ae</size>
         <input_file_ref idref="fl-cd"/>
      </object_component>
      <object_component id="oc-19b">
         <name>.debug_info</name>
         <load_address>0xeb30</load_address>
         <run_address>0xeb30</run_address>
         <size>0x171</size>
         <input_file_ref idref="fl-cd"/>
      </object_component>
      <object_component id="oc-2cc">
         <name>.debug_info</name>
         <load_address>0xeca1</load_address>
         <run_address>0xeca1</run_address>
         <size>0xee</size>
         <input_file_ref idref="fl-ce"/>
      </object_component>
      <object_component id="oc-21f">
         <name>.debug_info</name>
         <load_address>0xed8f</load_address>
         <run_address>0xed8f</run_address>
         <size>0xfa</size>
         <input_file_ref idref="fl-ce"/>
      </object_component>
      <object_component id="oc-1ee">
         <name>.debug_info</name>
         <load_address>0xee89</load_address>
         <run_address>0xee89</run_address>
         <size>0x139</size>
         <input_file_ref idref="fl-cf"/>
      </object_component>
      <object_component id="oc-15d">
         <name>.debug_info</name>
         <load_address>0xefc2</load_address>
         <run_address>0xefc2</run_address>
         <size>0xf7</size>
         <input_file_ref idref="fl-cf"/>
      </object_component>
      <object_component id="oc-38a">
         <name>.debug_info</name>
         <load_address>0xf0b9</load_address>
         <run_address>0xf0b9</run_address>
         <size>0x184</size>
         <input_file_ref idref="fl-cf"/>
      </object_component>
      <object_component id="oc-2bb">
         <name>.debug_info</name>
         <load_address>0xf23d</load_address>
         <run_address>0xf23d</run_address>
         <size>0x378</size>
         <input_file_ref idref="fl-d0"/>
      </object_component>
      <object_component id="oc-1f9">
         <name>.debug_info</name>
         <load_address>0xf5b5</load_address>
         <run_address>0xf5b5</run_address>
         <size>0x1df</size>
         <input_file_ref idref="fl-d0"/>
      </object_component>
      <object_component id="oc-2b9">
         <name>.debug_info</name>
         <load_address>0xf794</load_address>
         <run_address>0xf794</run_address>
         <size>0x3f1</size>
         <input_file_ref idref="fl-d1"/>
      </object_component>
      <object_component id="oc-1f2">
         <name>.debug_info</name>
         <load_address>0xfb85</load_address>
         <run_address>0xfb85</run_address>
         <size>0x2d7</size>
         <input_file_ref idref="fl-d1"/>
      </object_component>
      <object_component id="oc-2da">
         <name>.debug_info</name>
         <load_address>0xfe5c</load_address>
         <run_address>0xfe5c</run_address>
         <size>0x290</size>
         <input_file_ref idref="fl-d2"/>
      </object_component>
      <object_component id="oc-242">
         <name>.debug_info</name>
         <load_address>0x100ec</load_address>
         <run_address>0x100ec</run_address>
         <size>0x1c2</size>
         <input_file_ref idref="fl-d2"/>
      </object_component>
      <object_component id="oc-27d">
         <name>.debug_info</name>
         <load_address>0x102ae</load_address>
         <run_address>0x102ae</run_address>
         <size>0x28b</size>
         <input_file_ref idref="fl-d3"/>
      </object_component>
      <object_component id="oc-1c1">
         <name>.debug_info</name>
         <load_address>0x10539</load_address>
         <run_address>0x10539</run_address>
         <size>0x1ab</size>
         <input_file_ref idref="fl-d3"/>
      </object_component>
      <object_component id="oc-313">
         <name>.debug_info</name>
         <load_address>0x106e4</load_address>
         <run_address>0x106e4</run_address>
         <size>0x29a</size>
         <input_file_ref idref="fl-d4"/>
      </object_component>
      <object_component id="oc-2aa">
         <name>.debug_info</name>
         <load_address>0x1097e</load_address>
         <run_address>0x1097e</run_address>
         <size>0x242</size>
         <input_file_ref idref="fl-d4"/>
      </object_component>
      <object_component id="oc-2f1">
         <name>.debug_info</name>
         <load_address>0x10bc0</load_address>
         <run_address>0x10bc0</run_address>
         <size>0x28f</size>
         <input_file_ref idref="fl-d5"/>
      </object_component>
      <object_component id="oc-276">
         <name>.debug_info</name>
         <load_address>0x10e4f</load_address>
         <run_address>0x10e4f</run_address>
         <size>0x247</size>
         <input_file_ref idref="fl-d5"/>
      </object_component>
      <object_component id="oc-21d">
         <name>.debug_info</name>
         <load_address>0x11096</load_address>
         <run_address>0x11096</run_address>
         <size>0x284</size>
         <input_file_ref idref="fl-d6"/>
      </object_component>
      <object_component id="oc-195">
         <name>.debug_info</name>
         <load_address>0x1131a</load_address>
         <run_address>0x1131a</run_address>
         <size>0x22a</size>
         <input_file_ref idref="fl-d6"/>
      </object_component>
      <object_component id="oc-31a">
         <name>.debug_info</name>
         <load_address>0x11544</load_address>
         <run_address>0x11544</run_address>
         <size>0x4c5</size>
         <input_file_ref idref="fl-d7"/>
      </object_component>
      <object_component id="oc-358">
         <name>.debug_info</name>
         <load_address>0x11a09</load_address>
         <run_address>0x11a09</run_address>
         <size>0xf8</size>
         <input_file_ref idref="fl-d7"/>
      </object_component>
      <object_component id="oc-317">
         <name>.debug_info</name>
         <load_address>0x11b01</load_address>
         <run_address>0x11b01</run_address>
         <size>0xf8</size>
         <input_file_ref idref="fl-d7"/>
      </object_component>
      <object_component id="oc-2b4">
         <name>.debug_info</name>
         <load_address>0x11bf9</load_address>
         <run_address>0x11bf9</run_address>
         <size>0x184</size>
         <input_file_ref idref="fl-d7"/>
      </object_component>
      <object_component id="oc-35e">
         <name>.debug_info</name>
         <load_address>0x11d7d</load_address>
         <run_address>0x11d7d</run_address>
         <size>0x120</size>
         <input_file_ref idref="fl-d7"/>
      </object_component>
      <object_component id="oc-363">
         <name>.debug_info</name>
         <load_address>0x11e9d</load_address>
         <run_address>0x11e9d</run_address>
         <size>0x2c</size>
         <input_file_ref idref="fl-d7"/>
      </object_component>
      <object_component id="oc-289">
         <name>.debug_info</name>
         <load_address>0x11ec9</load_address>
         <run_address>0x11ec9</run_address>
         <size>0x27e</size>
         <input_file_ref idref="fl-d8"/>
      </object_component>
      <object_component id="oc-286">
         <name>.debug_info</name>
         <load_address>0x12147</load_address>
         <run_address>0x12147</run_address>
         <size>0x103</size>
         <input_file_ref idref="fl-d8"/>
      </object_component>
      <object_component id="oc-1ce">
         <name>.debug_info</name>
         <load_address>0x1224a</load_address>
         <run_address>0x1224a</run_address>
         <size>0x143</size>
         <input_file_ref idref="fl-d8"/>
      </object_component>
      <object_component id="oc-2e2">
         <name>.debug_info</name>
         <load_address>0x1238d</load_address>
         <run_address>0x1238d</run_address>
         <size>0x28f</size>
         <input_file_ref idref="fl-d9"/>
      </object_component>
      <object_component id="oc-26b">
         <name>.debug_info</name>
         <load_address>0x1261c</load_address>
         <run_address>0x1261c</run_address>
         <size>0x18a</size>
         <input_file_ref idref="fl-d9"/>
      </object_component>
      <object_component id="oc-326">
         <name>.debug_info</name>
         <load_address>0x127a6</load_address>
         <run_address>0x127a6</run_address>
         <size>0x39</size>
         <input_file_ref idref="fl-d9"/>
      </object_component>
      <object_component id="oc-2e3">
         <name>.debug_info</name>
         <load_address>0x127df</load_address>
         <run_address>0x127df</run_address>
         <size>0x2c</size>
         <input_file_ref idref="fl-d9"/>
      </object_component>
      <object_component id="oc-2ef">
         <name>.debug_info</name>
         <load_address>0x1280b</load_address>
         <run_address>0x1280b</run_address>
         <size>0x2f2</size>
         <input_file_ref idref="fl-da"/>
      </object_component>
      <object_component id="oc-272">
         <name>.debug_info</name>
         <load_address>0x12afd</load_address>
         <run_address>0x12afd</run_address>
         <size>0x21a</size>
         <input_file_ref idref="fl-da"/>
      </object_component>
      <object_component id="oc-284">
         <name>.debug_info</name>
         <load_address>0x12d17</load_address>
         <run_address>0x12d17</run_address>
         <size>0x284</size>
         <input_file_ref idref="fl-db"/>
      </object_component>
      <object_component id="oc-1ca">
         <name>.debug_info</name>
         <load_address>0x12f9b</load_address>
         <run_address>0x12f9b</run_address>
         <size>0x14f</size>
         <input_file_ref idref="fl-db"/>
      </object_component>
      <object_component id="oc-2f4">
         <name>.debug_info</name>
         <load_address>0x130ea</load_address>
         <run_address>0x130ea</run_address>
         <size>0x46</size>
         <input_file_ref idref="fl-db"/>
      </object_component>
      <object_component id="oc-27f">
         <name>.debug_info</name>
         <load_address>0x13130</load_address>
         <run_address>0x13130</run_address>
         <size>0x39</size>
         <input_file_ref idref="fl-db"/>
      </object_component>
      <object_component id="oc-2e9">
         <name>.debug_info</name>
         <load_address>0x13169</load_address>
         <run_address>0x13169</run_address>
         <size>0x156</size>
         <input_file_ref idref="fl-dc"/>
      </object_component>
      <object_component id="oc-226">
         <name>.debug_info</name>
         <load_address>0x132bf</load_address>
         <run_address>0x132bf</run_address>
         <size>0x12c</size>
         <input_file_ref idref="fl-dd"/>
      </object_component>
      <object_component id="oc-24b">
         <name>.debug_info</name>
         <load_address>0x133eb</load_address>
         <run_address>0x133eb</run_address>
         <size>0x144</size>
         <input_file_ref idref="fl-de"/>
      </object_component>
      <object_component id="oc-1a4">
         <name>.debug_info</name>
         <load_address>0x1352f</load_address>
         <run_address>0x1352f</run_address>
         <size>0x120</size>
         <input_file_ref idref="fl-df"/>
      </object_component>
      <object_component id="oc-235">
         <name>.debug_info</name>
         <load_address>0x1364f</load_address>
         <run_address>0x1364f</run_address>
         <size>0x122</size>
         <input_file_ref idref="fl-df"/>
      </object_component>
      <object_component id="oc-230">
         <name>.debug_info</name>
         <load_address>0x13771</load_address>
         <run_address>0x13771</run_address>
         <size>0x132</size>
         <input_file_ref idref="fl-e0"/>
      </object_component>
      <object_component id="oc-22b">
         <name>.debug_info</name>
         <load_address>0x138a3</load_address>
         <run_address>0x138a3</run_address>
         <size>0x132</size>
         <input_file_ref idref="fl-e1"/>
      </object_component>
      <object_component id="oc-23a">
         <name>.debug_info</name>
         <load_address>0x139d5</load_address>
         <run_address>0x139d5</run_address>
         <size>0x126</size>
         <input_file_ref idref="fl-e2"/>
      </object_component>
      <object_component id="oc-245">
         <name>.debug_info</name>
         <load_address>0x13afb</load_address>
         <run_address>0x13afb</run_address>
         <size>0x124</size>
         <input_file_ref idref="fl-e3"/>
      </object_component>
      <object_component id="oc-311">
         <name>.debug_info</name>
         <load_address>0x13c1f</load_address>
         <run_address>0x13c1f</run_address>
         <size>0x2f5</size>
         <input_file_ref idref="fl-e4"/>
      </object_component>
      <object_component id="oc-2a1">
         <name>.debug_info</name>
         <load_address>0x13f14</load_address>
         <run_address>0x13f14</run_address>
         <size>0x191</size>
         <input_file_ref idref="fl-e4"/>
      </object_component>
      <object_component id="oc-34c">
         <name>.debug_info</name>
         <load_address>0x140a5</load_address>
         <run_address>0x140a5</run_address>
         <size>0xbf</size>
         <input_file_ref idref="fl-e4"/>
      </object_component>
      <object_component id="oc-315">
         <name>.debug_info</name>
         <load_address>0x14164</load_address>
         <run_address>0x14164</run_address>
         <size>0x33c</size>
         <input_file_ref idref="fl-e5"/>
      </object_component>
      <object_component id="oc-2ad">
         <name>.debug_info</name>
         <load_address>0x144a0</load_address>
         <run_address>0x144a0</run_address>
         <size>0x17f</size>
         <input_file_ref idref="fl-e5"/>
      </object_component>
      <object_component id="oc-337">
         <name>.debug_info</name>
         <load_address>0x1461f</load_address>
         <run_address>0x1461f</run_address>
         <size>0x319</size>
         <input_file_ref idref="fl-e6"/>
      </object_component>
      <object_component id="oc-305">
         <name>.debug_info</name>
         <load_address>0x14938</load_address>
         <run_address>0x14938</run_address>
         <size>0x1e1</size>
         <input_file_ref idref="fl-e6"/>
      </object_component>
      <object_component id="oc-369">
         <name>.debug_info</name>
         <load_address>0x14b19</load_address>
         <run_address>0x14b19</run_address>
         <size>0x38c</size>
         <input_file_ref idref="fl-e7"/>
      </object_component>
      <object_component id="oc-331">
         <name>.debug_info</name>
         <load_address>0x14ea5</load_address>
         <run_address>0x14ea5</run_address>
         <size>0x18a</size>
         <input_file_ref idref="fl-e7"/>
      </object_component>
      <object_component id="oc-34b">
         <name>.debug_info</name>
         <load_address>0x1502f</load_address>
         <run_address>0x1502f</run_address>
         <size>0x369</size>
         <input_file_ref idref="fl-e8"/>
      </object_component>
      <object_component id="oc-30b">
         <name>.debug_info</name>
         <load_address>0x15398</load_address>
         <run_address>0x15398</run_address>
         <size>0x200</size>
         <input_file_ref idref="fl-e8"/>
      </object_component>
      <object_component id="oc-3e4">
         <name>.debug_info</name>
         <load_address>0x15598</load_address>
         <run_address>0x15598</run_address>
         <size>0x368</size>
         <input_file_ref idref="fl-e9"/>
      </object_component>
[...]
         <object_component_ref idref="oc-37"/>
      </symbol>
      <symbol id="sm-42d">
         <name>__aeabi_memcpy4</name>
         <value>0x4403</value>
         <object_component_ref idref="oc-37"/>
      </symbol>
      <symbol id="sm-455">
         <name>__TI_auto_init_nobinit_nopinit</name>
         <value>0x4f89</value>
         <object_component_ref idref="oc-101"/>
      </symbol>
      <symbol id="sm-45f">
         <name>_system_pre_init</name>
         <value>0x5431</value>
         <object_component_ref idref="oc-97"/>
      </symbol>
      <symbol id="sm-486">
         <name>C$$EXIT</name>
         <value>0x5435</value>
         <object_component_ref idref="oc-f5"/>
      </symbol>
      <symbol id="sm-487">
         <name>abort</name>
         <value>0x5435</value>
         <object_component_ref idref="oc-f5"/>
      </symbol>
      <symbol id="sm-488">
         <name>__TI_dtors_ptr</name>
         <value>0x20000614</value>
         <object_component_ref idref="oc-173"/>
      </symbol>
      <symbol id="sm-489">
         <name>__TI_cleanup_ptr</name>
         <value>0x20000610</value>
         <object_component_ref idref="oc-173"/>
      </symbol>
      <symbol id="sm-48a">
         <name>__TI_enable_exit_profile_output</name>
         <value>0x20000618</value>
         <object_component_ref idref="oc-173"/>
      </symbol>
      <symbol id="sm-48b">
         <name>exit</name>
         <value>0x4e71</value>
         <object_component_ref idref="oc-fb"/>
      </symbol>
      <symbol id="sm-4a0">
         <name>_nop</name>
         <value>0x31bb</value>
         <object_component_ref idref="oc-1e2"/>
      </symbol>
      <symbol id="sm-4a1">
         <name>_lock</name>
         <value>0x20000628</value>
         <object_component_ref idref="oc-159"/>
      </symbol>
      <symbol id="sm-4a2">
         <name>_unlock</name>
         <value>0x2000062c</value>
         <object_component_ref idref="oc-159"/>
      </symbol>
      <symbol id="sm-607">
         <name>__TI_printfi</name>
         <value>0x275d</value>
         <object_component_ref idref="oc-140"/>
      </symbol>
      <symbol id="sm-61e">
         <name>atoi</name>
         <value>0x4e25</value>
         <object_component_ref idref="oc-197"/>
      </symbol>
      <symbol id="sm-629">
         <name>_ctypes_</name>
         <value>0x5438</value>
         <object_component_ref idref="oc-21e"/>
      </symbol>
      <symbol id="sm-63e">
         <name>__TI_tmpnams</name>
         <value>0x20000758</value>
      </symbol>
      <symbol id="sm-63f">
         <name>__aeabi_stdout</name>
         <value>0x20000608</value>
         <object_component_ref idref="oc-389"/>
      </symbol>
      <symbol id="sm-640">
         <name>__aeabi_stderr</name>
         <value>0x2000060c</value>
         <object_component_ref idref="oc-389"/>
      </symbol>
      <symbol id="sm-641">
         <name>__aeabi_stdin</name>
         <value>0x20000604</value>
         <object_component_ref idref="oc-389"/>
      </symbol>
      <symbol id="sm-642">
         <name>_ftable</name>
         <value>0x20000400</value>
         <object_component_ref idref="oc-15c"/>
      </symbol>
      <symbol id="sm-643">
         <name>__TI_ft_end</name>
         <value>0x20000600</value>
         <object_component_ref idref="oc-389"/>
      </symbol>
      <symbol id="sm-658">
         <name>putc</name>
         <value>0x4535</value>
         <object_component_ref idref="oc-1f7"/>
      </symbol>
      <symbol id="sm-659">
         <name>fputc</name>
         <value>0x4535</value>
         <object_component_ref idref="oc-1f7"/>
      </symbol>
      <symbol id="sm-677">
         <name>fputs</name>
         <value>0x3e7d</value>
         <object_component_ref idref="oc-1f0"/>
      </symbol>
      <symbol id="sm-686">
         <name>ltoa</name>
         <value>0x4d33</value>
         <object_component_ref idref="oc-23e"/>
      </symbol>
      <symbol id="sm-696">
         <name>memccpy</name>
         <value>0x5339</value>
         <object_component_ref idref="oc-1c0"/>
      </symbol>
      <symbol id="sm-6a6">
         <name>memchr</name>
         <value>0x5319</value>
         <object_component_ref idref="oc-2a6"/>
      </symbol>
      <symbol id="sm-6b6">
         <name>strchr</name>
         <value>0x5385</value>
         <object_component_ref idref="oc-275"/>
      </symbol>
      <symbol id="sm-6c4">
         <name>strlen</name>
         <value>0x53c3</value>
         <object_component_ref idref="oc-191"/>
      </symbol>
      <symbol id="sm-6ea">
         <name>_stream</name>
         <value>0x20000568</value>
         <object_component_ref idref="oc-316"/>
      </symbol>
      <symbol id="sm-6eb">
         <name>_device</name>
         <value>0x200004f0</value>
         <object_component_ref idref="oc-357"/>
      </symbol>
      <symbol id="sm-6ec">
         <name>write</name>
         <value>0x52f1</value>
         <object_component_ref idref="oc-2b2"/>
      </symbol>
      <symbol id="sm-702">
         <name>__aeabi_errno_addr</name>
         <value>0x5421</value>
         <object_component_ref idref="oc-1cc"/>
      </symbol>
      <symbol id="sm-703">
         <name>errno</name>
         <value>0x20000630</value>
         <object_component_ref idref="oc-285"/>
      </symbol>
      <symbol id="sm-723">
         <name>frexpl</name>
         <value>0x4a45</value>
         <object_component_ref idref="oc-269"/>
      </symbol>
      <symbol id="sm-724">
         <name>frexp</name>
         <value>0x4a45</value>
         <object_component_ref idref="oc-269"/>
      </symbol>
      <symbol id="sm-741">
         <name>scalbn</name>
         <value>0x3f91</value>
         <object_component_ref idref="oc-26f"/>
      </symbol>
      <symbol id="sm-742">
         <name>scalbnl</name>
         <value>0x3f91</value>
         <object_component_ref idref="oc-26f"/>
      </symbol>
      <symbol id="sm-743">
         <name>ldexpl</name>
         <value>0x3f91</value>
         <object_component_ref idref="oc-26f"/>
      </symbol>
      <symbol id="sm-744">
         <name>ldexp</name>
         <value>0x3f91</value>
         <object_component_ref idref="oc-26f"/>
      </symbol>
      <symbol id="sm-75d">
         <name>wcslen</name>
         <value>0x53e9</value>
         <object_component_ref idref="oc-1c6"/>
      </symbol>
      <symbol id="sm-767">
         <name>copysign</name>
         <value>0x539b</value>
         <object_component_ref idref="oc-2e8"/>
      </symbol>
      <symbol id="sm-768">
         <name>copysignl</name>
         <value>0x539b</value>
         <object_component_ref idref="oc-2e8"/>
      </symbol>
      <symbol id="sm-775">
         <name>__aeabi_uldivmod</name>
         <value>0x449f</value>
         <object_component_ref idref="oc-223"/>
      </symbol>
      <symbol id="sm-78c">
         <name>__aeabi_dsub</name>
         <value>0x3931</value>
         <object_component_ref idref="oc-249"/>
      </symbol>
      <symbol id="sm-78d">
         <name>__aeabi_dadd</name>
         <value>0x393b</value>
         <object_component_ref idref="oc-249"/>
      </symbol>
      <symbol id="sm-7af">
         <name>__aeabi_cdcmpeq</name>
         <value>0x45c1</value>
         <object_component_ref idref="oc-1a3"/>
      </symbol>
      <symbol id="sm-7b0">
         <name>__aeabi_cdcmple</name>
         <value>0x45c1</value>
         <object_component_ref idref="oc-1a3"/>
      </symbol>
      <symbol id="sm-7b1">
         <name>__aeabi_cdrcmple</name>
         <value>0x4647</value>
         <object_component_ref idref="oc-234"/>
      </symbol>
      <symbol id="sm-7c5">
         <name>__aeabi_ddiv</name>
         <value>0x3c25</value>
         <object_component_ref idref="oc-22f"/>
      </symbol>
      <symbol id="sm-7d0">
         <name>__aeabi_dmul</name>
         <value>0x40a1</value>
         <object_component_ref idref="oc-22a"/>
      </symbol>
      <symbol id="sm-7da">
         <name>__aeabi_d2iz</name>
         <value>0x4eb9</value>
         <object_component_ref idref="oc-239"/>
      </symbol>
      <symbol id="sm-7e4">
         <name>__aeabi_i2d</name>
         <value>0x5245</value>
         <object_component_ref idref="oc-244"/>
      </symbol>
      <symbol id="sm-7fc">
         <name>__TI_wrt_ok</name>
         <value>0x4b0d</value>
         <object_component_ref idref="oc-2a0"/>
      </symbol>
      <symbol id="sm-80c">
         <name>__TI_doflush</name>
         <value>0x4dd9</value>
         <object_component_ref idref="oc-2ac"/>
      </symbol>
      <symbol id="sm-81e">
         <name>fseek</name>
         <value>0x4aa9</value>
         <object_component_ref idref="oc-304"/>
      </symbol>
      <symbol id="sm-82e">
         <name>lseek</name>
         <value>0x52a1</value>
         <object_component_ref idref="oc-330"/>
      </symbol>
      <symbol id="sm-84a">
         <name>setvbuf</name>
         <value>0x419d</value>
         <object_component_ref idref="oc-30a"/>
      </symbol>
      <symbol id="sm-85b">
         <name>HOSTclose</name>
         <value>0x4f01</value>
         <object_component_ref idref="oc-395"/>
      </symbol>
      <symbol id="sm-86c">
         <name>HOSTlseek</name>
         <value>0x48a5</value>
         <object_component_ref idref="oc-3a7"/>
      </symbol>
      <symbol id="sm-87e">
         <name>parmbuf</name>
         <value>0x2000085c</value>
      </symbol>
      <symbol id="sm-87f">
         <name>HOSTopen</name>
         <value>0x4b71</value>
         <object_component_ref idref="oc-38f"/>
      </symbol>
      <symbol id="sm-890">
         <name>HOSTread</name>
         <value>0x4c2d</value>
         <object_component_ref idref="oc-39b"/>
      </symbol>
      <symbol id="sm-8a1">
         <name>HOSTrename</name>
         <value>0x490d</value>
         <object_component_ref idref="oc-3b3"/>
      </symbol>
      <symbol id="sm-8b2">
         <name>HOSTunlink</name>
         <value>0x4f45</value>
         <object_component_ref idref="oc-3ad"/>
      </symbol>
      <symbol id="sm-8c3">
         <name>HOSTwrite</name>
         <value>0x4c85</value>
         <object_component_ref idref="oc-3a1"/>
      </symbol>
      <symbol id="sm-8e7">
         <name>__TI_readmsg</name>
         <value>0x51e1</value>
         <object_component_ref idref="oc-3d9"/>
      </symbol>
      <symbol id="sm-8e8">
         <name>C$$IO$$</name>
         <value>0x50fb</value>
         <object_component_ref idref="oc-3d3"/>
      </symbol>
      <symbol id="sm-8e9">
         <name>__CIOBUF_</name>
         <value>0x20000638</value>
         <object_component_ref idref="oc-401"/>
      </symbol>
      <symbol id="sm-8ea">
         <name>__TI_writemsg</name>
         <value>0x50cd</value>
         <object_component_ref idref="oc-3d3"/>
      </symbol>
      <symbol id="sm-8f4">
         <name>__aeabi_idiv0</name>
         <value>0x3ae7</value>
         <object_component_ref idref="oc-2cf"/>
      </symbol>
      <symbol id="sm-8f5">
         <name>__aeabi_ldiv0</name>
         <value>0x3ae7</value>
         <object_component_ref idref="oc-2cf"/>
      </symbol>
      <symbol id="sm-970">
         <name>_sys_memory</name>
         <value>0x20000000</value>
         <object_component_ref idref="oc-29"/>
      </symbol>
      <symbol id="sm-971">
         <name>free</name>
         <value>0x4279</value>
         <object_component_ref idref="oc-338"/>
      </symbol>
      <symbol id="sm-972">
         <name>malloc</name>
         <value>0x4749</value>
         <object_component_ref idref="oc-33e"/>
      </symbol>
      <symbol id="sm-973">
         <name>minit</name>
         <value>0x513d</value>
         <object_component_ref idref="oc-36c"/>
      </symbol>
      <symbol id="sm-983">
         <name>__TI_cleanup</name>
         <value>0x51ad</value>
         <object_component_ref idref="oc-344"/>
      </symbol>
      <symbol id="sm-992">
         <name>strcpy</name>
         <value>0x53af</value>
         <object_component_ref idref="oc-3ed"/>
      </symbol>
      <symbol id="sm-9a7">
         <name>__TI_closefile</name>
         <value>0x47c1</value>
         <object_component_ref idref="oc-383"/>
      </symbol>
      <symbol id="sm-9ca">
         <name>finddevice</name>
         <value>0x5215</value>
         <object_component_ref idref="oc-41f"/>
      </symbol>
      <symbol id="sm-9cb">
         <name>getdevice</name>
         <value>0x4fcd</value>
         <object_component_ref idref="oc-3f7"/>
      </symbol>
      <symbol id="sm-9db">
         <name>strcmp</name>
         <value>0x536d</value>
         <object_component_ref idref="oc-436"/>
      </symbol>
      <symbol id="sm-9eb">
         <name>strncpy</name>
         <value>0x5175</value>
         <object_component_ref idref="oc-419"/>
      </symbol>
      <symbol id="sm-9fb">
         <name>unlink</name>
         <value>0x5275</value>
         <object_component_ref idref="oc-3c8"/>
      </symbol>
      <symbol id="sm-a0f">
         <name>close</name>
         <value>0x4bd1</value>
         <object_component_ref idref="oc-3c2"/>
      </symbol>
      <symbol id="sm-a10">
         <name>__TI_static_base__</name>
         <value>0x0</value>
      </symbol>
      <symbol id="sm-a13">
         <name>__mpu_init</name>
         <value>0x0</value>
      </symbol>
      <symbol id="sm-a14">
         <name>_system_post_cinit</name>
         <value>0x0</value>
      </symbol>
      <symbol id="sm-a15">
         <name>NMI_Handler</name>
         <value>0x5415</value>
      </symbol>
      <symbol id="sm-a16">
         <name>HardFault_Handler</name>
         <value>0x5415</value>
      </symbol>
      <symbol id="sm-a17">
         <name>MemManage_Handler</name>
         <value>0x5415</value>
      </symbol>
      <symbol id="sm-a18">
         <name>BusFault_Handler</name>
         <value>0x5415</value>
      </symbol>
      <symbol id="sm-a19">
         <name>UsageFault_Handler</name>
         <value>0x5415</value>
      </symbol>
      <symbol id="sm-a1a">
         <name>SVC_Handler</name>
         <value>0x5415</value>
      </symbol>
      <symbol id="sm-a1b">
         <name>DebugMon_Handler</name>
         <value>0x5415</value>
      </symbol>
      <symbol id="sm-a1c">
         <name>PendSV_Handler</name>
         <value>0x5415</value>
      </symbol>
      <symbol id="sm-a1d">
         <name>SysTick_Handler</name>
         <value>0x5415</value>
      </symbol>
      <symbol id="sm-a1e">
         <name>PSS_IRQHandler</name>
         <value>0x5415</value>
      </symbol>
      <symbol id="sm-a1f">
         <name>CS_IRQHandler</name>
         <value>0x5415</value>
      </symbol>
      <symbol id="sm-a20">
         <name>PCM_IRQHandler</name>
         <value>0x5415</value>
      </symbol>
      <symbol id="sm-a21">
         <name>WDT_A_IRQHandler</name>
         <value>0x5415</value>
      </symbol>
      <symbol id="sm-a22">
         <name>FPU_IRQHandler</name>
         <value>0x5415</value>
      </symbol>
      <symbol id="sm-a23">
         <name>FLCTL_IRQHandler</name>
         <value>0x5415</value>
      </symbol>
      <symbol id="sm-a24">
         <name>COMP_E0_IRQHandler</name>
         <value>0x5415</value>
      </symbol>
      <symbol id="sm-a25">
         <name>COMP_E1_IRQHandler</name>
         <value>0x5415</value>
      </symbol>
      <symbol id="sm-a26">
         <name>TA0_0_IRQHandler</name>
         <value>0x5415</value>
      </symbol>
      <symbol id="sm-a27">
         <name>TA0_N_IRQHandler</name>
         <value>0x5415</value>
      </symbol>
      <symbol id="sm-a28">
         <name>TA1_0_IRQHandler</name>
         <value>0x5415</value>
      </symbol>
      <symbol id="sm-a29">
         <name>TA1_N_IRQHandler</name>
         <value>0x5415</value>
      </symbol>
      <symbol id="sm-a2a">
         <name>TA2_0_IRQHandler</name>
         <value>0x5415</value>
      </symbol>
      <symbol id="sm-a2b">
         <name>TA2_N_IRQHandler</name>
         <value>0x5415</value>
      </symbol>
      <symbol id="sm-a2c">
         <name>TA3_0_IRQHandler</name>
         <value>0x5415</value>
      </symbol>
      <symbol id="sm-a2d">
         <name>TA3_N_IRQHandler</name>
         <value>0x5415</value>
      </symbol>
      <symbol id="sm-a2e">
         <name>EUSCIA0_IRQHandler</name>
         <value>0x2315</value>
      </symbol>
      <symbol id="sm-a2f">
         <name>EUSCIA1_IRQHandler</name>
         <value>0x5415</value>
      </symbol>
      <symbol id="sm-a30">
         <name>EUSCIA2_IRQHandler</name>
         <value>0x5415</value>
      </symbol>
      <symbol id="sm-a31">
         <name>EUSCIA3_IRQHandler</name>
         <value>0x5415</value>
      </symbol>
      <symbol id="sm-a32">
         <name>EUSCIB0_IRQHandler</name>
         <value>0x5415</value>
      </symbol>
      <symbol id="sm-a33">
         <name>EUSCIB1_IRQHandler</name>
         <value>0x5415</value>
      </symbol>
      <symbol id="sm-a34">
         <name>EUSCIB2_IRQHandler</name>
         <value>0x5415</value>
      </symbol>
      <symbol id="sm-a35">
         <name>EUSCIB3_IRQHandler</name>
         <value>0x5415</value>
      </symbol>
      <symbol id="sm-a36">
         <name>ADC14_IRQHandler</name>
         <value>0x5415</value>
      </symbol>
      <symbol id="sm-a37">
         <name>T32_INT1_IRQHandler</name>
         <value>0x5415</value>
      </symbol>
      <symbol id="sm-a38">
         <name>T32_INT2_IRQHandler</name>
         <value>0x5415</value>
      </symbol>
      <symbol id="sm-a39">
         <name>T32_INTC_IRQHandler</name>
         <value>0x5415</value>
      </symbol>
      <symbol id="sm-a3a">
         <name>AES256_IRQHandler</name>
         <value>0x5415</value>
      </symbol>
      <symbol id="sm-a3b">
         <name>RTC_C_IRQHandler</name>
         <value>0x2031</value>
      </symbol>
      <symbol id="sm-a3c">
         <name>DMA_ERR_IRQHandler</name>
         <value>0x5415</value>
      </symbol>
      <symbol id="sm-a3d">
         <name>DMA_INT3_IRQHandler</name>
         <value>0x5415</value>
      </symbol>
      <symbol id="sm-a3e">
         <name>DMA_INT2_IRQHandler</name>
         <value>0x5415</value>
      </symbol>
      <symbol id="sm-a3f">
         <name>DMA_INT1_IRQHandler</name>
         <value>0x5415</value>
      </symbol>
      <symbol id="sm-a40">
         <name>DMA_INT0_IRQHandler</name>
         <value>0x5415</value>
      </symbol>
      <symbol id="sm-a41">
         <name>PORT1_IRQHandler</name>
         <value>0x5415</value>
      </symbol>
      <symbol id="sm-a42">
         <name>PORT2_IRQHandler</name>
         <value>0x5415</value>
      </symbol>
      <symbol id="sm-a43">
         <name>PORT3_IRQHandler</name>
         <value>0x5415</value>
      </symbol>
      <symbol id="sm-a44">
         <name>PORT4_IRQHandler</name>
         <value>0x5415</value>
      </symbol>
      <symbol id="sm-a45">
         <name>PORT5_IRQHandler</name>
         <value>0x26af</value>
      </symbol>
      <symbol id="sm-a46">
         <name>PORT6_IRQHandler</name>
         <value>0x2699</value>
      </symbol>
      <symbol id="sm-a47">
         <name>remove</name>
         <value>0x5275</value>
      </symbol>
   </symbol_table>
   <title>Link successful</title>
</link_info>
