******************************************************************************
                  TI ARM Linker Unix v18.1.2                   
******************************************************************************
>> Linked Wed Nov 28 14:42:12 2018

OUTPUT FILE NAME:   <Final_.out>
ENTRY POINT SYMBOL: "_c_int00_noargs"  address: 00003619


MEMORY CONFIGURATION

         name            origin    length      used     unused   attr    fill
----------------------  --------  ---------  --------  --------  ----  --------
  MAIN                  00000000   00040000  00003af5  0003c50b  R  X
  INFO                  00200000   00004000  00000000  00004000  R  X
  SRAM_CODE             01000000   00010000  00000a37  0000f5c9  RW X
  SRAM_DATA             20000000   00010000  00000a37  0000f5c9  RW  


SEGMENT ALLOCATION MAP

run origin  load origin   length   init length attrs members
----------  ----------- ---------- ----------- ----- -------
00000000    00000000    00003af8   00003af8    r-x
  00000000    00000000    000000e4   000000e4    r-- .intvecs
  000000e4    000000e4    00003868   00003868    r-x .text
  0000394c    0000394c    00000101   00000101    r-- .const
  00003a50    00003a50    000000a8   000000a8    r-- .cinit
20000000    20000000    00000838   00000000    rw-
  20000000    20000000    00000400   00000000    rw- .sysmem
  20000400    20000400    0000022f   00000000    rw- .bss
  20000630    20000630    00000208   00000000    rw- .data
2000fe00    2000fe00    00000200   00000000    rw-
  2000fe00    2000fe00    00000200   00000000    rw- .stack


SECTION ALLOCATION MAP

 output                                  attributes/
section   page    origin      length       input sections
--------  ----  ----------  ----------   ----------------
.intvecs   0    00000000    000000e4     
                  00000000    000000e4     startup_msp432p401r_ccs.obj (.intvecs:retain)

.text      0    000000e4    00003868     
                  000000e4    00000b8c     Final_Project.obj (.text)
                  00000c70    00000a5e     rtsv7M4_T_le_v4SPD16_eabi.lib : _printfi.c.obj (.text:__TI_printfi)
                  000016ce    00000002                                   : _lock.c.obj (.text:_nop)
                  000016d0    00000334     system_msp432p401r.obj (.text)
                  00001a04    00000270     rtsv7M4_T_le_v4SPD16_eabi.lib : _printfi.c.obj (.text:_pconv_a)
                  00001c74    000001d0                                   : _printfi.c.obj (.text:_pconv_g)
                  00001e44    000001b6                                   : fd_add_t2.asm.obj (.text)
                  00001ffa    00000002                                   : div0.asm.obj (.text)
                  00001ffc    0000013c                                   : _printfi.c.obj (.text:_pconv_e)
                  00002138    00000136                                   : fd_div_t2.asm.obj (.text)
                  0000226e    00000002     --HOLE-- [fill = 0]
                  00002270    00000120                                   : _printfi.c.obj (.text:fcvt)
                  00002390    00000114                                   : fputs.c.obj (.text:fputs)
                  000024a4    00000110                                   : s_scalbn.c.obj (.text:scalbn)
                  000025b4    000000fc                                   : fd_mul_t2.asm.obj (.text)
                  000026b0    000000dc                                   : setvbuf.c.obj (.text:setvbuf)
                  0000278c    000000d8                                   : memory.c.obj (.text:free)
                  00002864    000000b1                                   : _printfi.c.obj (.text:_ltostr)
                  00002915    00000001     --HOLE-- [fill = 0]
                  00002916    0000009c                                   : memcpy_t2.asm.obj (.text)
                  000029b2    00000096                                   : ull_div_t2.asm.obj (.text)
                  00002a48    0000008c                                   : fputc.c.obj (.text:fputc)
                  00002ad4    00000086                                   : fd_cmp_t2.asm.obj (.text:__aeabi_cdcmple)
                  00002b5a    00000086                                   : fd_cmp_t2.asm.obj (.text:__aeabi_cdrcmple)
                  00002be0    0000007a                                   : memset_t2.asm.obj (.text)
                  00002c5a    00000002     --HOLE-- [fill = 0]
                  00002c5c    00000078                                   : memory.c.obj (.text:malloc)
                  00002cd4    00000074                                   : fclose.c.obj (.text:__TI_closefile)
                  00002d48    0000006e                                   : _printfi.c.obj (.text:_mcpy)
                  00002db6    00000002     --HOLE-- [fill = 0]
                  00002db8    00000068                                   : hostlseek.c.obj (.text:HOSTlseek)
                  00002e20    00000068                                   : hostrename.c.obj (.text:HOSTrename)
                  00002e88    00000068                                   : copy_decompress_lzss.c.obj (.text:decompress:lzss:__TI_decompress_lzss)
                  00002ef0    00000068                                   : printf.c.obj (.text:printf)
                  00002f58    00000064                                   : s_frexp.c.obj (.text:frexp)
                  00002fbc    00000064                                   : fseek.c.obj (.text:fseek)
                  00003020    00000062                                   : _io_perm.c.obj (.text:__TI_wrt_ok)
                  00003082    00000002     --HOLE-- [fill = 0]
                  00003084    00000060                                   : hostopen.c.obj (.text:HOSTopen)
                  000030e4    0000005c                                   : close.c.obj (.text:close)
                  00003140    00000058                                   : hostread.c.obj (.text:HOSTread)
                  00003198    00000058                                   : hostwrite.c.obj (.text:HOSTwrite)
                  000031f0    00000056                                   : _printfi.c.obj (.text:_pconv_f)
                  00003246    00000054                                   : ltoa.c.obj (.text:ltoa)
                  0000329a    00000052                                   : _printfi.c.obj (.text:_ecpy)
                  000032ec    0000004c                                   : fflush.c.obj (.text:__TI_doflush)
                  00003338    0000004c                                   : atoi.c.obj (.text:atoi)
                  00003384    00000048                                   : exit.c.obj (.text:exit)
                  000033cc    00000048                                   : fd_toi_t2.asm.obj (.text)
                  00003414    00000044                                   : hostclose.c.obj (.text:HOSTclose)
                  00003458    00000044                                   : hostunlink.c.obj (.text:HOSTunlink)
                  0000349c    00000044                                   : autoinit.c.obj (.text:__TI_auto_init_nobinit_nopinit:__TI_auto_init_nobinit_nopinit)
                  000034e0    00000044                                   : getdevice.c.obj (.text:getdevice)
                  00003524    00000040                                   : sprintf.c.obj (.text:sprintf)
                  00003564    0000003e                                   : _printfi.c.obj (.text:_fcpy)
                  000035a2    00000002     --HOLE-- [fill = 0]
                  000035a4    0000003c                                   : memory.c.obj (.text:minsert)
                  000035e0    00000038                                   : trgmsg.c.obj (.text:__TI_writemsg)
                  00003618    00000038                                   : boot_cortex_m.c.obj (.text:_c_int00_noargs:_c_int00_noargs)
                  00003650    00000038                                   : memory.c.obj (.text:minit)
                  00003688    00000036                                   : strncpy.c.obj (.text:strncpy)
                  000036be    00000002     --HOLE-- [fill = 0]
                  000036c0    00000034                                   : fopen.c.obj (.text:__TI_cleanup)
                  000036f4    00000034                                   : trgmsg.c.obj (.text:__TI_readmsg)
                  00003728    00000030                                   : getdevice.c.obj (.text:finddevice)
                  00003758    0000002e                                   : i_tofd_t2.asm.obj (.text)
                  00003786    00000002     --HOLE-- [fill = 0]
                  00003788    0000002c                                   : unlink.c.obj (.text:unlink)
                  000037b4    00000028                                   : lseek.c.obj (.text:lseek)
                  000037dc    00000028                                   : memory.c.obj (.text:mremove)
                  00003804    00000028                                   : write.c.obj (.text:write)
                  0000382c    00000020                                   : memchr.c.obj (.text:memchr)
                  0000384c    0000001c                                   : memccpy.c.obj (.text:memccpy)
                  00003868    00000018                                   : sprintf.c.obj (.text:_outs)
                  00003880    00000018                                   : strcmp.c.obj (.text:strcmp)
                  00003898    00000016                                   : strchr.c.obj (.text:strchr)
                  000038ae    00000014                                   : s_copysign.c.obj (.text:copysign)
                  000038c2    00000014                                   : strcpy.c.obj (.text:strcpy)
                  000038d6    00000014                                   : strlen.c.obj (.text:strlen)
                  000038ea    00000012                                   : copy_zero_init.c.obj (.text:decompress:ZI:__TI_zero_init_nomemset:__TI_zero_init_nomemset)
                  000038fc    00000012                                   : wcslen.c.obj (.text:wcslen)
                  0000390e    0000000e                                   : copy_decompress_none.c.obj (.text:decompress:none:__TI_decompress_none)
                  0000391c    0000000e     startup_msp432p401r_ccs.obj (.text)
                  0000392a    0000000a     rtsv7M4_T_le_v4SPD16_eabi.lib : sprintf.c.obj (.text:_outc)
                  00003934    00000008                                   : errno.c.obj (.text:__aeabi_errno_addr)
                  0000393c    00000004                                   : printf.c.obj (.text:_outc)
                  00003940    00000004                                   : printf.c.obj (.text:_outs)
                  00003944    00000004                                   : pre_init.c.obj (.text:_system_pre_init)
                  00003948    00000004                                   : exit.c.obj (.text:abort:abort)

.const     0    0000394c    00000101     
                  0000394c    00000101     rtsv7M4_T_le_v4SPD16_eabi.lib : ctype.c.obj (.const:.string:_ctypes_)

.cinit     0    00003a50    000000a8     
                  00003a50    00000080     (.cinit..data.load) [load image, compression = lzss]
                  00003ad0    0000000c     (__TI_handler_table)
                  00003adc    00000004     --HOLE-- [fill = 0]
                  00003ae0    00000008     (.cinit..bss.load) [load image, compression = zero_init]
                  00003ae8    00000010     (__TI_cinit_table)

.init_array 
*          0    00000000    00000000     UNINITIALIZED

.binit     0    00000000    00000000     

.sysmem    0    20000000    00000400     UNINITIALIZED
                  20000000    00000008     rtsv7M4_T_le_v4SPD16_eabi.lib : memory.c.obj (.sysmem)
                  20000008    000003f8     --HOLE--

.bss       0    20000400    0000022f     UNINITIALIZED
                  20000400    00000120     rtsv7M4_T_le_v4SPD16_eabi.lib : trgmsg.c.obj (.bss:_CIOBUF_)
                  20000520    000000a0     (.common:__TI_tmpnams)
                  200005c0    00000064     (.common:INPUT_BUFFER)
                  20000624    00000008     (.common:parmbuf)
                  2000062c    00000001     (.common:hours)
                  2000062d    00000001     (.common:mins)
                  2000062e    00000001     (.common:secs)

.data      0    20000630    00000208     UNINITIALIZED
                  20000630    000000f0     rtsv7M4_T_le_v4SPD16_eabi.lib : defs.c.obj (.data:_ftable)
                  20000720    00000078                                   : write.c.obj (.data:_device)
                  20000798    00000050                                   : write.c.obj (.data:_stream)
                  200007e8    00000015     Final_Project.obj (.data)
                  200007fd    00000003     --HOLE--
                  20000800    00000010     rtsv7M4_T_le_v4SPD16_eabi.lib : defs.c.obj (.data)
                  20000810    0000000c                                   : exit.c.obj (.data:$O1$$)
                  2000081c    0000000c                                   : memory.c.obj (.data:$O1$$)
                  20000828    00000008                                   : _lock.c.obj (.data:$O1$$)
                  20000830    00000004                                   : errno.c.obj (.data)
                  20000834    00000004     system_msp432p401r.obj (.data)

.stack     0    2000fe00    00000200     UNINITIALIZED
                  2000fe00    00000004     rtsv7M4_T_le_v4SPD16_eabi.lib : boot_cortex_m.c.obj (.stack)
                  2000fe04    000001fc     --HOLE--

MODULE SUMMARY

       Module                        code    ro data   rw data
       ------                        ----    -------   -------
    ./
       Final_Project.obj             2956    0         248    
       system_msp432p401r.obj        820     0         8      
       startup_msp432p401r_ccs.obj   14      228       0      
    +--+-----------------------------+-------+---------+---------+
       Total:                        3790    228       256    
                                                              
    /Applications/ti/ccsv8/tools/compiler/ti-cgt-arm_18.1.2.LTS/lib/rtsv7M4_T_le_v4SPD16_eabi.lib
       _printfi.c.obj                4863    0         0      
       defs.c.obj                    0       0         832    
       trgmsg.c.obj                  108     0         576    
       memory.c.obj                  492     0         24     
       write.c.obj                   40      0         400    
       fd_add_t2.asm.obj             438     0         0      
       fd_div_t2.asm.obj             310     0         0      
       fputs.c.obj                   276     0         0      
       s_scalbn.c.obj                272     0         0      
       fd_cmp_t2.asm.obj             268     0         0      
       ctype.c.obj                   0       257       0      
       fd_mul_t2.asm.obj             252     0         0      
       setvbuf.c.obj                 220     0         0      
       memcpy_t2.asm.obj             156     0         0      
       ull_div_t2.asm.obj            150     0         0      
       fputc.c.obj                   140     0         0      
       memset_t2.asm.obj             122     0         0      
       fclose.c.obj                  116     0         0      
       getdevice.c.obj               116     0         0      
       hostopen.c.obj                96      0         16     
       printf.c.obj                  112     0         0      
       copy_decompress_lzss.c.obj    104     0         0      
       hostlseek.c.obj               104     0         0      
       hostrename.c.obj              104     0         0      
       exit.c.obj                    76      0         24     
       fseek.c.obj                   100     0         0      
       s_frexp.c.obj                 100     0         0      
       _io_perm.c.obj                98      0         0      
       sprintf.c.obj                 98      0         0      
       close.c.obj                   92      0         0      
       hostread.c.obj                88      0         0      
       hostwrite.c.obj               88      0         0      
       ltoa.c.obj                    84      0         0      
       atoi.c.obj                    76      0         0      
       fflush.c.obj                  76      0         0      
       fd_toi_t2.asm.obj             72      0         0      
       autoinit.c.obj                68      0         0      
       hostclose.c.obj               68      0         0      
       hostunlink.c.obj              68      0         0      
       boot_cortex_m.c.obj           56      0         0      
       strncpy.c.obj                 54      0         0      
       fopen.c.obj                   52      0         0      
       i_tofd_t2.asm.obj             46      0         0      
       unlink.c.obj                  44      0         0      
       lseek.c.obj                   40      0         0      
       memchr.c.obj                  32      0         0      
       memccpy.c.obj                 28      0         0      
       strcmp.c.obj                  24      0         0      
       strchr.c.obj                  22      0         0      
       s_copysign.c.obj              20      0         0      
       strcpy.c.obj                  20      0         0      
       strlen.c.obj                  20      0         0      
       _lock.c.obj                   2       0         16     
       copy_zero_init.c.obj          18      0         0      
       wcslen.c.obj                  18      0         0      
       errno.c.obj                   8       0         8      
       copy_decompress_none.c.obj    14      0         0      
       pre_init.c.obj                4       0         0      
       div0.asm.obj                  2       0         0      
    +--+-----------------------------+-------+---------+---------+
       Total:                        10635   257       1896   
                                                              
       Heap:                         0       0         2048   
       Stack:                        0       0         1024   
       Linker Generated:             0       164       0      
    +--+-----------------------------+-------+---------+---------+
       Grand Total:                  14425   649       5224   


LINKER GENERATED COPY TABLES

__TI_cinit_table @ 00003ae8 records: 2, size/record: 8, table size: 16
	.data: load addr=00003a50, load size=00000080 bytes, run addr=20000630, run size=00000208 bytes, compression=lzss
	.bss: load addr=00003ae0, load size=00000008 bytes, run addr=20000400, run size=0000022f bytes, compression=zero_init


LINKER GENERATED HANDLER TABLE

__TI_handler_table @ 00003ad0 records: 3, size/record: 4, table size: 12
	index: 0, handler: __TI_decompress_lzss
	index: 1, handler: __TI_decompress_none
	index: 2, handler: __TI_zero_init


GLOBAL SYMBOLS: SORTED ALPHABETICALLY BY Name 

address   name                           
-------   ----                           
00003929  ADC14_IRQHandler               
00003929  AES256_IRQHandler              
200007f8  Ahours                         
200007f9  Amins                          
00003929  BusFault_Handler               
00000923  Byte                           
00003949  C$$EXIT                        
0000360f  C$$IO$$                        
00003929  COMP_E0_IRQHandler             
00003929  COMP_E1_IRQHandler             
00003929  CS_IRQHandler                  
00003929  DMA_ERR_IRQHandler             
00003929  DMA_INT0_IRQHandler            
00003929  DMA_INT1_IRQHandler            
00003929  DMA_INT2_IRQHandler            
00003929  DMA_INT3_IRQHandler            
00003929  DebugMon_Handler               
00003929  Default_Handler                
00000aad  EUSCIA0_IRQHandler             
00000aad  EUSCIA0_IRQHandler             
00003929  EUSCIA1_IRQHandler             
00003929  EUSCIA2_IRQHandler             
00003929  EUSCIA3_IRQHandler             
00003929  EUSCIB0_IRQHandler             
00003929  EUSCIB1_IRQHandler             
00003929  EUSCIB2_IRQHandler             
00003929  EUSCIB3_IRQHandler             
00003929  FLCTL_IRQHandler               
00003929  FPU_IRQHandler                 
00003415  HOSTclose                      
00002db9  HOSTlseek                      
00003085  HOSTopen                       
00003141  HOSTread                       
00002e21  HOSTrename                     
00003459  HOSTunlink                     
00003199  HOSTwrite                      
00003929  HardFault_Handler              
200005c0  INPUT_BUFFER                   
00000811  LCD_init                       
000009a3  LCD_pin_init                   
00003929  MemManage_Handler              
00003929  NMI_Handler                    
0000096b  Nibble                         
00003929  PCM_IRQHandler                 
00003929  PORT1_IRQHandler               
00003929  PORT2_IRQHandler               
00003929  PORT3_IRQHandler               
00003929  PORT4_IRQHandler               
00003929  PORT5_IRQHandler               
00003929  PORT6_IRQHandler               
00003929  PSS_IRQHandler                 
00003929  PendSV_Handler                 
000008c9  PulseEnablePin                 
00000791  RTC_C_IRQHandler               
00000791  RTC_C_IRQHandler               
000006fd  RTC_Init                       
0000391d  Reset_Handler                  
00003929  SVC_Handler                    
200007fa  Shours                         
200007fb  Smins                          
200007fc  Ssecs                          
00003929  SysTick_Handler                
00000a37  SysTick_Init                   
20000834  SystemCoreClock                
000016d1  SystemCoreClockUpdate          
00001949  SystemInit                     
00000a53  Systick_ms_delay               
00000a13  Systick_us_delay               
00003929  T32_INT1_IRQHandler            
00003929  T32_INT2_IRQHandler            
00003929  T32_INTC_IRQHandler            
00003929  TA0_0_IRQHandler               
00003929  TA0_N_IRQHandler               
00003929  TA1_0_IRQHandler               
00003929  TA1_N_IRQHandler               
00003929  TA2_0_IRQHandler               
00003929  TA2_N_IRQHandler               
00003929  TA3_0_IRQHandler               
00003929  TA3_N_IRQHandler               
00003929  UsageFault_Handler             
4000480c  WDTCTL_SYM                     
00003929  WDT_A_IRQHandler               
20000400  __CIOBUF_                      
20010000  __STACK_END                    
00000200  __STACK_SIZE                   
00000400  __SYSMEM_SIZE                  
00003ae8  __TI_CINIT_Base                
00003af8  __TI_CINIT_Limit               
00003ad0  __TI_Handler_Table_Base        
00003adc  __TI_Handler_Table_Limit       
0000349d  __TI_auto_init_nobinit_nopinit 
000036c1  __TI_cleanup                   
20000810  __TI_cleanup_ptr               
00002cd5  __TI_closefile                 
00002e89  __TI_decompress_lzss           
0000390f  __TI_decompress_none           
000032ed  __TI_doflush                   
20000814  __TI_dtors_ptr                 
20000818  __TI_enable_exit_profile_output
20000800  __TI_ft_end                    
ffffffff  __TI_pprof_out_hndl            
00000c71  __TI_printfi                   
ffffffff  __TI_prof_data_size            
ffffffff  __TI_prof_data_start           
000036f5  __TI_readmsg                   
00000000  __TI_static_base__             
20000520  __TI_tmpnams                   
000035e1  __TI_writemsg                  
00003021  __TI_wrt_ok                    
000038eb  __TI_zero_init_nomemset        
00002ad5  __aeabi_cdcmpeq                
00002ad5  __aeabi_cdcmple                
00002b5b  __aeabi_cdrcmple               
000033cd  __aeabi_d2iz                   
00001e4f  __aeabi_dadd                   
00002139  __aeabi_ddiv                   
000025b5  __aeabi_dmul                   
00001e45  __aeabi_dsub                   
00003935  __aeabi_errno_addr             
00003759  __aeabi_i2d                    
00001ffb  __aeabi_idiv0                  
00001ffb  __aeabi_ldiv0                  
00002be1  __aeabi_memclr                 
00002be1  __aeabi_memclr4                
00002be1  __aeabi_memclr8                
00002917  __aeabi_memcpy                 
00002917  __aeabi_memcpy4                
00002917  __aeabi_memcpy8                
00002be3  __aeabi_memset                 
00002be3  __aeabi_memset4                
00002be3  __aeabi_memset8                
2000080c  __aeabi_stderr                 
20000804  __aeabi_stdin                  
20000808  __aeabi_stdout                 
000029b3  __aeabi_uldivmod               
ffffffff  __binit__                      
ffffffff  __c_args__                     
UNDEFED   __mpu_init                     
2000fe00  __stack                        
00003619  _c_int00_noargs                
0000394c  _ctypes_                       
20000720  _device                        
20000630  _ftable                        
20000828  _lock                          
000016cf  _nop                           
20000798  _stream                        
20000000  _sys_memory                    
UNDEFED   _system_post_cinit             
00003945  _system_pre_init               
2000082c  _unlock                        
00003949  abort                          
200007f4  alarm_update                   
00003339  atoi                           
ffffffff  binit                          
000030e5  close                          
000038af  copysign                       
000038af  copysignl                      
000008a7  dataWrite                      
20000830  errno                          
00003385  exit                           
00003729  finddevice                     
00002a49  fputc                          
00002391  fputs                          
0000278d  free                           
00002f59  frexp                          
00002f59  frexpl                         
00002fbd  fseek                          
000034e1  getdevice                      
2000062c  hours                          
00000000  interruptVectors               
000024a5  ldexp                          
000024a5  ldexpl                         
000037b5  lseek                          
00003247  ltoa                           
00000115  main                           
00002c5d  malloc                         
0000384d  memccpy                        
0000382d  memchr                         
00002917  memcpy                         
00002be9  memset                         
00003651  minit                          
2000062d  mins                           
200007ec  newcom                         
20000624  parmbuf                        
00002ef1  printf                         
00002a49  putc                           
00000b3d  readInput                      
200007e9  read_location                  
00003789  remove                         
000024a5  scalbn                         
000024a5  scalbnl                        
2000062e  secs                           
00000bb1  setupSerial                    
000026b1  setvbuf                        
00003525  sprintf                        
200007e8  storage_location               
00003899  strchr                         
00003881  strcmp                         
000038c3  strcpy                         
000038d7  strlen                         
00003689  strncpy                        
200007f0  time_update                    
00003789  unlink                         
000038fd  wcslen                         
00003805  write                          
00000af5  writeOutput                    
0000088d  write_command                  


GLOBAL SYMBOLS: SORTED BY Symbol Address 

address   name                           
-------   ----                           
00000000  __TI_static_base__             
00000000  interruptVectors               
00000115  main                           
00000200  __STACK_SIZE                   
00000400  __SYSMEM_SIZE                  
000006fd  RTC_Init                       
00000791  RTC_C_IRQHandler               
00000791  RTC_C_IRQHandler               
00000811  LCD_init                       
0000088d  write_command                  
000008a7  dataWrite                      
000008c9  PulseEnablePin                 
00000923  Byte                           
0000096b  Nibble                         
000009a3  LCD_pin_init                   
00000a13  Systick_us_delay               
00000a37  SysTick_Init                   
00000a53  Systick_ms_delay               
00000aad  EUSCIA0_IRQHandler             
00000aad  EUSCIA0_IRQHandler             
00000af5  writeOutput                    
00000b3d  readInput                      
00000bb1  setupSerial                    
00000c71  __TI_printfi                   
000016cf  _nop                           
000016d1  SystemCoreClockUpdate          
00001949  SystemInit                     
00001e45  __aeabi_dsub                   
00001e4f  __aeabi_dadd                   
00001ffb  __aeabi_idiv0                  
00001ffb  __aeabi_ldiv0                  
00002139  __aeabi_ddiv                   
00002391  fputs                          
000024a5  ldexp                          
000024a5  ldexpl                         
000024a5  scalbn                         
000024a5  scalbnl                        
000025b5  __aeabi_dmul                   
000026b1  setvbuf                        
0000278d  free                           
00002917  __aeabi_memcpy                 
00002917  __aeabi_memcpy4                
00002917  __aeabi_memcpy8                
00002917  memcpy                         
000029b3  __aeabi_uldivmod               
00002a49  fputc                          
00002a49  putc                           
00002ad5  __aeabi_cdcmpeq                
00002ad5  __aeabi_cdcmple                
00002b5b  __aeabi_cdrcmple               
00002be1  __aeabi_memclr                 
00002be1  __aeabi_memclr4                
00002be1  __aeabi_memclr8                
00002be3  __aeabi_memset                 
00002be3  __aeabi_memset4                
00002be3  __aeabi_memset8                
00002be9  memset                         
00002c5d  malloc                         
00002cd5  __TI_closefile                 
00002db9  HOSTlseek                      
00002e21  HOSTrename                     
00002e89  __TI_decompress_lzss           
00002ef1  printf                         
00002f59  frexp                          
00002f59  frexpl                         
00002fbd  fseek                          
00003021  __TI_wrt_ok                    
00003085  HOSTopen                       
000030e5  close                          
00003141  HOSTread                       
00003199  HOSTwrite                      
00003247  ltoa                           
000032ed  __TI_doflush                   
00003339  atoi                           
00003385  exit                           
000033cd  __aeabi_d2iz                   
00003415  HOSTclose                      
00003459  HOSTunlink                     
0000349d  __TI_auto_init_nobinit_nopinit 
000034e1  getdevice                      
00003525  sprintf                        
000035e1  __TI_writemsg                  
0000360f  C$$IO$$                        
00003619  _c_int00_noargs                
00003651  minit                          
00003689  strncpy                        
000036c1  __TI_cleanup                   
000036f5  __TI_readmsg                   
00003729  finddevice                     
00003759  __aeabi_i2d                    
00003789  remove                         
00003789  unlink                         
000037b5  lseek                          
00003805  write                          
0000382d  memchr                         
0000384d  memccpy                        
00003881  strcmp                         
00003899  strchr                         
000038af  copysign                       
000038af  copysignl                      
000038c3  strcpy                         
000038d7  strlen                         
000038eb  __TI_zero_init_nomemset        
000038fd  wcslen                         
0000390f  __TI_decompress_none           
0000391d  Reset_Handler                  
00003929  ADC14_IRQHandler               
00003929  AES256_IRQHandler              
00003929  BusFault_Handler               
00003929  COMP_E0_IRQHandler             
00003929  COMP_E1_IRQHandler             
00003929  CS_IRQHandler                  
00003929  DMA_ERR_IRQHandler             
00003929  DMA_INT0_IRQHandler            
00003929  DMA_INT1_IRQHandler            
00003929  DMA_INT2_IRQHandler            
00003929  DMA_INT3_IRQHandler            
00003929  DebugMon_Handler               
00003929  Default_Handler                
00003929  EUSCIA1_IRQHandler             
00003929  EUSCIA2_IRQHandler             
00003929  EUSCIA3_IRQHandler             
00003929  EUSCIB0_IRQHandler             
00003929  EUSCIB1_IRQHandler             
00003929  EUSCIB2_IRQHandler             
00003929  EUSCIB3_IRQHandler             
00003929  FLCTL_IRQHandler               
00003929  FPU_IRQHandler                 
00003929  HardFault_Handler              
00003929  MemManage_Handler              
00003929  NMI_Handler                    
00003929  PCM_IRQHandler                 
00003929  PORT1_IRQHandler               
00003929  PORT2_IRQHandler               
00003929  PORT3_IRQHandler               
00003929  PORT4_IRQHandler               
00003929  PORT5_IRQHandler               
00003929  PORT6_IRQHandler               
00003929  PSS_IRQHandler                 
00003929  PendSV_Handler                 
00003929  SVC_Handler                    
00003929  SysTick_Handler                
00003929  T32_INT1_IRQHandler            
00003929  T32_INT2_IRQHandler            
00003929  T32_INTC_IRQHandler            
00003929  TA0_0_IRQHandler               
00003929  TA0_N_IRQHandler               
00003929  TA1_0_IRQHandler               
00003929  TA1_N_IRQHandler               
00003929  TA2_0_IRQHandler               
00003929  TA2_N_IRQHandler               
00003929  TA3_0_IRQHandler               
00003929  TA3_N_IRQHandler               
00003929  UsageFault_Handler             
00003929  WDT_A_IRQHandler               
00003935  __aeabi_errno_addr             
00003945  _system_pre_init               
00003949  C$$EXIT                        
00003949  abort                          
0000394c  _ctypes_                       
00003ad0  __TI_Handler_Table_Base        
00003adc  __TI_Handler_Table_Limit       
00003ae8  __TI_CINIT_Base                
00003af8  __TI_CINIT_Limit               
20000000  _sys_memory                    
20000400  __CIOBUF_                      
20000520  __TI_tmpnams                   
200005c0  INPUT_BUFFER                   
20000624  parmbuf                        
2000062c  hours                          
2000062d  mins                           
2000062e  secs                           
20000630  _ftable                        
20000720  _device                        
20000798  _stream                        
200007e8  storage_location               
200007e9  read_location                  
200007ec  newcom                         
200007f0  time_update                    
200007f4  alarm_update                   
200007f8  Ahours                         
200007f9  Amins                          
200007fa  Shours                         
200007fb  Smins                          
200007fc  Ssecs                          
20000800  __TI_ft_end                    
20000804  __aeabi_stdin                  
20000808  __aeabi_stdout                 
2000080c  __aeabi_stderr                 
20000810  __TI_cleanup_ptr               
20000814  __TI_dtors_ptr                 
20000818  __TI_enable_exit_profile_output
20000828  _lock                          
2000082c  _unlock                        
20000830  errno                          
20000834  SystemCoreClock                
2000fe00  __stack                        
20010000  __STACK_END                    
4000480c  WDTCTL_SYM                     
ffffffff  __TI_pprof_out_hndl            
ffffffff  __TI_prof_data_size            
ffffffff  __TI_prof_data_start           
ffffffff  __binit__                      
ffffffff  __c_args__                     
ffffffff  binit                          
UNDEFED   __mpu_init                     
UNDEFED   _system_post_cinit             

[207 symbols]
