<?xml version="1.0" encoding="ISO-8859-1" ?>
<link_info>
   <banner>TI ARM Linker Unix v18.1.2.LTS</banner>
   <copyright>Copyright (c) 1996-2017 Texas Instruments Incorporated</copyright>
   <link_time>0x5bff1f8a</link_time>
   <link_errors>0x0</link_errors>
   <output_file>Final_.out</output_file>
   <entry_point>
      <name>_c_int00_noargs</name>
      <address>0x38a9</address>
   </entry_point>
   <input_file_list>
      <input_file id="fl-1">
         <path>./</path>
         <kind>object</kind>
         <file>Final_Project.obj</file>
         <name>Final_Project.obj</name>
      </input_file>
      <input_file id="fl-2">
         <path>./</path>
         <kind>object</kind>
         <file>startup_msp432p401r_ccs.obj</file>
         <name>startup_msp432p401r_ccs.obj</name>
      </input_file>
      <input_file id="fl-3">
         <path>./</path>
         <kind>object</kind>
         <file>system_msp432p401r.obj</file>
         <name>system_msp432p401r.obj</name>
      </input_file>
      <input_file id="fl-7">
         <kind>object</kind>
         <file>&lt;internal&gt;</file>
         <name>&lt;internal&gt;</name>
      </input_file>
      <input_file id="fl-bd">
         <path>/Applications/ti/ccsv8/tools/compiler/ti-cgt-arm_18.1.2.LTS/lib/</path>
         <kind>archive</kind>
         <file>rtsv7M4_T_le_v4SPD16_eabi.lib</file>
         <name>copy_zero_init.c.obj</name>
      </input_file>
      <input_file id="fl-be">
         <path>/Applications/ti/ccsv8/tools/compiler/ti-cgt-arm_18.1.2.LTS/lib/</path>
         <kind>archive</kind>
         <file>rtsv7M4_T_le_v4SPD16_eabi.lib</file>
         <name>copy_decompress_none.c.obj</name>
      </input_file>
      <input_file id="fl-bf">
         <path>/Applications/ti/ccsv8/tools/compiler/ti-cgt-arm_18.1.2.LTS/lib/</path>
         <kind>archive</kind>
         <file>rtsv7M4_T_le_v4SPD16_eabi.lib</file>
         <name>copy_decompress_lzss.c.obj</name>
      </input_file>
      <input_file id="fl-c0">
         <path>/Applications/ti/ccsv8/tools/compiler/ti-cgt-arm_18.1.2.LTS/lib/</path>
         <kind>archive</kind>
         <file>rtsv7M4_T_le_v4SPD16_eabi.lib</file>
         <name>boot_cortex_m.c.obj</name>
      </input_file>
      <input_file id="fl-c1">
         <path>/Applications/ti/ccsv8/tools/compiler/ti-cgt-arm_18.1.2.LTS/lib/</path>
         <kind>archive</kind>
         <file>rtsv7M4_T_le_v4SPD16_eabi.lib</file>
         <name>exit.c.obj</name>
      </input_file>
      <input_file id="fl-c2">
         <path>/Applications/ti/ccsv8/tools/compiler/ti-cgt-arm_18.1.2.LTS/lib/</path>
         <kind>archive</kind>
         <file>rtsv7M4_T_le_v4SPD16_eabi.lib</file>
         <name>_lock.c.obj</name>
      </input_file>
      <input_file id="fl-c3">
         <path>/Applications/ti/ccsv8/tools/compiler/ti-cgt-arm_18.1.2.LTS/lib/</path>
         <kind>archive</kind>
         <file>rtsv7M4_T_le_v4SPD16_eabi.lib</file>
         <name>args_main.c.obj</name>
      </input_file>
      <input_file id="fl-c4">
         <path>/Applications/ti/ccsv8/tools/compiler/ti-cgt-arm_18.1.2.LTS/lib/</path>
         <kind>archive</kind>
         <file>rtsv7M4_T_le_v4SPD16_eabi.lib</file>
         <name>printf.c.obj</name>
      </input_file>
      <input_file id="fl-c5">
         <path>/Applications/ti/ccsv8/tools/compiler/ti-cgt-arm_18.1.2.LTS/lib/</path>
         <kind>archive</kind>
         <file>rtsv7M4_T_le_v4SPD16_eabi.lib</file>
         <name>sprintf.c.obj</name>
      </input_file>
      <input_file id="fl-c6">
         <path>/Applications/ti/ccsv8/tools/compiler/ti-cgt-arm_18.1.2.LTS/lib/</path>
         <kind>archive</kind>
         <file>rtsv7M4_T_le_v4SPD16_eabi.lib</file>
         <name>memset_t2.asm.obj</name>
      </input_file>
      <input_file id="fl-c7">
         <path>/Applications/ti/ccsv8/tools/compiler/ti-cgt-arm_18.1.2.LTS/lib/</path>
         <kind>archive</kind>
         <file>rtsv7M4_T_le_v4SPD16_eabi.lib</file>
         <name>memcpy_t2.asm.obj</name>
      </input_file>
      <input_file id="fl-c8">
         <path>/Applications/ti/ccsv8/tools/compiler/ti-cgt-arm_18.1.2.LTS/lib/</path>
         <kind>archive</kind>
         <file>rtsv7M4_T_le_v4SPD16_eabi.lib</file>
         <name>autoinit.c.obj</name>
      </input_file>
      <input_file id="fl-c9">
         <path>/Applications/ti/ccsv8/tools/compiler/ti-cgt-arm_18.1.2.LTS/lib/</path>
         <kind>archive</kind>
         <file>rtsv7M4_T_le_v4SPD16_eabi.lib</file>
         <name>pre_init.c.obj</name>
      </input_file>
      <input_file id="fl-ca">
         <path>/Applications/ti/ccsv8/tools/compiler/ti-cgt-arm_18.1.2.LTS/lib/</path>
         <kind>archive</kind>
         <file>rtsv7M4_T_le_v4SPD16_eabi.lib</file>
         <name>cpy_tbl.c.obj</name>
      </input_file>
      <input_file id="fl-cb">
         <path>/Applications/ti/ccsv8/tools/compiler/ti-cgt-arm_18.1.2.LTS/lib/</path>
         <kind>archive</kind>
         <file>rtsv7M4_T_le_v4SPD16_eabi.lib</file>
         <name>_printfi.c.obj</name>
      </input_file>
      <input_file id="fl-cc">
         <path>/Applications/ti/ccsv8/tools/compiler/ti-cgt-arm_18.1.2.LTS/lib/</path>
         <kind>archive</kind>
         <file>rtsv7M4_T_le_v4SPD16_eabi.lib</file>
         <name>atoi.c.obj</name>
      </input_file>
      <input_file id="fl-cd">
         <path>/Applications/ti/ccsv8/tools/compiler/ti-cgt-arm_18.1.2.LTS/lib/</path>
         <kind>archive</kind>
         <file>rtsv7M4_T_le_v4SPD16_eabi.lib</file>
         <name>ctype.c.obj</name>
      </input_file>
      <input_file id="fl-ce">
         <path>/Applications/ti/ccsv8/tools/compiler/ti-cgt-arm_18.1.2.LTS/lib/</path>
         <kind>archive</kind>
         <file>rtsv7M4_T_le_v4SPD16_eabi.lib</file>
         <name>defs.c.obj</name>
      </input_file>
      <input_file id="fl-cf">
         <path>/Applications/ti/ccsv8/tools/compiler/ti-cgt-arm_18.1.2.LTS/lib/</path>
         <kind>archive</kind>
         <file>rtsv7M4_T_le_v4SPD16_eabi.lib</file>
         <name>fputc.c.obj</name>
      </input_file>
      <input_file id="fl-d0">
         <path>/Applications/ti/ccsv8/tools/compiler/ti-cgt-arm_18.1.2.LTS/lib/</path>
         <kind>archive</kind>
         <file>rtsv7M4_T_le_v4SPD16_eabi.lib</file>
         <name>fputs.c.obj</name>
      </input_file>
      <input_file id="fl-d1">
         <path>/Applications/ti/ccsv8/tools/compiler/ti-cgt-arm_18.1.2.LTS/lib/</path>
         <kind>archive</kind>
         <file>rtsv7M4_T_le_v4SPD16_eabi.lib</file>
         <name>ltoa.c.obj</name>
      </input_file>
      <input_file id="fl-d2">
         <path>/Applications/ti/ccsv8/tools/compiler/ti-cgt-arm_18.1.2.LTS/lib/</path>
         <kind>archive</kind>
         <file>rtsv7M4_T_le_v4SPD16_eabi.lib</file>
         <name>memccpy.c.obj</name>
      </input_file>
      <input_file id="fl-d3">
         <path>/Applications/ti/ccsv8/tools/compiler/ti-cgt-arm_18.1.2.LTS/lib/</path>
         <kind>archive</kind>
         <file>rtsv7M4_T_le_v4SPD16_eabi.lib</file>
         <name>memchr.c.obj</name>
      </input_file>
      <input_file id="fl-d4">
         <path>/Applications/ti/ccsv8/tools/compiler/ti-cgt-arm_18.1.2.LTS/lib/</path>
         <kind>archive</kind>
         <file>rtsv7M4_T_le_v4SPD16_eabi.lib</file>
         <name>strchr.c.obj</name>
      </input_file>
      <input_file id="fl-d5">
         <path>/Applications/ti/ccsv8/tools/compiler/ti-cgt-arm_18.1.2.LTS/lib/</path>
         <kind>archive</kind>
         <file>rtsv7M4_T_le_v4SPD16_eabi.lib</file>
         <name>strlen.c.obj</name>
      </input_file>
      <input_file id="fl-d6">
         <path>/Applications/ti/ccsv8/tools/compiler/ti-cgt-arm_18.1.2.LTS/lib/</path>
         <kind>archive</kind>
         <file>rtsv7M4_T_le_v4SPD16_eabi.lib</file>
         <name>write.c.obj</name>
      </input_file>
      <input_file id="fl-d7">
         <path>/Applications/ti/ccsv8/tools/compiler/ti-cgt-arm_18.1.2.LTS/lib/</path>
         <kind>archive</kind>
         <file>rtsv7M4_T_le_v4SPD16_eabi.lib</file>
         <name>s_frexp.c.obj</name>
      </input_file>
      <input_file id="fl-d8">
         <path>/Applications/ti/ccsv8/tools/compiler/ti-cgt-arm_18.1.2.LTS/lib/</path>
         <kind>archive</kind>
         <file>rtsv7M4_T_le_v4SPD16_eabi.lib</file>
         <name>s_scalbn.c.obj</name>
      </input_file>
      <input_file id="fl-d9">
         <path>/Applications/ti/ccsv8/tools/compiler/ti-cgt-arm_18.1.2.LTS/lib/</path>
         <kind>archive</kind>
         <file>rtsv7M4_T_le_v4SPD16_eabi.lib</file>
         <name>s_copysign.c.obj</name>
      </input_file>
      <input_file id="fl-da">
         <path>/Applications/ti/ccsv8/tools/compiler/ti-cgt-arm_18.1.2.LTS/lib/</path>
         <kind>archive</kind>
         <file>rtsv7M4_T_le_v4SPD16_eabi.lib</file>
         <name>wcslen.c.obj</name>
      </input_file>
      <input_file id="fl-db">
         <path>/Applications/ti/ccsv8/tools/compiler/ti-cgt-arm_18.1.2.LTS/lib/</path>
         <kind>archive</kind>
         <file>rtsv7M4_T_le_v4SPD16_eabi.lib</file>
         <name>fd_add_t2.asm.obj</name>
      </input_file>
      <input_file id="fl-dc">
         <path>/Applications/ti/ccsv8/tools/compiler/ti-cgt-arm_18.1.2.LTS/lib/</path>
         <kind>archive</kind>
         <file>rtsv7M4_T_le_v4SPD16_eabi.lib</file>
         <name>fd_cmp_t2.asm.obj</name>
      </input_file>
      <input_file id="fl-dd">
         <path>/Applications/ti/ccsv8/tools/compiler/ti-cgt-arm_18.1.2.LTS/lib/</path>
         <kind>archive</kind>
         <file>rtsv7M4_T_le_v4SPD16_eabi.lib</file>
         <name>fd_div_t2.asm.obj</name>
      </input_file>
      <input_file id="fl-de">
         <path>/Applications/ti/ccsv8/tools/compiler/ti-cgt-arm_18.1.2.LTS/lib/</path>
         <kind>archive</kind>
         <file>rtsv7M4_T_le_v4SPD16_eabi.lib</file>
         <name>fd_mul_t2.asm.obj</name>
      </input_file>
      <input_file id="fl-df">
         <path>/Applications/ti/ccsv8/tools/compiler/ti-cgt-arm_18.1.2.LTS/lib/</path>
         <kind>archive</kind>
         <file>rtsv7M4_T_le_v4SPD16_eabi.lib</file>
         <name>fd_toi_t2.asm.obj</name>
      </input_file>
      <input_file id="fl-e0">
         <path>/Applications/ti/ccsv8/tools/compiler/ti-cgt-arm_18.1.2.LTS/lib/</path>
         <kind>archive</kind>
         <file>rtsv7M4_T_le_v4SPD16_eabi.lib</file>
         <name>i_tofd_t2.asm.obj</name>
      </input_file>
      <input_file id="fl-e1">
         <path>/Applications/ti/ccsv8/tools/compiler/ti-cgt-arm_18.1.2.LTS/lib/</path>
         <kind>archive</kind>
         <file>rtsv7M4_T_le_v4SPD16_eabi.lib</file>
         <name>ull_div_t2.asm.obj</name>
      </input_file>
      <input_file id="fl-e2">
         <path>/Applications/ti/ccsv8/tools/compiler/ti-cgt-arm_18.1.2.LTS/lib/</path>
         <kind>archive</kind>
         <file>rtsv7M4_T_le_v4SPD16_eabi.lib</file>
         <name>errno.c.obj</name>
      </input_file>
      <input_file id="fl-e3">
         <path>/Applications/ti/ccsv8/tools/compiler/ti-cgt-arm_18.1.2.LTS/lib/</path>
         <kind>archive</kind>
         <file>rtsv7M4_T_le_v4SPD16_eabi.lib</file>
         <name>_io_perm.c.obj</name>
      </input_file>
      <input_file id="fl-e4">
         <path>/Applications/ti/ccsv8/tools/compiler/ti-cgt-arm_18.1.2.LTS/lib/</path>
         <kind>archive</kind>
         <file>rtsv7M4_T_le_v4SPD16_eabi.lib</file>
         <name>fflush.c.obj</name>
      </input_file>
      <input_file id="fl-e5">
         <path>/Applications/ti/ccsv8/tools/compiler/ti-cgt-arm_18.1.2.LTS/lib/</path>
         <kind>archive</kind>
         <file>rtsv7M4_T_le_v4SPD16_eabi.lib</file>
         <name>fseek.c.obj</name>
      </input_file>
      <input_file id="fl-e6">
         <path>/Applications/ti/ccsv8/tools/compiler/ti-cgt-arm_18.1.2.LTS/lib/</path>
         <kind>archive</kind>
         <file>rtsv7M4_T_le_v4SPD16_eabi.lib</file>
         <name>lseek.c.obj</name>
      </input_file>
      <input_file id="fl-e7">
         <path>/Applications/ti/ccsv8/tools/compiler/ti-cgt-arm_18.1.2.LTS/lib/</path>
         <kind>archive</kind>
         <file>rtsv7M4_T_le_v4SPD16_eabi.lib</file>
         <name>setvbuf.c.obj</name>
      </input_file>
      <input_file id="fl-e8">
         <path>/Applications/ti/ccsv8/tools/compiler/ti-cgt-arm_18.1.2.LTS/lib/</path>
         <kind>archive</kind>
         <file>rtsv7M4_T_le_v4SPD16_eabi.lib</file>
         <name>hostclose.c.obj</name>
      </input_file>
      <input_file id="fl-e9">
         <path>/Applications/ti/ccsv8/tools/compiler/ti-cgt-arm_18.1.2.LTS/lib/</path>
         <kind>archive</kind>
         <file>rtsv7M4_T_le_v4SPD16_eabi.lib</file>
         <name>hostlseek.c.obj</name>
      </input_file>
      <input_file id="fl-ea">
         <path>/Applications/ti/ccsv8/tools/compiler/ti-cgt-arm_18.1.2.LTS/lib/</path>
         <kind>archive</kind>
         <file>rtsv7M4_T_le_v4SPD16_eabi.lib</file>
         <name>hostopen.c.obj</name>
      </input_file>
      <input_file id="fl-eb">
         <path>/Applications/ti/ccsv8/tools/compiler/ti-cgt-arm_18.1.2.LTS/lib/</path>
         <kind>archive</kind>
         <file>rtsv7M4_T_le_v4SPD16_eabi.lib</file>
         <name>hostread.c.obj</name>
      </input_file>
      <input_file id="fl-ec">
         <path>/Applications/ti/ccsv8/tools/compiler/ti-cgt-arm_18.1.2.LTS/lib/</path>
         <kind>archive</kind>
         <file>rtsv7M4_T_le_v4SPD16_eabi.lib</file>
         <name>hostrename.c.obj</name>
      </input_file>
      <input_file id="fl-ed">
         <path>/Applications/ti/ccsv8/tools/compiler/ti-cgt-arm_18.1.2.LTS/lib/</path>
         <kind>archive</kind>
         <file>rtsv7M4_T_le_v4SPD16_eabi.lib</file>
         <name>hostunlink.c.obj</name>
      </input_file>
      <input_file id="fl-ee">
         <path>/Applications/ti/ccsv8/tools/compiler/ti-cgt-arm_18.1.2.LTS/lib/</path>
         <kind>archive</kind>
         <file>rtsv7M4_T_le_v4SPD16_eabi.lib</file>
         <name>hostwrite.c.obj</name>
      </input_file>
      <input_file id="fl-ef">
         <path>/Applications/ti/ccsv8/tools/compiler/ti-cgt-arm_18.1.2.LTS/lib/</path>
         <kind>archive</kind>
         <file>rtsv7M4_T_le_v4SPD16_eabi.lib</file>
         <name>trgmsg.c.obj</name>
      </input_file>
      <input_file id="fl-f0">
         <path>/Applications/ti/ccsv8/tools/compiler/ti-cgt-arm_18.1.2.LTS/lib/</path>
         <kind>archive</kind>
         <file>rtsv7M4_T_le_v4SPD16_eabi.lib</file>
         <name>div0.asm.obj</name>
      </input_file>
      <input_file id="fl-f1">
         <path>/Applications/ti/ccsv8/tools/compiler/ti-cgt-arm_18.1.2.LTS/lib/</path>
         <kind>archive</kind>
         <file>rtsv7M4_T_le_v4SPD16_eabi.lib</file>
         <name>memory.c.obj</name>
      </input_file>
      <input_file id="fl-f2">
         <path>/Applications/ti/ccsv8/tools/compiler/ti-cgt-arm_18.1.2.LTS/lib/</path>
         <kind>archive</kind>
         <file>rtsv7M4_T_le_v4SPD16_eabi.lib</file>
         <name>fopen.c.obj</name>
      </input_file>
      <input_file id="fl-f3">
         <path>/Applications/ti/ccsv8/tools/compiler/ti-cgt-arm_18.1.2.LTS/lib/</path>
         <kind>archive</kind>
         <file>rtsv7M4_T_le_v4SPD16_eabi.lib</file>
         <name>open.c.obj</name>
      </input_file>
      <input_file id="fl-f4">
         <path>/Applications/ti/ccsv8/tools/compiler/ti-cgt-arm_18.1.2.LTS/lib/</path>
         <kind>archive</kind>
         <file>rtsv7M4_T_le_v4SPD16_eabi.lib</file>
         <name>strcpy.c.obj</name>
      </input_file>
      <input_file id="fl-f5">
         <path>/Applications/ti/ccsv8/tools/compiler/ti-cgt-arm_18.1.2.LTS/lib/</path>
         <kind>archive</kind>
         <file>rtsv7M4_T_le_v4SPD16_eabi.lib</file>
         <name>fclose.c.obj</name>
      </input_file>
      <input_file id="fl-f6">
         <path>/Applications/ti/ccsv8/tools/compiler/ti-cgt-arm_18.1.2.LTS/lib/</path>
         <kind>archive</kind>
         <file>rtsv7M4_T_le_v4SPD16_eabi.lib</file>
         <name>getdevice.c.obj</name>
      </input_file>
      <input_file id="fl-f7">
         <path>/Applications/ti/ccsv8/tools/compiler/ti-cgt-arm_18.1.2.LTS/lib/</path>
         <kind>archive</kind>
         <file>rtsv7M4_T_le_v4SPD16_eabi.lib</file>
         <name>remove.c.obj</name>
      </input_file>
      <input_file id="fl-f8">
         <path>/Applications/ti/ccsv8/tools/compiler/ti-cgt-arm_18.1.2.LTS/lib/</path>
         <kind>archive</kind>
         <file>rtsv7M4_T_le_v4SPD16_eabi.lib</file>
         <name>strcmp.c.obj</name>
      </input_file>
      <input_file id="fl-f9">
         <path>/Applications/ti/ccsv8/tools/compiler/ti-cgt-arm_18.1.2.LTS/lib/</path>
         <kind>archive</kind>
         <file>rtsv7M4_T_le_v4SPD16_eabi.lib</file>
         <name>strncpy.c.obj</name>
      </input_file>
      <input_file id="fl-fa">
         <path>/Applications/ti/ccsv8/tools/compiler/ti-cgt-arm_18.1.2.LTS/lib/</path>
         <kind>archive</kind>
         <file>rtsv7M4_T_le_v4SPD16_eabi.lib</file>
         <name>unlink.c.obj</name>
      </input_file>
      <input_file id="fl-fb">
         <path>/Applications/ti/ccsv8/tools/compiler/ti-cgt-arm_18.1.2.LTS/lib/</path>
         <kind>archive</kind>
         <file>rtsv7M4_T_le_v4SPD16_eabi.lib</file>
         <name>close.c.obj</name>
      </input_file>
   </input_file_list>
   <object_component_list>
      <object_component id="oc-23">
         <name>.intvecs:retain</name>
         <load_address>0x0</load_address>
         <run_address>0x0</run_address>
         <size>0xe4</size>
         <input_file_ref idref="fl-2"/>
      </object_component>
      <object_component id="oc-6d">
         <name>.text</name>
         <load_address>0xe4</load_address>
         <run_address>0xe4</run_address>
         <size>0xe1c</size>
         <input_file_ref idref="fl-1"/>
      </object_component>
      <object_component id="oc-143">
         <name>.text:__TI_printfi</name>
         <load_address>0xf00</load_address>
         <run_address>0xf00</run_address>
         <size>0xa5e</size>
         <input_file_ref idref="fl-cb"/>
      </object_component>
      <object_component id="oc-1e5">
         <name>.text:_nop</name>
         <load_address>0x195e</load_address>
         <run_address>0x195e</run_address>
         <size>0x2</size>
         <input_file_ref idref="fl-c2"/>
      </object_component>
      <object_component id="oc-a9">
         <name>.text</name>
         <load_address>0x1960</load_address>
         <run_address>0x1960</run_address>
         <size>0x334</size>
         <input_file_ref idref="fl-3"/>
      </object_component>
      <object_component id="oc-1bd">
         <name>.text:_pconv_a</name>
         <load_address>0x1c94</load_address>
         <run_address>0x1c94</run_address>
         <size>0x270</size>
         <input_file_ref idref="fl-cb"/>
      </object_component>
      <object_component id="oc-1ab">
         <name>.text:_pconv_g</name>
         <load_address>0x1f04</load_address>
         <run_address>0x1f04</run_address>
         <size>0x1d0</size>
         <input_file_ref idref="fl-cb"/>
      </object_component>
      <object_component id="oc-24c">
         <name>.text</name>
         <load_address>0x20d4</load_address>
         <run_address>0x20d4</run_address>
         <size>0x1b6</size>
         <input_file_ref idref="fl-db"/>
      </object_component>
      <object_component id="oc-2d2">
         <name>.text</name>
         <load_address>0x228a</load_address>
         <run_address>0x228a</run_address>
         <size>0x2</size>
         <input_file_ref idref="fl-f0"/>
      </object_component>
      <object_component id="oc-1b7">
         <name>.text:_pconv_e</name>
         <load_address>0x228c</load_address>
         <run_address>0x228c</run_address>
         <size>0x13c</size>
         <input_file_ref idref="fl-cb"/>
      </object_component>
      <object_component id="oc-232">
         <name>.text</name>
         <load_address>0x23c8</load_address>
         <run_address>0x23c8</run_address>
         <size>0x136</size>
         <input_file_ref idref="fl-dd"/>
      </object_component>
      <object_component id="oc-25e">
         <name>.text:fcvt</name>
         <load_address>0x2500</load_address>
         <run_address>0x2500</run_address>
         <size>0x120</size>
         <input_file_ref idref="fl-cb"/>
      </object_component>
      <object_component id="oc-1f3">
         <name>.text:fputs</name>
         <load_address>0x2620</load_address>
         <run_address>0x2620</run_address>
         <size>0x114</size>
         <input_file_ref idref="fl-d0"/>
      </object_component>
      <object_component id="oc-272">
         <name>.text:scalbn</name>
         <load_address>0x2734</load_address>
         <run_address>0x2734</run_address>
         <size>0x110</size>
         <input_file_ref idref="fl-d8"/>
      </object_component>
      <object_component id="oc-22d">
         <name>.text</name>
         <load_address>0x2844</load_address>
         <run_address>0x2844</run_address>
         <size>0xfc</size>
         <input_file_ref idref="fl-de"/>
      </object_component>
      <object_component id="oc-30d">
         <name>.text:setvbuf</name>
         <load_address>0x2940</load_address>
         <run_address>0x2940</run_address>
         <size>0xdc</size>
         <input_file_ref idref="fl-e7"/>
      </object_component>
      <object_component id="oc-33b">
         <name>.text:free</name>
         <load_address>0x2a1c</load_address>
         <run_address>0x2a1c</run_address>
         <size>0xd8</size>
         <input_file_ref idref="fl-f1"/>
      </object_component>
      <object_component id="oc-1a0">
         <name>.text:_ltostr</name>
         <load_address>0x2af4</load_address>
         <run_address>0x2af4</run_address>
         <size>0xb1</size>
         <input_file_ref idref="fl-cb"/>
      </object_component>
      <object_component id="oc-37">
         <name>.text</name>
         <load_address>0x2ba6</load_address>
         <run_address>0x2ba6</run_address>
         <size>0x9c</size>
         <input_file_ref idref="fl-c7"/>
      </object_component>
      <object_component id="oc-226">
         <name>.text</name>
         <load_address>0x2c42</load_address>
         <run_address>0x2c42</run_address>
         <size>0x96</size>
         <input_file_ref idref="fl-e1"/>
      </object_component>
      <object_component id="oc-1fa">
         <name>.text:fputc</name>
         <load_address>0x2cd8</load_address>
         <run_address>0x2cd8</run_address>
         <size>0x8c</size>
         <input_file_ref idref="fl-cf"/>
      </object_component>
      <object_component id="oc-1a6">
         <name>.text:__aeabi_cdcmple</name>
         <load_address>0x2d64</load_address>
         <run_address>0x2d64</run_address>
         <size>0x86</size>
         <input_file_ref idref="fl-dc"/>
      </object_component>
      <object_component id="oc-237">
         <name>.text:__aeabi_cdrcmple</name>
         <load_address>0x2dea</load_address>
         <run_address>0x2dea</run_address>
         <size>0x86</size>
         <input_file_ref idref="fl-dc"/>
      </object_component>
      <object_component id="oc-91">
         <name>.text</name>
         <load_address>0x2e70</load_address>
         <run_address>0x2e70</run_address>
         <size>0x7a</size>
         <input_file_ref idref="fl-c6"/>
      </object_component>
      <object_component id="oc-341">
         <name>.text:malloc</name>
         <load_address>0x2eec</load_address>
         <run_address>0x2eec</run_address>
         <size>0x78</size>
         <input_file_ref idref="fl-f1"/>
      </object_component>
      <object_component id="oc-386">
         <name>.text:__TI_closefile</name>
         <load_address>0x2f64</load_address>
         <run_address>0x2f64</run_address>
         <size>0x74</size>
         <input_file_ref idref="fl-f5"/>
      </object_component>
      <object_component id="oc-257">
         <name>.text:_mcpy</name>
         <load_address>0x2fd8</load_address>
         <run_address>0x2fd8</run_address>
         <size>0x6e</size>
         <input_file_ref idref="fl-cb"/>
      </object_component>
      <object_component id="oc-3aa">
         <name>.text:HOSTlseek</name>
         <load_address>0x3048</load_address>
         <run_address>0x3048</run_address>
         <size>0x68</size>
         <input_file_ref idref="fl-e9"/>
      </object_component>
      <object_component id="oc-3b6">
         <name>.text:HOSTrename</name>
         <load_address>0x30b0</load_address>
         <run_address>0x30b0</run_address>
         <size>0x68</size>
         <input_file_ref idref="fl-ec"/>
      </object_component>
      <object_component id="oc-14">
         <name>.text:decompress:lzss:__TI_decompress_lzss</name>
         <load_address>0x3118</load_address>
         <run_address>0x3118</run_address>
         <size>0x68</size>
         <input_file_ref idref="fl-bf"/>
      </object_component>
      <object_component id="oc-bc">
         <name>.text:printf</name>
         <load_address>0x3180</load_address>
         <run_address>0x3180</run_address>
         <size>0x68</size>
         <input_file_ref idref="fl-c4"/>
      </object_component>
      <object_component id="oc-26c">
         <name>.text:frexp</name>
         <load_address>0x31e8</load_address>
         <run_address>0x31e8</run_address>
         <size>0x64</size>
         <input_file_ref idref="fl-d7"/>
      </object_component>
      <object_component id="oc-307">
         <name>.text:fseek</name>
         <load_address>0x324c</load_address>
         <run_address>0x324c</run_address>
         <size>0x64</size>
         <input_file_ref idref="fl-e5"/>
      </object_component>
      <object_component id="oc-2a3">
         <name>.text:__TI_wrt_ok</name>
         <load_address>0x32b0</load_address>
         <run_address>0x32b0</run_address>
         <size>0x62</size>
         <input_file_ref idref="fl-e3"/>
      </object_component>
      <object_component id="oc-392">
         <name>.text:HOSTopen</name>
         <load_address>0x3314</load_address>
         <run_address>0x3314</run_address>
         <size>0x60</size>
         <input_file_ref idref="fl-ea"/>
      </object_component>
      <object_component id="oc-3c5">
         <name>.text:close</name>
         <load_address>0x3374</load_address>
         <run_address>0x3374</run_address>
         <size>0x5c</size>
         <input_file_ref idref="fl-fb"/>
      </object_component>
      <object_component id="oc-39e">
         <name>.text:HOSTread</name>
         <load_address>0x33d0</load_address>
         <run_address>0x33d0</run_address>
         <size>0x58</size>
         <input_file_ref idref="fl-eb"/>
      </object_component>
      <object_component id="oc-3a4">
         <name>.text:HOSTwrite</name>
         <load_address>0x3428</load_address>
         <run_address>0x3428</run_address>
         <size>0x58</size>
         <input_file_ref idref="fl-ee"/>
      </object_component>
      <object_component id="oc-1b1">
         <name>.text:_pconv_f</name>
         <load_address>0x3480</load_address>
         <run_address>0x3480</run_address>
         <size>0x56</size>
         <input_file_ref idref="fl-cb"/>
      </object_component>
      <object_component id="oc-241">
         <name>.text:ltoa</name>
         <load_address>0x34d6</load_address>
         <run_address>0x34d6</run_address>
         <size>0x54</size>
         <input_file_ref idref="fl-d1"/>
      </object_component>
      <object_component id="oc-251">
         <name>.text:_ecpy</name>
         <load_address>0x352a</load_address>
         <run_address>0x352a</run_address>
         <size>0x52</size>
         <input_file_ref idref="fl-cb"/>
      </object_component>
      <object_component id="oc-2af">
         <name>.text:__TI_doflush</name>
         <load_address>0x357c</load_address>
         <run_address>0x357c</run_address>
         <size>0x4c</size>
         <input_file_ref idref="fl-e4"/>
      </object_component>
      <object_component id="oc-19a">
         <name>.text:atoi</name>
         <load_address>0x35c8</load_address>
         <run_address>0x35c8</run_address>
         <size>0x4c</size>
         <input_file_ref idref="fl-cc"/>
      </object_component>
      <object_component id="oc-fe">
         <name>.text:exit</name>
         <load_address>0x3614</load_address>
         <run_address>0x3614</run_address>
         <size>0x48</size>
         <input_file_ref idref="fl-c1"/>
      </object_component>
      <object_component id="oc-23c">
         <name>.text</name>
         <load_address>0x365c</load_address>
         <run_address>0x365c</run_address>
         <size>0x48</size>
         <input_file_ref idref="fl-df"/>
      </object_component>
      <object_component id="oc-398">
         <name>.text:HOSTclose</name>
         <load_address>0x36a4</load_address>
         <run_address>0x36a4</run_address>
         <size>0x44</size>
         <input_file_ref idref="fl-e8"/>
      </object_component>
      <object_component id="oc-3b0">
         <name>.text:HOSTunlink</name>
         <load_address>0x36e8</load_address>
         <run_address>0x36e8</run_address>
         <size>0x44</size>
         <input_file_ref idref="fl-ed"/>
      </object_component>
      <object_component id="oc-104">
         <name>.text:__TI_auto_init_nobinit_nopinit:__TI_auto_init_nobinit_nopinit</name>
         <load_address>0x372c</load_address>
         <run_address>0x372c</run_address>
         <size>0x44</size>
         <input_file_ref idref="fl-c8"/>
      </object_component>
      <object_component id="oc-3fa">
         <name>.text:getdevice</name>
         <load_address>0x3770</load_address>
         <run_address>0x3770</run_address>
         <size>0x44</size>
         <input_file_ref idref="fl-f6"/>
      </object_component>
      <object_component id="oc-b6">
         <name>.text:sprintf</name>
         <load_address>0x37b4</load_address>
         <run_address>0x37b4</run_address>
         <size>0x40</size>
         <input_file_ref idref="fl-c5"/>
      </object_component>
      <object_component id="oc-264">
         <name>.text:_fcpy</name>
         <load_address>0x37f4</load_address>
         <run_address>0x37f4</run_address>
         <size>0x3e</size>
         <input_file_ref idref="fl-cb"/>
      </object_component>
      <object_component id="oc-37b">
         <name>.text:minsert</name>
         <load_address>0x3834</load_address>
         <run_address>0x3834</run_address>
         <size>0x3c</size>
         <input_file_ref idref="fl-f1"/>
      </object_component>
      <object_component id="oc-3d6">
         <name>.text:__TI_writemsg</name>
         <load_address>0x3870</load_address>
         <run_address>0x3870</run_address>
         <size>0x38</size>
         <input_file_ref idref="fl-ef"/>
      </object_component>
      <object_component id="oc-55">
         <name>.text:_c_int00_noargs:_c_int00_noargs</name>
         <load_address>0x38a8</load_address>
         <run_address>0x38a8</run_address>
         <size>0x38</size>
         <input_file_ref idref="fl-c0"/>
      </object_component>
      <object_component id="oc-36f">
         <name>.text:minit</name>
         <load_address>0x38e0</load_address>
         <run_address>0x38e0</run_address>
         <size>0x38</size>
         <input_file_ref idref="fl-f1"/>
      </object_component>
      <object_component id="oc-41c">
         <name>.text:strncpy</name>
         <load_address>0x3918</load_address>
         <run_address>0x3918</run_address>
         <size>0x36</size>
         <input_file_ref idref="fl-f9"/>
      </object_component>
      <object_component id="oc-347">
         <name>.text:__TI_cleanup</name>
         <load_address>0x3950</load_address>
         <run_address>0x3950</run_address>
         <size>0x34</size>
         <input_file_ref idref="fl-f2"/>
      </object_component>
      <object_component id="oc-3dc">
         <name>.text:__TI_readmsg</name>
         <load_address>0x3984</load_address>
         <run_address>0x3984</run_address>
         <size>0x34</size>
         <input_file_ref idref="fl-ef"/>
      </object_component>
      <object_component id="oc-422">
         <name>.text:finddevice</name>
         <load_address>0x39b8</load_address>
         <run_address>0x39b8</run_address>
         <size>0x30</size>
         <input_file_ref idref="fl-f6"/>
      </object_component>
      <object_component id="oc-247">
         <name>.text</name>
         <load_address>0x39e8</load_address>
         <run_address>0x39e8</run_address>
         <size>0x2e</size>
         <input_file_ref idref="fl-e0"/>
      </object_component>
      <object_component id="oc-3cb">
         <name>.text:unlink</name>
         <load_address>0x3a18</load_address>
         <run_address>0x3a18</run_address>
         <size>0x2c</size>
         <input_file_ref idref="fl-fa"/>
      </object_component>
      <object_component id="oc-333">
         <name>.text:lseek</name>
         <load_address>0x3a44</load_address>
         <run_address>0x3a44</run_address>
         <size>0x28</size>
         <input_file_ref idref="fl-e6"/>
      </object_component>
      <object_component id="oc-375">
         <name>.text:mremove</name>
         <load_address>0x3a6c</load_address>
         <run_address>0x3a6c</run_address>
         <size>0x28</size>
         <input_file_ref idref="fl-f1"/>
      </object_component>
      <object_component id="oc-2b5">
         <name>.text:write</name>
         <load_address>0x3a94</load_address>
         <run_address>0x3a94</run_address>
         <size>0x28</size>
         <input_file_ref idref="fl-d6"/>
      </object_component>
      <object_component id="oc-2a9">
         <name>.text:memchr</name>
         <load_address>0x3abc</load_address>
         <run_address>0x3abc</run_address>
         <size>0x20</size>
         <input_file_ref idref="fl-d3"/>
      </object_component>
      <object_component id="oc-1c3">
         <name>.text:memccpy</name>
         <load_address>0x3adc</load_address>
         <run_address>0x3adc</run_address>
         <size>0x1c</size>
         <input_file_ref idref="fl-d2"/>
      </object_component>
      <object_component id="oc-149">
         <name>.text:_outs</name>
         <load_address>0x3af8</load_address>
         <run_address>0x3af8</run_address>
         <size>0x18</size>
         <input_file_ref idref="fl-c5"/>
      </object_component>
      <object_component id="oc-439">
         <name>.text:strcmp</name>
         <load_address>0x3b10</load_address>
         <run_address>0x3b10</run_address>
         <size>0x18</size>
         <input_file_ref idref="fl-f8"/>
      </object_component>
      <object_component id="oc-278">
         <name>.text:strchr</name>
         <load_address>0x3b28</load_address>
         <run_address>0x3b28</run_address>
         <size>0x16</size>
         <input_file_ref idref="fl-d4"/>
      </object_component>
      <object_component id="oc-2eb">
         <name>.text:copysign</name>
         <load_address>0x3b3e</load_address>
         <run_address>0x3b3e</run_address>
         <size>0x14</size>
         <input_file_ref idref="fl-d9"/>
      </object_component>
      <object_component id="oc-3f0">
         <name>.text:strcpy</name>
         <load_address>0x3b52</load_address>
         <run_address>0x3b52</run_address>
         <size>0x14</size>
         <input_file_ref idref="fl-f4"/>
      </object_component>
      <object_component id="oc-194">
         <name>.text:strlen</name>
         <load_address>0x3b66</load_address>
         <run_address>0x3b66</run_address>
         <size>0x14</size>
         <input_file_ref idref="fl-d5"/>
      </object_component>
      <object_component id="oc-43">
         <name>.text:decompress:ZI:__TI_zero_init_nomemset:__TI_zero_init_nomemset</name>
         <load_address>0x3b7a</load_address>
         <run_address>0x3b7a</run_address>
         <size>0x12</size>
         <input_file_ref idref="fl-bd"/>
      </object_component>
      <object_component id="oc-1c9">
         <name>.text:wcslen</name>
         <load_address>0x3b8c</load_address>
         <run_address>0x3b8c</run_address>
         <size>0x12</size>
         <input_file_ref idref="fl-da"/>
      </object_component>
      <object_component id="oc-1a">
         <name>.text:decompress:none:__TI_decompress_none</name>
         <load_address>0x3b9e</load_address>
         <run_address>0x3b9e</run_address>
         <size>0xe</size>
         <input_file_ref idref="fl-be"/>
      </object_component>
      <object_component id="oc-67">
         <name>.text</name>
         <load_address>0x3bac</load_address>
         <run_address>0x3bac</run_address>
         <size>0xe</size>
         <input_file_ref idref="fl-2"/>
      </object_component>
      <object_component id="oc-14f">
         <name>.text:_outc</name>
         <load_address>0x3bba</load_address>
         <run_address>0x3bba</run_address>
         <size>0xa</size>
         <input_file_ref idref="fl-c5"/>
      </object_component>
      <object_component id="oc-1cf">
         <name>.text:__aeabi_errno_addr</name>
         <load_address>0x3bc4</load_address>
         <run_address>0x3bc4</run_address>
         <size>0x8</size>
         <input_file_ref idref="fl-e2"/>
      </object_component>
      <object_component id="oc-168">
         <name>.text:_outc</name>
         <load_address>0x3bcc</load_address>
         <run_address>0x3bcc</run_address>
         <size>0x4</size>
         <input_file_ref idref="fl-c4"/>
      </object_component>
      <object_component id="oc-162">
         <name>.text:_outs</name>
         <load_address>0x3bd0</load_address>
         <run_address>0x3bd0</run_address>
         <size>0x4</size>
         <input_file_ref idref="fl-c4"/>
      </object_component>
      <object_component id="oc-97">
         <name>.text:_system_pre_init</name>
         <load_address>0x3bd4</load_address>
         <run_address>0x3bd4</run_address>
         <size>0x4</size>
         <input_file_ref idref="fl-c9"/>
      </object_component>
      <object_component id="oc-f8">
         <name>.text:abort:abort</name>
         <load_address>0x3bd8</load_address>
         <run_address>0x3bd8</run_address>
         <size>0x4</size>
         <input_file_ref idref="fl-c1"/>
      </object_component>
      <object_component id="oc-221">
         <name>.const:.string:_ctypes_</name>
         <load_address>0x3bdc</load_address>
         <run_address>0x3bdc</run_address>
         <size>0x101</size>
         <input_file_ref idref="fl-cd"/>
      </object_component>
      <object_component id="oc-477">
         <name>.cinit..data.load</name>
         <load_address>0x3ce0</load_address>
         <run_address>0x3ce0</run_address>
         <size>0x83</size>
      </object_component>
      <object_component id="oc-475">
         <name>__TI_handler_table</name>
         <load_address>0x3d64</load_address>
         <run_address>0x3d64</run_address>
         <size>0xc</size>
      </object_component>
      <object_component id="oc-478">
         <name>.cinit..bss.load</name>
         <load_address>0x3d70</load_address>
         <run_address>0x3d70</run_address>
         <size>0x8</size>
      </object_component>
      <object_component id="oc-476">
         <name>__TI_cinit_table</name>
         <load_address>0x3d78</load_address>
         <run_address>0x3d78</run_address>
         <size>0x10</size>
      </object_component>
      <object_component id="oc-44a">
         <name>.binit</name>
         <load_address>0x0</load_address>
         <run_address>0x0</run_address>
         <size>0x0</size>
      </object_component>
      <object_component id="oc-b3">
         <name>.data</name>
         <load_address>0x200007e8</load_address>
         <run_address>0x200007e8</run_address>
         <size>0x20</size>
         <input_file_ref idref="fl-1"/>
      </object_component>
      <object_component id="oc-136">
         <name>.data</name>
         <load_address>0x2000083c</load_address>
         <run_address>0x2000083c</run_address>
         <size>0x4</size>
         <input_file_ref idref="fl-3"/>
      </object_component>
      <object_component id="oc-176">
         <name>.data:$O1$$</name>
         <load_address>0x20000818</load_address>
         <run_address>0x20000818</run_address>
         <size>0xc</size>
         <input_file_ref idref="fl-c1"/>
      </object_component>
      <object_component id="oc-15c">
         <name>.data:$O1$$</name>
         <load_address>0x20000830</load_address>
         <run_address>0x20000830</run_address>
         <size>0x8</size>
         <input_file_ref idref="fl-c2"/>
      </object_component>
      <object_component id="oc-15f">
         <name>.data:_ftable</name>
         <load_address>0x20000630</load_address>
         <run_address>0x20000630</run_address>
         <size>0xf0</size>
         <input_file_ref idref="fl-ce"/>
      </object_component>
      <object_component id="oc-38c">
         <name>.data</name>
         <load_address>0x20000808</load_address>
         <run_address>0x20000808</run_address>
         <size>0x10</size>
         <input_file_ref idref="fl-ce"/>
      </object_component>
      <object_component id="oc-35a">
         <name>.data:_device</name>
         <load_address>0x20000720</load_address>
         <run_address>0x20000720</run_address>
         <size>0x78</size>
         <input_file_ref idref="fl-d6"/>
      </object_component>
      <object_component id="oc-319">
         <name>.data:_stream</name>
         <load_address>0x20000798</load_address>
         <run_address>0x20000798</run_address>
         <size>0x50</size>
         <input_file_ref idref="fl-d6"/>
      </object_component>
      <object_component id="oc-288">
         <name>.data</name>
         <load_address>0x20000838</load_address>
         <run_address>0x20000838</run_address>
         <size>0x4</size>
         <input_file_ref idref="fl-e2"/>
      </object_component>
      <object_component id="oc-381">
         <name>.data:$O1$$</name>
         <load_address>0x20000824</load_address>
         <run_address>0x20000824</run_address>
         <size>0xc</size>
         <input_file_ref idref="fl-f1"/>
      </object_component>
      <object_component id="oc-404">
         <name>.bss:_CIOBUF_</name>
         <uninitialized>true</uninitialized>
         <run_address>0x20000400</run_address>
         <size>0x120</size>
         <input_file_ref idref="fl-ef"/>
      </object_component>
      <object_component id="oc-b0">
         <name>.common:INPUT_BUFFER</name>
         <uninitialized>true</uninitialized>
         <run_address>0x200005c0</run_address>
         <size>0x64</size>
      </object_component>
      <object_component id="oc-c2">
         <name>.common:hours</name>
         <uninitialized>true</uninitialized>
         <run_address>0x2000062c</run_address>
         <size>0x1</size>
      </object_component>
      <object_component id="oc-c3">
         <name>.common:mins</name>
         <uninitialized>true</uninitialized>
         <run_address>0x2000062d</run_address>
         <size>0x1</size>
      </object_component>
      <object_component id="oc-c4">
         <name>.common:secs</name>
         <uninitialized>true</uninitialized>
         <run_address>0x2000062e</run_address>
         <size>0x1</size>
      </object_component>
      <object_component id="oc-3d1">
         <name>.common:__TI_tmpnams</name>
         <uninitialized>true</uninitialized>
         <run_address>0x20000520</run_address>
         <size>0xa0</size>
      </object_component>
      <object_component id="oc-3e2">
         <name>.common:parmbuf</name>
         <uninitialized>true</uninitialized>
         <run_address>0x20000624</run_address>
         <size>0x8</size>
      </object_component>
      <object_component id="oc-29">
         <name>.sysmem</name>
         <uninitialized>true</uninitialized>
         <run_address>0x20000000</run_address>
         <size>0x8</size>
         <input_file_ref idref="fl-f1"/>
      </object_component>
      <object_component id="oc-47a">
         <name>.sysmem</name>
         <uninitialized>true</uninitialized>
         <run_address>0x20000000</run_address>
         <size>0x0</size>
      </object_component>
      <object_component id="oc-26">
         <name>.stack</name>
         <uninitialized>true</uninitialized>
         <run_address>0x2000fe00</run_address>
         <size>0x4</size>
         <input_file_ref idref="fl-c0"/>
      </object_component>
      <object_component id="oc-479">
         <name>.stack</name>
         <uninitialized>true</uninitialized>
         <run_address>0x2000fe00</run_address>
         <size>0x0</size>
      </object_component>
      <object_component id="oc-b1">
         <name>.debug_info</name>
         <load_address>0x0</load_address>
         <run_address>0x0</run_address>
         <size>0x643</size>
         <input_file_ref idref="fl-1"/>
      </object_component>
      <object_component id="oc-b4">
         <name>.debug_info</name>
         <load_address>0x643</load_address>
         <run_address>0x643</run_address>
         <size>0x226</size>
         <input_file_ref idref="fl-1"/>
      </object_component>
      <object_component id="oc-6e">
         <name>.debug_info</name>
         <load_address>0x869</load_address>
         <run_address>0x869</run_address>
         <size>0xff8</size>
         <input_file_ref idref="fl-1"/>
      </object_component>
      <object_component id="oc-13c">
         <name>.debug_info</name>
         <load_address>0x1861</load_address>
         <run_address>0x1861</run_address>
         <size>0x1055</size>
         <input_file_ref idref="fl-1"/>
      </object_component>
      <object_component id="oc-d0">
         <name>.debug_info</name>
         <load_address>0x28b6</load_address>
         <run_address>0x28b6</run_address>
         <size>0x37e2</size>
         <input_file_ref idref="fl-1"/>
      </object_component>
      <object_component id="oc-d7">
         <name>.debug_info</name>
         <load_address>0x6098</load_address>
         <run_address>0x6098</run_address>
         <size>0x26b</size>
         <input_file_ref idref="fl-1"/>
      </object_component>
      <object_component id="oc-32">
         <name>.debug_info</name>
         <load_address>0x6303</load_address>
         <run_address>0x6303</run_address>
         <size>0x84</size>
         <input_file_ref idref="fl-1"/>
      </object_component>
      <object_component id="oc-170">
         <name>.debug_info</name>
         <load_address>0x6387</load_address>
         <run_address>0x6387</run_address>
         <size>0x297</size>
         <input_file_ref idref="fl-1"/>
      </object_component>
      <object_component id="oc-cb">
         <name>.debug_info</name>
         <load_address>0x661e</load_address>
         <run_address>0x661e</run_address>
         <size>0xbb</size>
         <input_file_ref idref="fl-1"/>
      </object_component>
      <object_component id="oc-157">
         <name>.debug_info</name>
         <load_address>0x66d9</load_address>
         <run_address>0x66d9</run_address>
         <size>0x2c</size>
         <input_file_ref idref="fl-1"/>
      </object_component>
      <object_component id="oc-c6">
         <name>.debug_info</name>
         <load_address>0x6705</load_address>
         <run_address>0x6705</run_address>
         <size>0x63</size>
         <input_file_ref idref="fl-1"/>
      </object_component>
      <object_component id="oc-75">
         <name>.debug_info</name>
         <load_address>0x6768</load_address>
         <run_address>0x6768</run_address>
         <size>0x2b9</size>
         <input_file_ref idref="fl-2"/>
      </object_component>
      <object_component id="oc-24">
         <name>.debug_info</name>
         <load_address>0x6a21</load_address>
         <run_address>0x6a21</run_address>
         <size>0xe5</size>
         <input_file_ref idref="fl-2"/>
      </object_component>
      <object_component id="oc-68">
         <name>.debug_info</name>
         <load_address>0x6b06</load_address>
         <run_address>0x6b06</run_address>
         <size>0x1ac</size>
         <input_file_ref idref="fl-2"/>
      </object_component>
      <object_component id="oc-137">
         <name>.debug_info</name>
         <load_address>0x6cb2</load_address>
         <run_address>0x6cb2</run_address>
         <size>0xde</size>
         <input_file_ref idref="fl-3"/>
      </object_component>
      <object_component id="oc-aa">
         <name>.debug_info</name>
         <load_address>0x6d90</load_address>
         <run_address>0x6d90</run_address>
         <size>0x250</size>
         <input_file_ref idref="fl-3"/>
      </object_component>
      <object_component id="oc-90">
         <name>.debug_info</name>
         <load_address>0x6fe0</load_address>
         <run_address>0x6fe0</run_address>
         <size>0x313</size>
         <input_file_ref idref="fl-bd"/>
      </object_component>
      <object_component id="oc-44">
         <name>.debug_info</name>
         <load_address>0x72f3</load_address>
         <run_address>0x72f3</run_address>
         <size>0x1b4</size>
         <input_file_ref idref="fl-bd"/>
      </object_component>
      <object_component id="oc-8b">
         <name>.debug_info</name>
         <load_address>0x74a7</load_address>
         <run_address>0x74a7</run_address>
         <size>0x46</size>
         <input_file_ref idref="fl-bd"/>
      </object_component>
      <object_component id="oc-ef">
         <name>.debug_info</name>
         <load_address>0x74ed</load_address>
         <run_address>0x74ed</run_address>
         <size>0x2c</size>
         <input_file_ref idref="fl-bd"/>
      </object_component>
      <object_component id="oc-42">
         <name>.debug_info</name>
         <load_address>0x7519</load_address>
         <run_address>0x7519</run_address>
         <size>0x29d</size>
         <input_file_ref idref="fl-be"/>
      </object_component>
      <object_component id="oc-1b">
         <name>.debug_info</name>
         <load_address>0x77b6</load_address>
         <run_address>0x77b6</run_address>
         <size>0x1df</size>
         <input_file_ref idref="fl-be"/>
      </object_component>
      <object_component id="oc-3d">
         <name>.debug_info</name>
         <load_address>0x7995</load_address>
         <run_address>0x7995</run_address>
         <size>0x46</size>
         <input_file_ref idref="fl-be"/>
      </object_component>
      <object_component id="oc-83">
         <name>.debug_info</name>
         <load_address>0x79db</load_address>
         <run_address>0x79db</run_address>
         <size>0x2c</size>
         <input_file_ref idref="fl-be"/>
      </object_component>
      <object_component id="oc-81">
         <name>.debug_info</name>
         <load_address>0x7a07</load_address>
         <run_address>0x7a07</run_address>
         <size>0x293</size>
         <input_file_ref idref="fl-bf"/>
      </object_component>
      <object_component id="oc-15">
         <name>.debug_info</name>
         <load_address>0x7c9a</load_address>
         <run_address>0x7c9a</run_address>
         <size>0x245</size>
         <input_file_ref idref="fl-bf"/>
      </object_component>
      <object_component id="oc-2d">
         <name>.debug_info</name>
         <load_address>0x7edf</load_address>
         <run_address>0x7edf</run_address>
         <size>0x60</size>
         <input_file_ref idref="fl-bf"/>
      </object_component>
      <object_component id="oc-e8">
         <name>.debug_info</name>
         <load_address>0x7f3f</load_address>
         <run_address>0x7f3f</run_address>
         <size>0x46</size>
         <input_file_ref idref="fl-bf"/>
      </object_component>
      <object_component id="oc-7c">
         <name>.debug_info</name>
         <load_address>0x7f85</load_address>
         <run_address>0x7f85</run_address>
         <size>0x39</size>
         <input_file_ref idref="fl-bf"/>
      </object_component>
      <object_component id="oc-27">
         <name>.debug_info</name>
         <load_address>0x7fbe</load_address>
         <run_address>0x7fbe</run_address>
         <size>0x100</size>
         <input_file_ref idref="fl-c0"/>
      </object_component>
      <object_component id="oc-56">
         <name>.debug_info</name>
         <load_address>0x80be</load_address>
         <run_address>0x80be</run_address>
         <size>0x1a4</size>
         <input_file_ref idref="fl-c0"/>
      </object_component>
      <object_component id="oc-17a">
         <name>.debug_info</name>
         <load_address>0x8262</load_address>
         <run_address>0x8262</run_address>
         <size>0x3a2</size>
         <input_file_ref idref="fl-c1"/>
      </object_component>
      <object_component id="oc-177">
         <name>.debug_info</name>
         <load_address>0x8604</load_address>
         <run_address>0x8604</run_address>
         <size>0x185</size>
         <input_file_ref idref="fl-c1"/>
      </object_component>
      <object_component id="oc-f9">
         <name>.debug_info</name>
         <load_address>0x8789</load_address>
         <run_address>0x8789</run_address>
         <size>0x117</size>
         <input_file_ref idref="fl-c1"/>
      </object_component>
      <object_component id="oc-ff">
         <name>.debug_info</name>
         <load_address>0x88a0</load_address>
         <run_address>0x88a0</run_address>
         <size>0x179</size>
         <input_file_ref idref="fl-c1"/>
      </object_component>
      <object_component id="oc-1ed">
         <name>.debug_info</name>
         <load_address>0x8a19</load_address>
         <run_address>0x8a19</run_address>
         <size>0x2be</size>
         <input_file_ref idref="fl-c2"/>
      </object_component>
      <object_component id="oc-15d">
         <name>.debug_info</name>
         <load_address>0x8cd7</load_address>
         <run_address>0x8cd7</run_address>
         <size>0x113</size>
         <input_file_ref idref="fl-c2"/>
      </object_component>
      <object_component id="oc-1e6">
         <name>.debug_info</name>
         <load_address>0x8dea</load_address>
         <run_address>0x8dea</run_address>
         <size>0x123</size>
         <input_file_ref idref="fl-c2"/>
      </object_component>
      <object_component id="oc-16f">
         <name>.debug_info</name>
         <load_address>0x8f0d</load_address>
         <run_address>0x8f0d</run_address>
         <size>0x3da</size>
         <input_file_ref idref="fl-c4"/>
      </object_component>
      <object_component id="oc-169">
         <name>.debug_info</name>
         <load_address>0x92e7</load_address>
         <run_address>0x92e7</run_address>
         <size>0x14c</size>
         <input_file_ref idref="fl-c4"/>
      </object_component>
      <object_component id="oc-163">
         <name>.debug_info</name>
         <load_address>0x9433</load_address>
         <run_address>0x9433</run_address>
         <size>0x15b</size>
         <input_file_ref idref="fl-c4"/>
      </object_component>
      <object_component id="oc-bd">
         <name>.debug_info</name>
         <load_address>0x958e</load_address>
         <run_address>0x958e</run_address>
         <size>0x1a1</size>
         <input_file_ref idref="fl-c4"/>
      </object_component>
      <object_component id="oc-203">
         <name>.debug_info</name>
         <load_address>0x972f</load_address>
         <run_address>0x972f</run_address>
         <size>0xb2</size>
         <input_file_ref idref="fl-c4"/>
      </object_component>
      <object_component id="oc-156">
         <name>.debug_info</name>
         <load_address>0x97e1</load_address>
         <run_address>0x97e1</run_address>
         <size>0x328</size>
         <input_file_ref idref="fl-c5"/>
      </object_component>
      <object_component id="oc-b7">
         <name>.debug_info</name>
         <load_address>0x9b09</load_address>
         <run_address>0x9b09</run_address>
         <size>0x1c6</size>
         <input_file_ref idref="fl-c5"/>
      </object_component>
      <object_component id="oc-14a">
         <name>.debug_info</name>
         <load_address>0x9ccf</load_address>
         <run_address>0x9ccf</run_address>
         <size>0x182</size>
         <input_file_ref idref="fl-c5"/>
      </object_component>
      <object_component id="oc-150">
         <name>.debug_info</name>
         <load_address>0x9e51</load_address>
         <run_address>0x9e51</run_address>
         <size>0x162</size>
         <input_file_ref idref="fl-c5"/>
      </object_component>
      <object_component id="oc-28f">
         <name>.debug_info</name>
         <load_address>0x9fb3</load_address>
         <run_address>0x9fb3</run_address>
         <size>0x2c</size>
         <input_file_ref idref="fl-c5"/>
      </object_component>
      <object_component id="oc-93">
         <name>.debug_info</name>
         <load_address>0x9fdf</load_address>
         <run_address>0x9fdf</run_address>
         <size>0x13f</size>
         <input_file_ref idref="fl-c6"/>
      </object_component>
      <object_component id="oc-38">
         <name>.debug_info</name>
         <load_address>0xa11e</load_address>
         <run_address>0xa11e</run_address>
         <size>0x111</size>
         <input_file_ref idref="fl-c7"/>
      </object_component>
      <object_component id="oc-17d">
         <name>.debug_info</name>
         <load_address>0xa22f</load_address>
         <run_address>0xa22f</run_address>
         <size>0x547</size>
         <input_file_ref idref="fl-c8"/>
      </object_component>
      <object_component id="oc-105">
         <name>.debug_info</name>
         <load_address>0xa776</load_address>
         <run_address>0xa776</run_address>
         <size>0x19b</size>
         <input_file_ref idref="fl-c8"/>
      </object_component>
      <object_component id="oc-20e">
         <name>.debug_info</name>
         <load_address>0xa911</load_address>
         <run_address>0xa911</run_address>
         <size>0x39</size>
         <input_file_ref idref="fl-c8"/>
      </object_component>
      <object_component id="oc-2bf">
         <name>.debug_info</name>
         <load_address>0xa94a</load_address>
         <run_address>0xa94a</run_address>
         <size>0x39</size>
         <input_file_ref idref="fl-c8"/>
      </object_component>
      <object_component id="oc-213">
         <name>.debug_info</name>
         <load_address>0xa983</load_address>
         <run_address>0xa983</run_address>
         <size>0x39</size>
         <input_file_ref idref="fl-c8"/>
      </object_component>
      <object_component id="oc-218">
         <name>.debug_info</name>
         <load_address>0xa9bc</load_address>
         <run_address>0xa9bc</run_address>
         <size>0xcd</size>
         <input_file_ref idref="fl-c8"/>
      </object_component>
      <object_component id="oc-98">
         <name>.debug_info</name>
         <load_address>0xaa89</load_address>
         <run_address>0xaa89</run_address>
         <size>0x148</size>
         <input_file_ref idref="fl-c9"/>
      </object_component>
      <object_component id="oc-1d6">
         <name>.debug_info</name>
         <load_address>0xabd1</load_address>
         <run_address>0xabd1</run_address>
         <size>0x8a6</size>
         <input_file_ref idref="fl-cb"/>
      </object_component>
      <object_component id="oc-1a1">
         <name>.debug_info</name>
         <load_address>0xb477</load_address>
         <run_address>0xb477</run_address>
         <size>0x213</size>
         <input_file_ref idref="fl-cb"/>
      </object_component>
      <object_component id="oc-252">
         <name>.debug_info</name>
         <load_address>0xb68a</load_address>
         <run_address>0xb68a</run_address>
         <size>0x1a8</size>
         <input_file_ref idref="fl-cb"/>
      </object_component>
      <object_component id="oc-258">
         <name>.debug_info</name>
         <load_address>0xb832</load_address>
         <run_address>0xb832</run_address>
         <size>0x210</size>
         <input_file_ref idref="fl-cb"/>
      </object_component>
      <object_component id="oc-1ac">
         <name>.debug_info</name>
         <load_address>0xba42</load_address>
         <run_address>0xba42</run_address>
         <size>0x3b0</size>
         <input_file_ref idref="fl-cb"/>
      </object_component>
      <object_component id="oc-25f">
         <name>.debug_info</name>
         <load_address>0xbdf2</load_address>
         <run_address>0xbdf2</run_address>
         <size>0x2fa</size>
         <input_file_ref idref="fl-cb"/>
      </object_component>
      <object_component id="oc-265">
         <name>.debug_info</name>
         <load_address>0xc0ec</load_address>
         <run_address>0xc0ec</run_address>
         <size>0x20a</size>
         <input_file_ref idref="fl-cb"/>
      </object_component>
      <object_component id="oc-1b2">
         <name>.debug_info</name>
         <load_address>0xc2f6</load_address>
         <run_address>0xc2f6</run_address>
         <size>0x20a</size>
         <input_file_ref idref="fl-cb"/>
      </object_component>
      <object_component id="oc-1b8">
         <name>.debug_info</name>
         <load_address>0xc500</load_address>
         <run_address>0xc500</run_address>
         <size>0x2f9</size>
         <input_file_ref idref="fl-cb"/>
      </object_component>
      <object_component id="oc-1be">
         <name>.debug_info</name>
         <load_address>0xc7f9</load_address>
         <run_address>0xc7f9</run_address>
         <size>0x4a5</size>
         <input_file_ref idref="fl-cb"/>
      </object_component>
      <object_component id="oc-144">
         <name>.debug_info</name>
         <load_address>0xcc9e</load_address>
         <run_address>0xcc9e</run_address>
         <size>0x5cd</size>
         <input_file_ref idref="fl-cb"/>
      </object_component>
      <object_component id="oc-1d7">
         <name>.debug_info</name>
         <load_address>0xd26b</load_address>
         <run_address>0xd26b</run_address>
         <size>0x86</size>
         <input_file_ref idref="fl-cb"/>
      </object_component>
      <object_component id="oc-294">
         <name>.debug_info</name>
         <load_address>0xd2f1</load_address>
         <run_address>0xd2f1</run_address>
         <size>0x39</size>
         <input_file_ref idref="fl-cb"/>
      </object_component>
      <object_component id="oc-302">
         <name>.debug_info</name>
         <load_address>0xd32a</load_address>
         <run_address>0xd32a</run_address>
         <size>0xb6</size>
         <input_file_ref idref="fl-cb"/>
      </object_component>
      <object_component id="oc-299">
         <name>.debug_info</name>
         <load_address>0xd3e0</load_address>
         <run_address>0xd3e0</run_address>
         <size>0x46</size>
         <input_file_ref idref="fl-cb"/>
      </object_component>
      <object_component id="oc-1dc">
         <name>.debug_info</name>
         <load_address>0xd426</load_address>
         <run_address>0xd426</run_address>
         <size>0x46</size>
         <input_file_ref idref="fl-cb"/>
      </object_component>
      <object_component id="oc-225">
         <name>.debug_info</name>
         <load_address>0xd46c</load_address>
         <run_address>0xd46c</run_address>
         <size>0x2ae</size>
         <input_file_ref idref="fl-cc"/>
      </object_component>
      <object_component id="oc-19b">
         <name>.debug_info</name>
         <load_address>0xd71a</load_address>
         <run_address>0xd71a</run_address>
         <size>0x171</size>
         <input_file_ref idref="fl-cc"/>
      </object_component>
      <object_component id="oc-2cf">
         <name>.debug_info</name>
         <load_address>0xd88b</load_address>
         <run_address>0xd88b</run_address>
         <size>0xee</size>
         <input_file_ref idref="fl-cd"/>
      </object_component>
      <object_component id="oc-222">
         <name>.debug_info</name>
         <load_address>0xd979</load_address>
         <run_address>0xd979</run_address>
         <size>0xfa</size>
         <input_file_ref idref="fl-cd"/>
      </object_component>
      <object_component id="oc-1f1">
         <name>.debug_info</name>
         <load_address>0xda73</load_address>
         <run_address>0xda73</run_address>
         <size>0x139</size>
         <input_file_ref idref="fl-ce"/>
      </object_component>
      <object_component id="oc-160">
         <name>.debug_info</name>
         <load_address>0xdbac</load_address>
         <run_address>0xdbac</run_address>
         <size>0xf7</size>
         <input_file_ref idref="fl-ce"/>
      </object_component>
      <object_component id="oc-38d">
         <name>.debug_info</name>
         <load_address>0xdca3</load_address>
         <run_address>0xdca3</run_address>
         <size>0x184</size>
         <input_file_ref idref="fl-ce"/>
      </object_component>
      <object_component id="oc-2be">
         <name>.debug_info</name>
         <load_address>0xde27</load_address>
         <run_address>0xde27</run_address>
         <size>0x378</size>
         <input_file_ref idref="fl-cf"/>
      </object_component>
      <object_component id="oc-1fb">
         <name>.debug_info</name>
         <load_address>0xe19f</load_address>
         <run_address>0xe19f</run_address>
         <size>0x1df</size>
         <input_file_ref idref="fl-cf"/>
      </object_component>
      <object_component id="oc-2bc">
         <name>.debug_info</name>
         <load_address>0xe37e</load_address>
         <run_address>0xe37e</run_address>
         <size>0x3f1</size>
         <input_file_ref idref="fl-d0"/>
      </object_component>
      <object_component id="oc-1f4">
         <name>.debug_info</name>
         <load_address>0xe76f</load_address>
         <run_address>0xe76f</run_address>
         <size>0x2d7</size>
         <input_file_ref idref="fl-d0"/>
      </object_component>
      <object_component id="oc-2dd">
         <name>.debug_info</name>
         <load_address>0xea46</load_address>
         <run_address>0xea46</run_address>
         <size>0x290</size>
         <input_file_ref idref="fl-d1"/>
      </object_component>
      <object_component id="oc-242">
         <name>.debug_info</name>
         <load_address>0xecd6</load_address>
         <run_address>0xecd6</run_address>
         <size>0x1c2</size>
         <input_file_ref idref="fl-d1"/>
      </object_component>
      <object_component id="oc-280">
         <name>.debug_info</name>
         <load_address>0xee98</load_address>
         <run_address>0xee98</run_address>
         <size>0x28b</size>
         <input_file_ref idref="fl-d2"/>
      </object_component>
      <object_component id="oc-1c4">
         <name>.debug_info</name>
         <load_address>0xf123</load_address>
         <run_address>0xf123</run_address>
         <size>0x1ab</size>
         <input_file_ref idref="fl-d2"/>
      </object_component>
      <object_component id="oc-316">
         <name>.debug_info</name>
         <load_address>0xf2ce</load_address>
         <run_address>0xf2ce</run_address>
         <size>0x29a</size>
         <input_file_ref idref="fl-d3"/>
      </object_component>
      <object_component id="oc-2aa">
         <name>.debug_info</name>
         <load_address>0xf568</load_address>
         <run_address>0xf568</run_address>
         <size>0x242</size>
         <input_file_ref idref="fl-d3"/>
      </object_component>
      <object_component id="oc-2f4">
         <name>.debug_info</name>
         <load_address>0xf7aa</load_address>
         <run_address>0xf7aa</run_address>
         <size>0x28f</size>
         <input_file_ref idref="fl-d4"/>
      </object_component>
      <object_component id="oc-279">
         <name>.debug_info</name>
         <load_address>0xfa39</load_address>
         <run_address>0xfa39</run_address>
         <size>0x247</size>
         <input_file_ref idref="fl-d4"/>
      </object_component>
      <object_component id="oc-220">
         <name>.debug_info</name>
         <load_address>0xfc80</load_address>
         <run_address>0xfc80</run_address>
         <size>0x284</size>
         <input_file_ref idref="fl-d5"/>
      </object_component>
      <object_component id="oc-195">
         <name>.debug_info</name>
         <load_address>0xff04</load_address>
         <run_address>0xff04</run_address>
         <size>0x22a</size>
         <input_file_ref idref="fl-d5"/>
      </object_component>
      <object_component id="oc-31d">
         <name>.debug_info</name>
         <load_address>0x1012e</load_address>
         <run_address>0x1012e</run_address>
         <size>0x4c5</size>
         <input_file_ref idref="fl-d6"/>
      </object_component>
      <object_component id="oc-35b">
         <name>.debug_info</name>
         <load_address>0x105f3</load_address>
         <run_address>0x105f3</run_address>
         <size>0xf8</size>
         <input_file_ref idref="fl-d6"/>
      </object_component>
      <object_component id="oc-31a">
         <name>.debug_info</name>
         <load_address>0x106eb</load_address>
         <run_address>0x106eb</run_address>
         <size>0xf8</size>
         <input_file_ref idref="fl-d6"/>
      </object_component>
      <object_component id="oc-2b9">
         <name>.debug_info</name>
         <load_address>0x107e3</load_address>
         <run_address>0x107e3</run_address>
         <size>0x184</size>
         <input_file_ref idref="fl-d6"/>
      </object_component>
      <object_component id="oc-361">
         <name>.debug_info</name>
         <load_address>0x10967</load_address>
         <run_address>0x10967</run_address>
         <size>0x120</size>
         <input_file_ref idref="fl-d6"/>
      </object_component>
      <object_component id="oc-366">
         <name>.debug_info</name>
         <load_address>0x10a87</load_address>
         <run_address>0x10a87</run_address>
         <size>0x2c</size>
         <input_file_ref idref="fl-d6"/>
      </object_component>
      <object_component id="oc-2e5">
         <name>.debug_info</name>
         <load_address>0x10ab3</load_address>
         <run_address>0x10ab3</run_address>
         <size>0x28f</size>
         <input_file_ref idref="fl-d7"/>
      </object_component>
      <object_component id="oc-270">
         <name>.debug_info</name>
         <load_address>0x10d42</load_address>
         <run_address>0x10d42</run_address>
         <size>0x18a</size>
         <input_file_ref idref="fl-d7"/>
      </object_component>
      <object_component id="oc-329">
         <name>.debug_info</name>
         <load_address>0x10ecc</load_address>
         <run_address>0x10ecc</run_address>
         <size>0x39</size>
         <input_file_ref idref="fl-d7"/>
      </object_component>
      <object_component id="oc-2e6">
         <name>.debug_info</name>
         <load_address>0x10f05</load_address>
         <run_address>0x10f05</run_address>
         <size>0x2c</size>
         <input_file_ref idref="fl-d7"/>
      </object_component>
      <object_component id="oc-2f2">
         <name>.debug_info</name>
         <load_address>0x10f31</load_address>
         <run_address>0x10f31</run_address>
         <size>0x2f2</size>
         <input_file_ref idref="fl-d8"/>
      </object_component>
      <object_component id="oc-275">
         <name>.debug_info</name>
         <load_address>0x11223</load_address>
         <run_address>0x11223</run_address>
         <size>0x21a</size>
         <input_file_ref idref="fl-d8"/>
      </object_component>
      <object_component id="oc-2ee">
         <name>.debug_info</name>
         <load_address>0x1143d</load_address>
         <run_address>0x1143d</run_address>
         <size>0x156</size>
         <input_file_ref idref="fl-d9"/>
      </object_component>
      <object_component id="oc-287">
         <name>.debug_info</name>
         <load_address>0x11593</load_address>
         <run_address>0x11593</run_address>
         <size>0x284</size>
         <input_file_ref idref="fl-da"/>
      </object_component>
      <object_component id="oc-1cd">
         <name>.debug_info</name>
         <load_address>0x11817</load_address>
         <run_address>0x11817</run_address>
         <size>0x14f</size>
         <input_file_ref idref="fl-da"/>
      </object_component>
      <object_component id="oc-2f7">
         <name>.debug_info</name>
         <load_address>0x11966</load_address>
         <run_address>0x11966</run_address>
         <size>0x46</size>
         <input_file_ref idref="fl-da"/>
      </object_component>
      <object_component id="oc-282">
         <name>.debug_info</name>
         <load_address>0x119ac</load_address>
         <run_address>0x119ac</run_address>
         <size>0x39</size>
         <input_file_ref idref="fl-da"/>
      </object_component>
      <object_component id="oc-24f">
         <name>.debug_info</name>
         <load_address>0x119e5</load_address>
         <run_address>0x119e5</run_address>
         <size>0x144</size>
         <input_file_ref idref="fl-db"/>
      </object_component>
      <object_component id="oc-1a7">
         <name>.debug_info</name>
         <load_address>0x11b29</load_address>
         <run_address>0x11b29</run_address>
         <size>0x120</size>
         <input_file_ref idref="fl-dc"/>
      </object_component>
      <object_component id="oc-238">
         <name>.debug_info</name>
         <load_address>0x11c49</load_address>
         <run_address>0x11c49</run_address>
         <size>0x122</size>
         <input_file_ref idref="fl-dc"/>
      </object_component>
      <object_component id="oc-235">
         <name>.debug_info</name>
         <load_address>0x11d6b</load_address>
         <run_address>0x11d6b</run_address>
         <size>0x132</size>
         <input_file_ref idref="fl-dd"/>
      </object_component>
      <object_component id="oc-22e">
         <name>.debug_info</name>
         <load_address>0x11e9d</load_address>
         <run_address>0x11e9d</run_address>
         <size>0x132</size>
         <input_file_ref idref="fl-de"/>
      </object_component>
      <object_component id="oc-23d">
         <name>.debug_info</name>
         <load_address>0x11fcf</load_address>
         <run_address>0x11fcf</run_address>
         <size>0x126</size>
         <input_file_ref idref="fl-df"/>
      </object_component>
      <object_component id="oc-24a">
         <name>.debug_info</name>
         <load_address>0x120f5</load_address>
         <run_address>0x120f5</run_address>
         <size>0x124</size>
         <input_file_ref idref="fl-e0"/>
      </object_component>
      <object_component id="oc-229">
         <name>.debug_info</name>
         <load_address>0x12219</load_address>
         <run_address>0x12219</run_address>
         <size>0x12c</size>
         <input_file_ref idref="fl-e1"/>
      </object_component>
      <object_component id="oc-28c">
         <name>.debug_info</name>
         <load_address>0x12345</load_address>
         <run_address>0x12345</run_address>
         <size>0x27e</size>
         <input_file_ref idref="fl-e2"/>
      </object_component>
      <object_component id="oc-289">
         <name>.debug_info</name>
         <load_address>0x125c3</load_address>
         <run_address>0x125c3</run_address>
         <size>0x103</size>
         <input_file_ref idref="fl-e2"/>
      </object_component>
      <object_component id="oc-1d3">
         <name>.debug_info</name>
         <load_address>0x126c6</load_address>
         <run_address>0x126c6</run_address>
         <size>0x143</size>
         <input_file_ref idref="fl-e2"/>
      </object_component>
      <object_component id="oc-314">
         <name>.debug_info</name>
         <load_address>0x12809</load_address>
         <run_address>0x12809</run_address>
         <size>0x2f5</size>
         <input_file_ref idref="fl-e3"/>
      </object_component>
      <object_component id="oc-2a7">
         <name>.debug_info</name>
         <load_address>0x12afe</load_address>
         <run_address>0x12afe</run_address>
         <size>0x191</size>
         <input_file_ref idref="fl-e3"/>
      </object_component>
      <object_component id="oc-34f">
         <name>.debug_info</name>
         <load_address>0x12c8f</load_address>
         <run_address>0x12c8f</run_address>
         <size>0xbf</size>
         <input_file_ref idref="fl-e3"/>
      </object_component>
      <object_component id="oc-318">
         <name>.debug_info</name>
         <load_address>0x12d4e</load_address>
         <run_address>0x12d4e</run_address>
         <size>0x33c</size>
         <input_file_ref idref="fl-e4"/>
      </object_component>
      <object_component id="oc-2b2">
         <name>.debug_info</name>
         <load_address>0x1308a</load_address>
         <run_address>0x1308a</run_address>
         <size>0x17f</size>
         <input_file_ref idref="fl-e4"/>
      </object_component>
      <object_component id="oc-33a">
         <name>.debug_info</name>
         <load_address>0x13209</load_address>
         <run_address>0x13209</run_address>
         <size>0x319</size>
         <input_file_ref idref="fl-e5"/>
      </object_component>
      <object_component id="oc-30b">
         <name>.debug_info</name>
         <load_address>0x13522</load_address>
         <run_address>0x13522</run_address>
         <size>0x1e1</size>
         <input_file_ref idref="fl-e5"/>
      </object_component>
      <object_component id="oc-36c">
         <name>.debug_info</name>
         <load_address>0x13703</load_address>
         <run_address>0x13703</run_address>
         <size>0x38c</size>
         <input_file_ref idref="fl-e6"/>
      </object_component>
      <object_component id="oc-336">
         <name>.debug_info</name>
         <load_address>0x13a8f</load_address>
         <run_address>0x13a8f</run_address>
         <size>0x18a</size>
         <input_file_ref idref="fl-e6"/>
      </object_component>
      <object_component id="oc-34e">
         <name>.debug_info</name>
         <load_address>0x13c19</load_address>
         <run_address>0x13c19</run_address>
         <size>0x369</size>
         <input_file_ref idref="fl-e7"/>
      </object_component>
      <object_component id="oc-30e">
         <name>.debug_info</name>
         <load_address>0x13f82</load_address>
         <run_address>0x13f82</run_address>
         <size>0x200</size>
         <input_file_ref idref="fl-e7"/>
      </object_component>
      <object_component id="oc-3e7">
         <name>.debug_info</name>
         <load_address>0x14182</load_address>
         <run_address>0x14182</run_address>
         <size>0x368</size>
         <input_file_ref idref="fl-e8"/>
      </object_component>
      <object_component id="oc-399">
         <name>.debug_info</name>
         <load_address>0x144ea</load_address>
         <run_address>0x144ea</run_address>
         <size>0x1b1</size>
         <input_file_ref idref="fl-e8"/>
      </object_component>
      <object_component id="oc-3ed">
         <name>.debug_info</name>
         <load_address>0x1469b</load_address>
         <run_address>0x1469b</run_address>
         <size>0x36d</size>
         <input_file_ref idref="fl-e9"/>
      </object_component>
      <object_component id="oc-3ae">
         <name>.debug_info</name>
         <load_address>0x14a08</load_address>
         <run_address>0x14a08</run_address>
         <size>0x205</size>
         <input_file_ref idref="fl-e9"/>
      </object_component>
      <object_component id="oc-3e3">
         <name>.debug_info</name>
         <load_address>0x14c0d</load_address>
         <run_address>0x14c0d</run_address>
         <size>0x398</size>
         <input_file_ref idref="fl-ea"/>
      </object_component>
      <object_component id="oc-396">
         <name>.debug_info</name>
         <load_address>0x14fa5</load_address>
         <run_address>0x14fa5</run_address>
         <size>0x201</size>
[...]
         <value>0x20000830</value>
         <object_component_ref idref="oc-15c"/>
      </symbol>
      <symbol id="sm-26c">
         <name>_unlock</name>
         <value>0x20000834</value>
         <object_component_ref idref="oc-15c"/>
      </symbol>
      <symbol id="sm-299">
         <name>printf</name>
         <value>0x3181</value>
         <object_component_ref idref="oc-bc"/>
      </symbol>
      <symbol id="sm-2c0">
         <name>sprintf</name>
         <value>0x37b5</value>
         <object_component_ref idref="oc-b6"/>
      </symbol>
      <symbol id="sm-2cf">
         <name>__aeabi_memset</name>
         <value>0x2e73</value>
         <object_component_ref idref="oc-91"/>
      </symbol>
      <symbol id="sm-2d0">
         <name>memset</name>
         <value>0x2e79</value>
         <object_component_ref idref="oc-91"/>
      </symbol>
      <symbol id="sm-2d1">
         <name>__aeabi_memset8</name>
         <value>0x2e73</value>
         <object_component_ref idref="oc-91"/>
      </symbol>
      <symbol id="sm-2d2">
         <name>__aeabi_memset4</name>
         <value>0x2e73</value>
         <object_component_ref idref="oc-91"/>
      </symbol>
      <symbol id="sm-2d3">
         <name>__aeabi_memclr8</name>
         <value>0x2e71</value>
         <object_component_ref idref="oc-91"/>
      </symbol>
      <symbol id="sm-2d4">
         <name>__aeabi_memclr4</name>
         <value>0x2e71</value>
         <object_component_ref idref="oc-91"/>
      </symbol>
      <symbol id="sm-2d5">
         <name>__aeabi_memclr</name>
         <value>0x2e71</value>
         <object_component_ref idref="oc-91"/>
      </symbol>
      <symbol id="sm-2f0">
         <name>memcpy</name>
         <value>0x2ba7</value>
         <object_component_ref idref="oc-37"/>
      </symbol>
      <symbol id="sm-2f1">
         <name>__aeabi_memcpy</name>
         <value>0x2ba7</value>
         <object_component_ref idref="oc-37"/>
      </symbol>
      <symbol id="sm-2f2">
         <name>__aeabi_memcpy8</name>
         <value>0x2ba7</value>
         <object_component_ref idref="oc-37"/>
      </symbol>
      <symbol id="sm-2f3">
         <name>__aeabi_memcpy4</name>
         <value>0x2ba7</value>
         <object_component_ref idref="oc-37"/>
      </symbol>
      <symbol id="sm-31b">
         <name>__TI_auto_init_nobinit_nopinit</name>
         <value>0x372d</value>
         <object_component_ref idref="oc-104"/>
      </symbol>
      <symbol id="sm-325">
         <name>_system_pre_init</name>
         <value>0x3bd5</value>
         <object_component_ref idref="oc-97"/>
      </symbol>
      <symbol id="sm-48b">
         <name>__TI_printfi</name>
         <value>0xf01</value>
         <object_component_ref idref="oc-143"/>
      </symbol>
      <symbol id="sm-4a1">
         <name>atoi</name>
         <value>0x35c9</value>
         <object_component_ref idref="oc-19a"/>
      </symbol>
      <symbol id="sm-4ac">
         <name>_ctypes_</name>
         <value>0x3bdc</value>
         <object_component_ref idref="oc-221"/>
      </symbol>
      <symbol id="sm-4c1">
         <name>__TI_tmpnams</name>
         <value>0x20000520</value>
      </symbol>
      <symbol id="sm-4c2">
         <name>__aeabi_stdout</name>
         <value>0x20000810</value>
         <object_component_ref idref="oc-38c"/>
      </symbol>
      <symbol id="sm-4c3">
         <name>__aeabi_stderr</name>
         <value>0x20000814</value>
         <object_component_ref idref="oc-38c"/>
      </symbol>
      <symbol id="sm-4c4">
         <name>__aeabi_stdin</name>
         <value>0x2000080c</value>
         <object_component_ref idref="oc-38c"/>
      </symbol>
      <symbol id="sm-4c5">
         <name>_ftable</name>
         <value>0x20000630</value>
         <object_component_ref idref="oc-15f"/>
      </symbol>
      <symbol id="sm-4c6">
         <name>__TI_ft_end</name>
         <value>0x20000808</value>
         <object_component_ref idref="oc-38c"/>
      </symbol>
      <symbol id="sm-4db">
         <name>putc</name>
         <value>0x2cd9</value>
         <object_component_ref idref="oc-1fa"/>
      </symbol>
      <symbol id="sm-4dc">
         <name>fputc</name>
         <value>0x2cd9</value>
         <object_component_ref idref="oc-1fa"/>
      </symbol>
      <symbol id="sm-4fa">
         <name>fputs</name>
         <value>0x2621</value>
         <object_component_ref idref="oc-1f3"/>
      </symbol>
      <symbol id="sm-509">
         <name>ltoa</name>
         <value>0x34d7</value>
         <object_component_ref idref="oc-241"/>
      </symbol>
      <symbol id="sm-519">
         <name>memccpy</name>
         <value>0x3add</value>
         <object_component_ref idref="oc-1c3"/>
      </symbol>
      <symbol id="sm-529">
         <name>memchr</name>
         <value>0x3abd</value>
         <object_component_ref idref="oc-2a9"/>
      </symbol>
      <symbol id="sm-539">
         <name>strchr</name>
         <value>0x3b29</value>
         <object_component_ref idref="oc-278"/>
      </symbol>
      <symbol id="sm-547">
         <name>strlen</name>
         <value>0x3b67</value>
         <object_component_ref idref="oc-194"/>
      </symbol>
      <symbol id="sm-56d">
         <name>_stream</name>
         <value>0x20000798</value>
         <object_component_ref idref="oc-319"/>
      </symbol>
      <symbol id="sm-56e">
         <name>_device</name>
         <value>0x20000720</value>
         <object_component_ref idref="oc-35a"/>
      </symbol>
      <symbol id="sm-56f">
         <name>write</name>
         <value>0x3a95</value>
         <object_component_ref idref="oc-2b5"/>
      </symbol>
      <symbol id="sm-58f">
         <name>frexpl</name>
         <value>0x31e9</value>
         <object_component_ref idref="oc-26c"/>
      </symbol>
      <symbol id="sm-590">
         <name>frexp</name>
         <value>0x31e9</value>
         <object_component_ref idref="oc-26c"/>
      </symbol>
      <symbol id="sm-5ad">
         <name>scalbn</name>
         <value>0x2735</value>
         <object_component_ref idref="oc-272"/>
      </symbol>
      <symbol id="sm-5ae">
         <name>scalbnl</name>
         <value>0x2735</value>
         <object_component_ref idref="oc-272"/>
      </symbol>
      <symbol id="sm-5af">
         <name>ldexpl</name>
         <value>0x2735</value>
         <object_component_ref idref="oc-272"/>
      </symbol>
      <symbol id="sm-5b0">
         <name>ldexp</name>
         <value>0x2735</value>
         <object_component_ref idref="oc-272"/>
      </symbol>
      <symbol id="sm-5ba">
         <name>copysign</name>
         <value>0x3b3f</value>
         <object_component_ref idref="oc-2eb"/>
      </symbol>
      <symbol id="sm-5bb">
         <name>copysignl</name>
         <value>0x3b3f</value>
         <object_component_ref idref="oc-2eb"/>
      </symbol>
      <symbol id="sm-5d4">
         <name>wcslen</name>
         <value>0x3b8d</value>
         <object_component_ref idref="oc-1c9"/>
      </symbol>
      <symbol id="sm-5eb">
         <name>__aeabi_dsub</name>
         <value>0x20d5</value>
         <object_component_ref idref="oc-24c"/>
      </symbol>
      <symbol id="sm-5ec">
         <name>__aeabi_dadd</name>
         <value>0x20df</value>
         <object_component_ref idref="oc-24c"/>
      </symbol>
      <symbol id="sm-60e">
         <name>__aeabi_cdcmpeq</name>
         <value>0x2d65</value>
         <object_component_ref idref="oc-1a6"/>
      </symbol>
      <symbol id="sm-60f">
         <name>__aeabi_cdcmple</name>
         <value>0x2d65</value>
         <object_component_ref idref="oc-1a6"/>
      </symbol>
      <symbol id="sm-610">
         <name>__aeabi_cdrcmple</name>
         <value>0x2deb</value>
         <object_component_ref idref="oc-237"/>
      </symbol>
      <symbol id="sm-624">
         <name>__aeabi_ddiv</name>
         <value>0x23c9</value>
         <object_component_ref idref="oc-232"/>
      </symbol>
      <symbol id="sm-62f">
         <name>__aeabi_dmul</name>
         <value>0x2845</value>
         <object_component_ref idref="oc-22d"/>
      </symbol>
      <symbol id="sm-639">
         <name>__aeabi_d2iz</name>
         <value>0x365d</value>
         <object_component_ref idref="oc-23c"/>
      </symbol>
      <symbol id="sm-643">
         <name>__aeabi_i2d</name>
         <value>0x39e9</value>
         <object_component_ref idref="oc-247"/>
      </symbol>
      <symbol id="sm-650">
         <name>__aeabi_uldivmod</name>
         <value>0x2c43</value>
         <object_component_ref idref="oc-226"/>
      </symbol>
      <symbol id="sm-666">
         <name>__aeabi_errno_addr</name>
         <value>0x3bc5</value>
         <object_component_ref idref="oc-1cf"/>
      </symbol>
      <symbol id="sm-667">
         <name>errno</name>
         <value>0x20000838</value>
         <object_component_ref idref="oc-288"/>
      </symbol>
      <symbol id="sm-67f">
         <name>__TI_wrt_ok</name>
         <value>0x32b1</value>
         <object_component_ref idref="oc-2a3"/>
      </symbol>
      <symbol id="sm-68f">
         <name>__TI_doflush</name>
         <value>0x357d</value>
         <object_component_ref idref="oc-2af"/>
      </symbol>
      <symbol id="sm-6a1">
         <name>fseek</name>
         <value>0x324d</value>
         <object_component_ref idref="oc-307"/>
      </symbol>
      <symbol id="sm-6b1">
         <name>lseek</name>
         <value>0x3a45</value>
         <object_component_ref idref="oc-333"/>
      </symbol>
      <symbol id="sm-6cd">
         <name>setvbuf</name>
         <value>0x2941</value>
         <object_component_ref idref="oc-30d"/>
      </symbol>
      <symbol id="sm-6de">
         <name>HOSTclose</name>
         <value>0x36a5</value>
         <object_component_ref idref="oc-398"/>
      </symbol>
      <symbol id="sm-6ef">
         <name>HOSTlseek</name>
         <value>0x3049</value>
         <object_component_ref idref="oc-3aa"/>
      </symbol>
      <symbol id="sm-701">
         <name>parmbuf</name>
         <value>0x20000624</value>
      </symbol>
      <symbol id="sm-702">
         <name>HOSTopen</name>
         <value>0x3315</value>
         <object_component_ref idref="oc-392"/>
      </symbol>
      <symbol id="sm-713">
         <name>HOSTread</name>
         <value>0x33d1</value>
         <object_component_ref idref="oc-39e"/>
      </symbol>
      <symbol id="sm-724">
         <name>HOSTrename</name>
         <value>0x30b1</value>
         <object_component_ref idref="oc-3b6"/>
      </symbol>
      <symbol id="sm-735">
         <name>HOSTunlink</name>
         <value>0x36e9</value>
         <object_component_ref idref="oc-3b0"/>
      </symbol>
      <symbol id="sm-746">
         <name>HOSTwrite</name>
         <value>0x3429</value>
         <object_component_ref idref="oc-3a4"/>
      </symbol>
      <symbol id="sm-76a">
         <name>__TI_readmsg</name>
         <value>0x3985</value>
         <object_component_ref idref="oc-3dc"/>
      </symbol>
      <symbol id="sm-76b">
         <name>C$$IO$$</name>
         <value>0x389f</value>
         <object_component_ref idref="oc-3d6"/>
      </symbol>
      <symbol id="sm-76c">
         <name>__CIOBUF_</name>
         <value>0x20000400</value>
         <object_component_ref idref="oc-404"/>
      </symbol>
      <symbol id="sm-76d">
         <name>__TI_writemsg</name>
         <value>0x3871</value>
         <object_component_ref idref="oc-3d6"/>
      </symbol>
      <symbol id="sm-777">
         <name>__aeabi_idiv0</name>
         <value>0x228b</value>
         <object_component_ref idref="oc-2d2"/>
      </symbol>
      <symbol id="sm-778">
         <name>__aeabi_ldiv0</name>
         <value>0x228b</value>
         <object_component_ref idref="oc-2d2"/>
      </symbol>
      <symbol id="sm-7f3">
         <name>_sys_memory</name>
         <value>0x20000000</value>
         <object_component_ref idref="oc-29"/>
      </symbol>
      <symbol id="sm-7f4">
         <name>free</name>
         <value>0x2a1d</value>
         <object_component_ref idref="oc-33b"/>
      </symbol>
      <symbol id="sm-7f5">
         <name>malloc</name>
         <value>0x2eed</value>
         <object_component_ref idref="oc-341"/>
      </symbol>
      <symbol id="sm-7f6">
         <name>minit</name>
         <value>0x38e1</value>
         <object_component_ref idref="oc-36f"/>
      </symbol>
      <symbol id="sm-806">
         <name>__TI_cleanup</name>
         <value>0x3951</value>
         <object_component_ref idref="oc-347"/>
      </symbol>
      <symbol id="sm-815">
         <name>strcpy</name>
         <value>0x3b53</value>
         <object_component_ref idref="oc-3f0"/>
      </symbol>
      <symbol id="sm-82a">
         <name>__TI_closefile</name>
         <value>0x2f65</value>
         <object_component_ref idref="oc-386"/>
      </symbol>
      <symbol id="sm-84d">
         <name>finddevice</name>
         <value>0x39b9</value>
         <object_component_ref idref="oc-422"/>
      </symbol>
      <symbol id="sm-84e">
         <name>getdevice</name>
         <value>0x3771</value>
         <object_component_ref idref="oc-3fa"/>
      </symbol>
      <symbol id="sm-85e">
         <name>strcmp</name>
         <value>0x3b11</value>
         <object_component_ref idref="oc-439"/>
      </symbol>
      <symbol id="sm-86e">
         <name>strncpy</name>
         <value>0x3919</value>
         <object_component_ref idref="oc-41c"/>
      </symbol>
      <symbol id="sm-87e">
         <name>unlink</name>
         <value>0x3a19</value>
         <object_component_ref idref="oc-3cb"/>
      </symbol>
      <symbol id="sm-892">
         <name>close</name>
         <value>0x3375</value>
         <object_component_ref idref="oc-3c5"/>
      </symbol>
      <symbol id="sm-893">
         <name>__TI_static_base__</name>
         <value>0x0</value>
      </symbol>
      <symbol id="sm-896">
         <name>__mpu_init</name>
         <value>0x0</value>
      </symbol>
      <symbol id="sm-897">
         <name>_system_post_cinit</name>
         <value>0x0</value>
      </symbol>
      <symbol id="sm-898">
         <name>NMI_Handler</name>
         <value>0x3bb9</value>
      </symbol>
      <symbol id="sm-899">
         <name>HardFault_Handler</name>
         <value>0x3bb9</value>
      </symbol>
      <symbol id="sm-89a">
         <name>MemManage_Handler</name>
         <value>0x3bb9</value>
      </symbol>
      <symbol id="sm-89b">
         <name>BusFault_Handler</name>
         <value>0x3bb9</value>
      </symbol>
      <symbol id="sm-89c">
         <name>UsageFault_Handler</name>
         <value>0x3bb9</value>
      </symbol>
      <symbol id="sm-89d">
         <name>SVC_Handler</name>
         <value>0x3bb9</value>
      </symbol>
      <symbol id="sm-89e">
         <name>DebugMon_Handler</name>
         <value>0x3bb9</value>
      </symbol>
      <symbol id="sm-89f">
         <name>PendSV_Handler</name>
         <value>0x3bb9</value>
      </symbol>
      <symbol id="sm-8a0">
         <name>SysTick_Handler</name>
         <value>0x3bb9</value>
      </symbol>
      <symbol id="sm-8a1">
         <name>PSS_IRQHandler</name>
         <value>0x3bb9</value>
      </symbol>
      <symbol id="sm-8a2">
         <name>CS_IRQHandler</name>
         <value>0x3bb9</value>
      </symbol>
      <symbol id="sm-8a3">
         <name>PCM_IRQHandler</name>
         <value>0x3bb9</value>
      </symbol>
      <symbol id="sm-8a4">
         <name>WDT_A_IRQHandler</name>
         <value>0x3bb9</value>
      </symbol>
      <symbol id="sm-8a5">
         <name>FPU_IRQHandler</name>
         <value>0x3bb9</value>
      </symbol>
      <symbol id="sm-8a6">
         <name>FLCTL_IRQHandler</name>
         <value>0x3bb9</value>
      </symbol>
      <symbol id="sm-8a7">
         <name>COMP_E0_IRQHandler</name>
         <value>0x3bb9</value>
      </symbol>
      <symbol id="sm-8a8">
         <name>COMP_E1_IRQHandler</name>
         <value>0x3bb9</value>
      </symbol>
      <symbol id="sm-8a9">
         <name>TA0_0_IRQHandler</name>
         <value>0x3bb9</value>
      </symbol>
      <symbol id="sm-8aa">
         <name>TA0_N_IRQHandler</name>
         <value>0x3bb9</value>
      </symbol>
      <symbol id="sm-8ab">
         <name>TA1_0_IRQHandler</name>
         <value>0x3bb9</value>
      </symbol>
      <symbol id="sm-8ac">
         <name>TA1_N_IRQHandler</name>
         <value>0x3bb9</value>
      </symbol>
      <symbol id="sm-8ad">
         <name>TA2_0_IRQHandler</name>
         <value>0x3bb9</value>
      </symbol>
      <symbol id="sm-8ae">
         <name>TA2_N_IRQHandler</name>
         <value>0x3bb9</value>
      </symbol>
      <symbol id="sm-8af">
         <name>TA3_0_IRQHandler</name>
         <value>0x3bb9</value>
      </symbol>
      <symbol id="sm-8b0">
         <name>TA3_N_IRQHandler</name>
         <value>0x3bb9</value>
      </symbol>
      <symbol id="sm-8b1">
         <name>EUSCIA0_IRQHandler</name>
         <value>0xd49</value>
      </symbol>
      <symbol id="sm-8b2">
         <name>EUSCIA1_IRQHandler</name>
         <value>0x3bb9</value>
      </symbol>
      <symbol id="sm-8b3">
         <name>EUSCIA2_IRQHandler</name>
         <value>0x3bb9</value>
      </symbol>
      <symbol id="sm-8b4">
         <name>EUSCIA3_IRQHandler</name>
         <value>0x3bb9</value>
      </symbol>
      <symbol id="sm-8b5">
         <name>EUSCIB0_IRQHandler</name>
         <value>0x3bb9</value>
      </symbol>
      <symbol id="sm-8b6">
         <name>EUSCIB1_IRQHandler</name>
         <value>0x3bb9</value>
      </symbol>
      <symbol id="sm-8b7">
         <name>EUSCIB2_IRQHandler</name>
         <value>0x3bb9</value>
      </symbol>
      <symbol id="sm-8b8">
         <name>EUSCIB3_IRQHandler</name>
         <value>0x3bb9</value>
      </symbol>
      <symbol id="sm-8b9">
         <name>ADC14_IRQHandler</name>
         <value>0x3bb9</value>
      </symbol>
      <symbol id="sm-8ba">
         <name>T32_INT1_IRQHandler</name>
         <value>0x3bb9</value>
      </symbol>
      <symbol id="sm-8bb">
         <name>T32_INT2_IRQHandler</name>
         <value>0x3bb9</value>
      </symbol>
      <symbol id="sm-8bc">
         <name>T32_INTC_IRQHandler</name>
         <value>0x3bb9</value>
      </symbol>
      <symbol id="sm-8bd">
         <name>AES256_IRQHandler</name>
         <value>0x3bb9</value>
      </symbol>
      <symbol id="sm-8be">
         <name>RTC_C_IRQHandler</name>
         <value>0x9f5</value>
      </symbol>
      <symbol id="sm-8bf">
         <name>DMA_ERR_IRQHandler</name>
         <value>0x3bb9</value>
      </symbol>
      <symbol id="sm-8c0">
         <name>DMA_INT3_IRQHandler</name>
         <value>0x3bb9</value>
      </symbol>
      <symbol id="sm-8c1">
         <name>DMA_INT2_IRQHandler</name>
         <value>0x3bb9</value>
      </symbol>
      <symbol id="sm-8c2">
         <name>DMA_INT1_IRQHandler</name>
         <value>0x3bb9</value>
      </symbol>
      <symbol id="sm-8c3">
         <name>DMA_INT0_IRQHandler</name>
         <value>0x3bb9</value>
      </symbol>
      <symbol id="sm-8c4">
         <name>PORT1_IRQHandler</name>
         <value>0x3bb9</value>
      </symbol>
      <symbol id="sm-8c5">
         <name>PORT2_IRQHandler</name>
         <value>0x3bb9</value>
      </symbol>
      <symbol id="sm-8c6">
         <name>PORT3_IRQHandler</name>
         <value>0x3bb9</value>
      </symbol>
      <symbol id="sm-8c7">
         <name>PORT4_IRQHandler</name>
         <value>0x3bb9</value>
      </symbol>
      <symbol id="sm-8c8">
         <name>PORT5_IRQHandler</name>
         <value>0x3bb9</value>
      </symbol>
      <symbol id="sm-8c9">
         <name>PORT6_IRQHandler</name>
         <value>0x3bb9</value>
      </symbol>
      <symbol id="sm-8ca">
         <name>remove</name>
         <value>0x3a19</value>
      </symbol>
   </symbol_table>
   <title>Link successful</title>
</link_info>
